Archive member included because of file (symbol)

/usr/lib/gcc/avr/4.7.2/avr35/libgcc.a(_mulhi3.o)
                              lufa-LUFA-140302/LUFA/Drivers/USB/Class/Common/HIDParser.o (__mulhi3)
/usr/lib/gcc/avr/4.7.2/avr35/libgcc.a(_udivmodsi4.o)
                              Lib/CDC.o (__udivmodsi4)
/usr/lib/gcc/avr/4.7.2/avr35/libgcc.a(_exit.o)
                              /usr/lib/gcc/avr/4.7.2/../../../avr/lib/avr35/crtm16u2.o (exit)
/usr/lib/gcc/avr/4.7.2/avr35/libgcc.a(_copy_data.o)
                              Lib/HID.o (__do_copy_data)
/usr/lib/gcc/avr/4.7.2/avr35/libgcc.a(_clear_bss.o)
                              Lib/Ram.o (__do_clear_bss)
/usr/lib/gcc/avr/4.7.2/../../../avr/lib/avr35/libc.a(memcpy_P.o)
                              lufa-LUFA-140302/LUFA/Drivers/USB/Class/Device/RNDISClassDevice.o (memcpy_P)
/usr/lib/gcc/avr/4.7.2/../../../avr/lib/avr35/libc.a(memcmp.o)
                              lufa-LUFA-140302/LUFA/Drivers/USB/Class/Device/HIDClassDevice.o (memcmp)
/usr/lib/gcc/avr/4.7.2/../../../avr/lib/avr35/libc.a(memcpy.o)
                              Lib/HID.o (memcpy)
/usr/lib/gcc/avr/4.7.2/../../../avr/lib/avr35/libc.a(memset.o)
                              Hoodloader.o (memset)
/usr/lib/gcc/avr/4.7.2/../../../avr/lib/avr35/libc.a(iob.o)
                              lufa-LUFA-140302/LUFA/Drivers/Peripheral/AVR8/Serial_AVR8.o (__iob)
/usr/lib/gcc/avr/4.7.2/../../../avr/lib/avr35/libc.a(eerd_byte_atmega16u2.o)
                              lufa-LUFA-140302/LUFA/Drivers/USB/Core/AVR8/EndpointStream_AVR8.o (__eerd_byte_m16u2)
/usr/lib/gcc/avr/4.7.2/../../../avr/lib/avr35/libc.a(eeupd_byte_atmega16u2.o)
                              lufa-LUFA-140302/LUFA/Drivers/USB/Core/AVR8/EndpointStream_AVR8.o (__eeupd_byte_m16u2)

Allocating common symbols
Common symbol       size              file

USB_IsInitialized   0x1               lufa-LUFA-140302/LUFA/Drivers/USB/Core/USBTask.o
USB_DeviceState     0x1               lufa-LUFA-140302/LUFA/Drivers/USB/Core/USBTask.o
USB_Device_ConfigurationNumber
                    0x1               lufa-LUFA-140302/LUFA/Drivers/USB/Core/DeviceStandardReq.o
USB_Device_CurrentlySelfPowered
                    0x1               lufa-LUFA-140302/LUFA/Drivers/USB/Core/DeviceStandardReq.o
USARTSerialStream   0xe               lufa-LUFA-140302/LUFA/Drivers/Peripheral/AVR8/Serial_AVR8.o
USB_ControlRequest  0x8               lufa-LUFA-140302/LUFA/Drivers/USB/Core/USBTask.o
ram                 0x10e             Lib/Ram.o
USB_Device_RemoteWakeupEnabled
                    0x1               lufa-LUFA-140302/LUFA/Drivers/USB/Core/DeviceStandardReq.o
__iob               0x6               /usr/lib/gcc/avr/4.7.2/../../../avr/lib/avr35/libc.a(iob.o)

Discarded input sections

 .data          0x00000000        0x0 /usr/lib/gcc/avr/4.7.2/../../../avr/lib/avr35/crtm16u2.o
 .bss           0x00000000        0x0 /usr/lib/gcc/avr/4.7.2/../../../avr/lib/avr35/crtm16u2.o
 .text          0x00000000        0x0 Hoodloader.o
 .data          0x00000000        0x0 Hoodloader.o
 .bss           0x00000000        0x0 Hoodloader.o
 .text          0x00000000        0x0 Descriptors.o
 .data          0x00000000        0x0 Descriptors.o
 .bss           0x00000000        0x0 Descriptors.o
 .text          0x00000000        0x0 Lib/HID.o
 .bss           0x00000000        0x0 Lib/HID.o
 .text.clearHIDReport
                0x00000000       0x48 Lib/HID.o
 .text.clearHIDReports
                0x00000000       0x34 Lib/HID.o
 .text          0x00000000        0x0 Lib/Ram.o
 .data          0x00000000        0x0 Lib/Ram.o
 .bss           0x00000000        0x0 Lib/Ram.o
 .text          0x00000000        0x0 Lib/ISP.o
 .data          0x00000000        0x0 Lib/ISP.o
 .bss           0x00000000        0x0 Lib/ISP.o
 .text.delayMicroseconds
                0x00000000       0x14 Lib/ISP.o
 .text.delay    0x00000000       0x4a Lib/ISP.o
 .text          0x00000000        0x0 Lib/NHP.o
 .data          0x00000000        0x0 Lib/NHP.o
 .bss           0x00000000        0x0 Lib/NHP.o
 .text.NHPwrite
                0x00000000       0x3c Lib/NHP.o
 .text          0x00000000        0x0 Lib/CDC.o
 .bss           0x00000000        0x0 Lib/CDC.o
 .text          0x00000000        0x0 lufa-LUFA-140302/LUFA/Drivers/Peripheral/AVR8/Serial_AVR8.o
 .data          0x00000000        0x0 lufa-LUFA-140302/LUFA/Drivers/Peripheral/AVR8/Serial_AVR8.o
 .bss           0x00000000        0x0 lufa-LUFA-140302/LUFA/Drivers/Peripheral/AVR8/Serial_AVR8.o
 .text.Serial_putchar
                0x00000000       0x12 lufa-LUFA-140302/LUFA/Drivers/Peripheral/AVR8/Serial_AVR8.o
 .text.Serial_getchar
                0x00000000       0x26 lufa-LUFA-140302/LUFA/Drivers/Peripheral/AVR8/Serial_AVR8.o
 .text.Serial_getchar_Blocking
                0x00000000       0x20 lufa-LUFA-140302/LUFA/Drivers/Peripheral/AVR8/Serial_AVR8.o
 .text.Serial_SendString_P
[...]
Memory Configuration

Name             Origin             Length             Attributes
text             0x00000000         0x00010000         xr
data             0x00800060         0x0000ffa0         rw !x
eeprom           0x00810000         0x00010000         rw !x
fuse             0x00820000         0x00000400         rw !x
lock             0x00830000         0x00000400         rw !x
signature        0x00840000         0x00000400         rw !x
*default*        0x00000000         0xffffffff

Linker script and memory map

Address of section .data set to 0x800100
LOAD /usr/lib/gcc/avr/4.7.2/../../../avr/lib/avr35/crtm16u2.o
LOAD Hoodloader.o
LOAD Descriptors.o
LOAD Lib/HID.o
LOAD Lib/Ram.o
LOAD Lib/ISP.o
LOAD Lib/NHP.o
LOAD Lib/CDC.o
LOAD lufa-LUFA-140302/LUFA/Drivers/Peripheral/AVR8/Serial_AVR8.o
LOAD lufa-LUFA-140302/LUFA/Drivers/USB/Class/Common/HIDParser.o
LOAD lufa-LUFA-140302/LUFA/Drivers/USB/Core/AVR8/Device_AVR8.o
LOAD lufa-LUFA-140302/LUFA/Drivers/USB/Core/AVR8/EndpointStream_AVR8.o
LOAD lufa-LUFA-140302/LUFA/Drivers/USB/Core/AVR8/Endpoint_AVR8.o
LOAD lufa-LUFA-140302/LUFA/Drivers/USB/Core/AVR8/Host_AVR8.o
LOAD lufa-LUFA-140302/LUFA/Drivers/USB/Core/AVR8/PipeStream_AVR8.o
LOAD lufa-LUFA-140302/LUFA/Drivers/USB/Core/AVR8/Pipe_AVR8.o
LOAD lufa-LUFA-140302/LUFA/Drivers/USB/Core/AVR8/USBController_AVR8.o
LOAD lufa-LUFA-140302/LUFA/Drivers/USB/Core/AVR8/USBInterrupt_AVR8.o
LOAD lufa-LUFA-140302/LUFA/Drivers/USB/Core/ConfigDescriptors.o
LOAD lufa-LUFA-140302/LUFA/Drivers/USB/Core/DeviceStandardReq.o
LOAD lufa-LUFA-140302/LUFA/Drivers/USB/Core/Events.o
LOAD lufa-LUFA-140302/LUFA/Drivers/USB/Core/HostStandardReq.o
LOAD lufa-LUFA-140302/LUFA/Drivers/USB/Core/USBTask.o
LOAD lufa-LUFA-140302/LUFA/Drivers/USB/Class/Device/AudioClassDevice.o
LOAD lufa-LUFA-140302/LUFA/Drivers/USB/Class/Device/CDCClassDevice.o
LOAD lufa-LUFA-140302/LUFA/Drivers/USB/Class/Device/HIDClassDevice.o
LOAD lufa-LUFA-140302/LUFA/Drivers/USB/Class/Device/MassStorageClassDevice.o
LOAD lufa-LUFA-140302/LUFA/Drivers/USB/Class/Device/MIDIClassDevice.o
LOAD lufa-LUFA-140302/LUFA/Drivers/USB/Class/Device/PrinterClassDevice.o
LOAD lufa-LUFA-140302/LUFA/Drivers/USB/Class/Device/RNDISClassDevice.o
LOAD lufa-LUFA-140302/LUFA/Drivers/USB/Class/Host/AndroidAccessoryClassHost.o
LOAD lufa-LUFA-140302/LUFA/Drivers/USB/Class/Host/AudioClassHost.o
LOAD lufa-LUFA-140302/LUFA/Drivers/USB/Class/Host/CDCClassHost.o
LOAD lufa-LUFA-140302/LUFA/Drivers/USB/Class/Host/HIDClassHost.o
LOAD lufa-LUFA-140302/LUFA/Drivers/USB/Class/Host/MassStorageClassHost.o
LOAD lufa-LUFA-140302/LUFA/Drivers/USB/Class/Host/MIDIClassHost.o
LOAD lufa-LUFA-140302/LUFA/Drivers/USB/Class/Host/PrinterClassHost.o
LOAD lufa-LUFA-140302/LUFA/Drivers/USB/Class/Host/RNDISClassHost.o
LOAD lufa-LUFA-140302/LUFA/Drivers/USB/Class/Host/StillImageClassHost.o
LOAD /usr/lib/gcc/avr/4.7.2/../../../avr/lib/avr35/libm.a
LOAD /usr/lib/gcc/avr/4.7.2/avr35/libgcc.a
LOAD /usr/lib/gcc/avr/4.7.2/../../../avr/lib/avr35/libc.a
LOAD /usr/lib/gcc/avr/4.7.2/avr35/libgcc.a

.hash
 *(.hash)

.dynsym
 *(.dynsym)

.dynstr
 *(.dynstr)

.gnu.version
 *(.gnu.version)

.gnu.version_d
 *(.gnu.version_d)

.gnu.version_r
 *(.gnu.version_r)

.rel.init
 *(.rel.init)

.rela.init
 *(.rela.init)

.rel.text
 *(.rel.text)
 *(.rel.text.*)
 *(.rel.gnu.linkonce.t*)

.rela.text
 *(.rela.text)
 *(.rela.text.*)
 *(.rela.gnu.linkonce.t*)

.rel.fini
 *(.rel.fini)

.rela.fini
 *(.rela.fini)

.rel.rodata
 *(.rel.rodata)
 *(.rel.rodata.*)
 *(.rel.gnu.linkonce.r*)

.rela.rodata
 *(.rela.rodata)
 *(.rela.rodata.*)
 *(.rela.gnu.linkonce.r*)

.rel.data
 *(.rel.data)
 *(.rel.data.*)
 *(.rel.gnu.linkonce.d*)

.rela.data
 *(.rela.data)
 *(.rela.data.*)
 *(.rela.gnu.linkonce.d*)

.rel.ctors
 *(.rel.ctors)

.rela.ctors
 *(.rela.ctors)

.rel.dtors
 *(.rel.dtors)

.rela.dtors
 *(.rela.dtors)

.rel.got
 *(.rel.got)

.rela.got
 *(.rela.got)

.rel.bss
 *(.rel.bss)

.rela.bss
 *(.rela.bss)

.rel.plt
 *(.rel.plt)

.rela.plt
 *(.rela.plt)

.text           0x00000000     0x25bc
 *(.vectors)
 .vectors       0x00000000       0x74 /usr/lib/gcc/avr/4.7.2/../../../avr/lib/avr35/crtm16u2.o
                0x00000000                __vectors
                0x00000000                __vector_default
 *(.vectors)
 *(.progmem.gcc*)
 *(.progmem*)
 .progmem.data  0x00000074      0x273 Descriptors.o
                0x00000074                ProductString
                0x000000a6                ManufacturerString
                0x000000ba                LanguageString
                0x000000be                ConfigurationDescriptor
                0x0000011d                DeviceDescriptor
                0x0000012f                HIDReport
                0x000002e8                . = ALIGN (0x2)
 *fill*         0x000002e7        0x1 00
                0x000002e8                __trampolines_start = .
 *(.trampolines)
 .trampolines   0x000002e8        0x0 linker stubs
 *(.trampolines*)
                0x000002e8                __trampolines_end = .
 *(.jumptables)
 *(.jumptables*)
 *(.lowtext)
 *(.lowtext*)
                0x000002e8                __ctors_start = .
 *(.ctors)
                0x000002e8                __ctors_end = .
                0x000002e8                __dtors_start = .
 *(.dtors)
                0x000002e8                __dtors_end = .
 SORT(*)(.ctors)
 SORT(*)(.dtors)
 *(.init0)
 .init0         0x000002e8        0x0 /usr/lib/gcc/avr/4.7.2/../../../avr/lib/avr35/crtm16u2.o
                0x000002e8                __init
 *(.init0)
 *(.init1)
 *(.init1)
 *(.init2)
 .init2         0x000002e8        0xc /usr/lib/gcc/avr/4.7.2/../../../avr/lib/avr35/crtm16u2.o
 *(.init2)
 *(.init3)
 *(.init3)
 *(.init4)
 .init4         0x000002f4       0x16 /usr/lib/gcc/avr/4.7.2/avr35/libgcc.a(_copy_data.o)
                0x000002f4                __do_copy_data
 .init4         0x0000030a       0x10 /usr/lib/gcc/avr/4.7.2/avr35/libgcc.a(_clear_bss.o)
                0x0000030a                __do_clear_bss
 *(.init4)
 *(.init5)
 *(.init5)
 *(.init6)
 *(.init6)
 *(.init7)
 *(.init7)
 *(.init8)
 *(.init8)
 *(.init9)
 .init9         0x0000031a        0x6 /usr/lib/gcc/avr/4.7.2/../../../avr/lib/avr35/crtm16u2.o
 *(.init9)
 *(.text)
 .text          0x00000320        0x2 /usr/lib/gcc/avr/4.7.2/../../../avr/lib/avr35/crtm16u2.o
                0x00000320                __vector_22
                0x00000320                __vector_28
                0x00000320                __vector_1
                0x00000320                __vector_24
                0x00000320                __bad_interrupt
                0x00000320                __vector_6
                0x00000320                __vector_3
                0x00000320                __vector_25
                0x00000320                __vector_13
                0x00000320                __vector_17
                0x00000320                __vector_19
                0x00000320                __vector_7
                0x00000320                __vector_27
                0x00000320                __vector_5
                0x00000320                __vector_4
                0x00000320                __vector_9
                0x00000320                __vector_2
                0x00000320                __vector_21
                0x00000320                __vector_15
                0x00000320                __vector_8
                0x00000320                __vector_26
                0x00000320                __vector_14
                0x00000320                __vector_10
                0x00000320                __vector_16
                0x00000320                __vector_18
                0x00000320                __vector_20
                0x00000322                . = ALIGN (0x2)
 *(.text.*)
 .text.SetupHardware
                0x00000322       0x76 Hoodloader.o
                0x00000322                SetupHardware
 .text.selectMode
                0x00000398       0xc0 Hoodloader.o
                0x00000398                selectMode
 .text.startup.main
                0x00000458      0x1ba Hoodloader.o
                0x00000458                main
 .text.EVENT_USB_Device_Connect
                0x00000612        0x2 Hoodloader.o
                0x00000612                EVENT_USB_Device_Connect
 .text.EVENT_USB_Device_Disconnect
                0x00000614        0x2 Hoodloader.o
                0x00000614                EVENT_USB_Device_Disconnect
 .text.EVENT_USB_Device_ConfigurationChanged
                0x00000616       0x1c Hoodloader.o
                0x00000616                EVENT_USB_Device_ConfigurationChanged
 .text.__vector_23
                0x00000632       0x80 Hoodloader.o
                0x00000632                __vector_23
 .text.EVENT_USB_Device_ControlRequest
                0x000006b2       0x10 Hoodloader.o
                0x000006b2                EVENT_USB_Device_ControlRequest
 .text.EVENT_USB_Device_StartOfFrame
                0x000006c2       0x18 Hoodloader.o
                0x000006c2                EVENT_USB_Device_StartOfFrame
 .text.CALLBACK_USB_GetDescriptor
                0x000006da       0xa2 Descriptors.o
                0x000006da                CALLBACK_USB_GetDescriptor
 .text.CALLBACK_HID_Device_CreateHIDReport
                0x0000077c       0x74 Lib/HID.o
                0x0000077c                CALLBACK_HID_Device_CreateHIDReport
 .text.CALLBACK_HID_Device_ProcessHIDReport
                0x000007f0       0x24 Lib/HID.o
                0x000007f0                CALLBACK_HID_Device_ProcessHIDReport
 .text.flushHID
                0x00000814       0x20 Lib/HID.o
                0x00000814                flushHID
 .text.getHIDReportLength
                0x00000834       0x18 Lib/HID.o
                0x00000834                getHIDReportLength
 .text.writeToCDC
                0x0000084c       0x2a Lib/HID.o
                0x0000084c                writeToCDC
 .text.checkNHPControlAddressError
                0x00000876       0x54 Lib/HID.o
                0x00000876                checkNHPControlAddressError
 .text.checkNHPProtocol
                0x000008ca       0xfe Lib/HID.o
                0x000008ca                checkNHPProtocol
 .text.LEDs_TurnOnLEDs
                0x000009c8        0xa Lib/ISP.o
 .text.sendCDCbyte
                0x000009d2       0x4a Lib/ISP.o
                0x000009d2                sendCDCbyte
 .text.getch    0x00000a1c        0xe Lib/ISP.o
                0x00000a1c                getch
 .text.fill     0x00000a2a       0x36 Lib/ISP.o
                0x00000a2a                fill
 .text.set_parameters
                0x00000a60       0x2e Lib/ISP.o
                0x00000a60                set_parameters
 .text.breply   0x00000a8e       0x32 Lib/ISP.o
                0x00000a8e                breply
 .text.get_parameters
                0x00000ac0       0x2a Lib/ISP.o
                0x00000ac0                get_parameters
 .text.replyOK  0x00000aea       0x68 Lib/ISP.o
                0x00000aea                replyOK
 .text.spi_init
                0x00000b52        0xa Lib/ISP.o
                0x00000b52                spi_init
 .text.spi_wait
                0x00000b5c        0x8 Lib/ISP.o
                0x00000b5c                spi_wait
 .text.spi_send
                0x00000b64        0x8 Lib/ISP.o
                0x00000b64                spi_send
 .text.spi_transaction
                0x00000b6c       0x30 Lib/ISP.o
                0x00000b6c                spi_transaction
 .text.start_pmode
                0x00000b9c       0x4c Lib/ISP.o
                0x00000b9c                start_pmode
 .text.flash_read
                0x00000be8       0x10 Lib/ISP.o
                0x00000be8                flash_read
 .text.flash_read_page
                0x00000bf8       0x54 Lib/ISP.o
                0x00000bf8                flash_read_page
 .text.universal
                0x00000c4c       0x1a Lib/ISP.o
                0x00000c4c                universal
 .text.read_signature
                0x00000c66       0x48 Lib/ISP.o
                0x00000c66                read_signature
 .text.end_pmode
                0x00000cae       0x14 Lib/ISP.o
                0x00000cae                end_pmode
 .text.write_eeprom_chunk
                0x00000cc2       0x72 Lib/ISP.o
                0x00000cc2                write_eeprom_chunk
 .text.write_eeprom
                0x00000d34       0x62 Lib/ISP.o
                0x00000d34                write_eeprom
 .text.eeprom_read_page
                0x00000d96       0x48 Lib/ISP.o
                0x00000d96                eeprom_read_page
 .text.read_page
                0x00000dde       0x5c Lib/ISP.o
                0x00000dde                read_page
 .text.commit   0x00000e3a       0x22 Lib/ISP.o
                0x00000e3a                commit
 .text.current_page
                0x00000e5c       0x3a Lib/ISP.o
                0x00000e5c                current_page
 .text.flash    0x00000e96       0x12 Lib/ISP.o
                0x00000e96                flash
 .text.write_flash_pages
                0x00000ea8       0x8c Lib/ISP.o
                0x00000ea8                write_flash_pages
 .text.write_flash
                0x00000f34       0x32 Lib/ISP.o
                0x00000f34                write_flash
 .text.program_page
                0x00000f66       0x7c Lib/ISP.o
                0x00000f66                program_page
 .text.avrisp   0x00000fe2      0x198 Lib/ISP.o
                0x00000fe2                avrisp
 .text.NHPread  0x0000117a      0x138 Lib/NHP.o
                0x0000117a                NHPread
 .text.NHPreadChecksum
                0x000012b2       0x46 Lib/NHP.o
                0x000012b2                NHPreadChecksum
 .text.NHPwriteChecksum
                0x000012f8       0x84 Lib/NHP.o
                0x000012f8                NHPwriteChecksum
 .text.EVENT_CDC_Device_LineEncodingChanged
                0x0000137c       0xb8 Lib/CDC.o
                0x0000137c                EVENT_CDC_Device_LineEncodingChanged
 .text.EVENT_CDC_Device_ControLineStateChanged
                0x00001434       0x16 Lib/CDC.o
                0x00001434                EVENT_CDC_Device_ControLineStateChanged
 .text.Serial_SendData
                0x0000144a       0x20 lufa-LUFA-140302/LUFA/Drivers/Peripheral/AVR8/Serial_AVR8.o
                0x0000144a                Serial_SendData
 .text.Endpoint_Write_Stream_LE
                0x0000146a       0x9a lufa-LUFA-140302/LUFA/Drivers/USB/Core/AVR8/EndpointStream_AVR8.o
                0x0000146a                Endpoint_Write_Stream_LE
 .text.Endpoint_Write_Control_Stream_LE
                0x00001504       0xc0 lufa-LUFA-140302/LUFA/Drivers/USB/Core/AVR8/EndpointStream_AVR8.o
                0x00001504                Endpoint_Write_Control_Stream_LE
 .text.Endpoint_Read_Control_Stream_LE
                0x000015c4       0x80 lufa-LUFA-140302/LUFA/Drivers/USB/Core/AVR8/EndpointStream_AVR8.o
                0x000015c4                Endpoint_Read_Control_Stream_LE
 .text.Endpoint_Write_Control_PStream_LE
                0x00001644       0xc2 lufa-LUFA-140302/LUFA/Drivers/USB/Core/AVR8/EndpointStream_AVR8.o
                0x00001644                Endpoint_Write_Control_PStream_LE
 .text.Endpoint_ConfigureEndpoint_Prv
                0x00001706       0x6e lufa-LUFA-140302/LUFA/Drivers/USB/Core/AVR8/Endpoint_AVR8.o
                0x00001706                Endpoint_ConfigureEndpoint_Prv
 .text.Endpoint_ConfigureEndpointTable
                0x00001774       0x7c lufa-LUFA-140302/LUFA/Drivers/USB/Core/AVR8/Endpoint_AVR8.o
                0x00001774                Endpoint_ConfigureEndpointTable
 .text.Endpoint_ClearStatusStage
                0x000017f0       0x42 lufa-LUFA-140302/LUFA/Drivers/USB/Core/AVR8/Endpoint_AVR8.o
                0x000017f0                Endpoint_ClearStatusStage
 .text.Endpoint_WaitUntilReady
                0x00001832       0x64 lufa-LUFA-140302/LUFA/Drivers/USB/Core/AVR8/Endpoint_AVR8.o
                0x00001832                Endpoint_WaitUntilReady
 .text.USB_ResetInterface
                0x00001896       0x72 lufa-LUFA-140302/LUFA/Drivers/USB/Core/AVR8/USBController_AVR8.o
                0x00001896                USB_ResetInterface
 .text.USB_Init
                0x00001908       0x12 lufa-LUFA-140302/LUFA/Drivers/USB/Core/AVR8/USBController_AVR8.o
                0x00001908                USB_Init
 .text.USB_INT_DisableAllInterrupts
                0x0000191a        0x6 lufa-LUFA-140302/LUFA/Drivers/USB/Core/AVR8/USBInterrupt_AVR8.o
                0x0000191a                USB_INT_DisableAllInterrupts
 .text.USB_INT_ClearAllInterrupts
                0x00001920        0x6 lufa-LUFA-140302/LUFA/Drivers/USB/Core/AVR8/USBInterrupt_AVR8.o
                0x00001920                USB_INT_ClearAllInterrupts
 .text.__vector_11
                0x00001926      0x158 lufa-LUFA-140302/LUFA/Drivers/USB/Core/AVR8/USBInterrupt_AVR8.o
                0x00001926                __vector_11
 .text.__vector_12
                0x00001a7e       0x86 lufa-LUFA-140302/LUFA/Drivers/USB/Core/AVR8/USBInterrupt_AVR8.o
                0x00001a7e                __vector_12
 .text.USB_Device_ProcessControlRequest
                0x00001b04      0x2c8 lufa-LUFA-140302/LUFA/Drivers/USB/Core/DeviceStandardReq.o
                0x00001b04                USB_Device_ProcessControlRequest
 .text.USB_Event_Stub
                0x00001dcc        0x2 lufa-LUFA-140302/LUFA/Drivers/USB/Core/Events.o
                0x00001dcc                EVENT_USB_Device_WakeUp
                0x00001dcc                USB_Event_Stub
                0x00001dcc                EVENT_USB_Device_Suspend
                0x00001dcc                EVENT_USB_Device_Reset
 .text.USB_USBTask
                0x00001dce       0x38 lufa-LUFA-140302/LUFA/Drivers/USB/Core/USBTask.o
                0x00001dce                USB_USBTask
 .text.CDC_Device_ConfigureEndpoints
                0x00001e06       0x4a lufa-LUFA-140302/LUFA/Drivers/USB/Class/Device/CDCClassDevice.o
                0x00001e06                CDC_Device_ConfigureEndpoints
 .text.CDC_Device_SendData
                0x00001e50       0x3c lufa-LUFA-140302/LUFA/Drivers/USB/Class/Device/CDCClassDevice.o
                0x00001e50                CDC_Device_SendData
 .text.CDC_Device_SendByte
                0x00001e8c       0x4e lufa-LUFA-140302/LUFA/Drivers/USB/Class/Device/CDCClassDevice.o
                0x00001e8c                CDC_Device_SendByte
 .text.CDC_Device_Flush
                0x00001eda       0x56 lufa-LUFA-140302/LUFA/Drivers/USB/Class/Device/CDCClassDevice.o
                0x00001eda                CDC_Device_Flush
 .text.CDC_Device_USBTask
                0x00001f30       0x2c lufa-LUFA-140302/LUFA/Drivers/USB/Class/Device/CDCClassDevice.o
                0x00001f30                CDC_Device_USBTask
 .text.CDC_Device_ReceiveByte
                0x00001f5c       0x5a lufa-LUFA-140302/LUFA/Drivers/USB/Class/Device/CDCClassDevice.o
                0x00001f5c                CDC_Device_ReceiveByte
 .text.CDC_Device_Event_Stub
                0x00001fb6        0x2 lufa-LUFA-140302/LUFA/Drivers/USB/Class/Device/CDCClassDevice.o
                0x00001fb6                EVENT_CDC_Device_BreakSent
                0x00001fb6                CDC_Device_Event_Stub
 .text.CDC_Device_ProcessControlRequest
                0x00001fb8      0x162 lufa-LUFA-140302/LUFA/Drivers/USB/Class/Device/CDCClassDevice.o
                0x00001fb8                CDC_Device_ProcessControlRequest
 .text.HID_Device_ProcessControlRequest
                0x0000211a      0x26e lufa-LUFA-140302/LUFA/Drivers/USB/Class/Device/HIDClassDevice.o
                0x0000211a                HID_Device_ProcessControlRequest
 .text.HID_Device_ConfigureEndpoints
                0x00002388       0x2a lufa-LUFA-140302/LUFA/Drivers/USB/Class/Device/HIDClassDevice.o
                0x00002388                HID_Device_ConfigureEndpoints
 .text.HID_Device_USBTask
                0x000023b2      0x188 lufa-LUFA-140302/LUFA/Drivers/USB/Class/Device/HIDClassDevice.o
                0x000023b2                HID_Device_USBTask
 .text.libgcc.div
                0x0000253a       0x44 /usr/lib/gcc/avr/4.7.2/avr35/libgcc.a(_udivmodsi4.o)
                0x0000253a                __udivmodsi4
 .text.avr-libc
                0x0000257e       0x1a /usr/lib/gcc/avr/4.7.2/../../../avr/lib/avr35/libc.a(memcmp.o)
                0x0000257e                memcmp
 .text.avr-libc
                0x00002598       0x12 /usr/lib/gcc/avr/4.7.2/../../../avr/lib/avr35/libc.a(memcpy.o)
                0x00002598                memcpy
 .text.avr-libc
                0x000025aa        0xe /usr/lib/gcc/avr/4.7.2/../../../avr/lib/avr35/libc.a(memset.o)
                0x000025aa                memset
                0x000025b8                . = ALIGN (0x2)
 *(.fini9)
 .fini9         0x000025b8        0x0 /usr/lib/gcc/avr/4.7.2/avr35/libgcc.a(_exit.o)
                0x000025b8                exit
                0x000025b8                _exit
 *(.fini9)
 *(.fini8)
 *(.fini8)
 *(.fini7)
 *(.fini7)
 *(.fini6)
 *(.fini6)
 *(.fini5)
 *(.fini5)
 *(.fini4)
 *(.fini4)
 *(.fini3)
 *(.fini3)
 *(.fini2)
 *(.fini2)
 *(.fini1)
 *(.fini1)
 *(.fini0)
 .fini0         0x000025b8        0x4 /usr/lib/gcc/avr/4.7.2/avr35/libgcc.a(_exit.o)
 *(.fini0)
                0x000025bc                _etext = .

.data           0x00800100       0x36 load address 0x000025bc
                0x00800100                PROVIDE (__data_start, .)
 *(.data)
 .data          0x00800100       0x10 Lib/HID.o
                0x00800100                Device_HID_Interface
 .data          0x00800110       0x1b Lib/CDC.o
                0x00800110                VirtualSerial_CDC_Interface
 *(.data*)
 *(.rodata)
 .rodata        0x0080012b        0x9 Lib/HID.o
 .rodata        0x00800134        0x2 Lib/CDC.o
 *(.rodata*)
 *(.gnu.linkonce.d*)
                0x00800136                . = ALIGN (0x2)
                0x00800136                _edata = .
                0x00800136                PROVIDE (__data_end, .)

.bss            0x00800136      0x11b
                0x00800136                PROVIDE (__bss_start, .)
 *(.bss)
 *(.bss*)
 *(COMMON)
 COMMON         0x00800136      0x10e Lib/Ram.o
                0x00800136                ram
 COMMON         0x00800244        0x3 lufa-LUFA-140302/LUFA/Drivers/USB/Core/DeviceStandardReq.o
                0x00800244                USB_Device_ConfigurationNumber
                0x00800245                USB_Device_CurrentlySelfPowered
                0x00800246                USB_Device_RemoteWakeupEnabled
 COMMON         0x00800247        0xa lufa-LUFA-140302/LUFA/Drivers/USB/Core/USBTask.o
                0x00800247                USB_IsInitialized
                0x00800248                USB_DeviceState
                0x00800249                USB_ControlRequest
                0x00800251                PROVIDE (__bss_end, .)
                0x000025bc                __data_load_start = LOADADDR (.data)
                0x000025f2                __data_load_end = (__data_load_start + SIZEOF (.data))

.noinit         0x00800251        0x0
                0x00800251                PROVIDE (__noinit_start, .)
 *(.noinit*)
                0x00800251                PROVIDE (__noinit_end, .)
                0x00800251                _end = .
                0x00800251                PROVIDE (__heap_start, .)

.eeprom         0x00810000        0x0
 *(.eeprom*)
                0x00810000                __eeprom_end = .

.fuse
 *(.fuse)
 *(.lfuse)
 *(.hfuse)
 *(.efuse)

.lock
 *(.lock*)

.signature
 *(.signature*)

.stab           0x00000000      0xd98
 *(.stab)
 .stab          0x00000000      0x6cc /usr/lib/gcc/avr/4.7.2/../../../avr/lib/avr35/crtm16u2.o
 .stab          0x000006cc       0x84 /usr/lib/gcc/avr/4.7.2/../../../avr/lib/avr35/libc.a(memcpy_P.o)
                                 0x90 (size before relaxing)
 .stab          0x00000750       0xb4 /usr/lib/gcc/avr/4.7.2/../../../avr/lib/avr35/libc.a(memcmp.o)
                                 0xc0 (size before relaxing)
 .stab          0x00000804       0x84 /usr/lib/gcc/avr/4.7.2/../../../avr/lib/avr35/libc.a(memcpy.o)
                                 0x90 (size before relaxing)
 .stab          0x00000888       0x6c /usr/lib/gcc/avr/4.7.2/../../../avr/lib/avr35/libc.a(memset.o)
                                 0x78 (size before relaxing)
 .stab          0x000008f4      0x300 /usr/lib/gcc/avr/4.7.2/../../../avr/lib/avr35/libc.a(iob.o)
                                0x30c (size before relaxing)
 .stab          0x00000bf4       0x90 /usr/lib/gcc/avr/4.7.2/../../../avr/lib/avr35/libc.a(eerd_byte_atmega16u2.o)
                                 0x9c (size before relaxing)
 .stab          0x00000c84      0x114 /usr/lib/gcc/avr/4.7.2/../../../avr/lib/avr35/libc.a(eeupd_byte_atmega16u2.o)
                                0x120 (size before relaxing)

.stabstr        0x00000000      0x91f
 *(.stabstr)
 .stabstr       0x00000000      0x91f /usr/lib/gcc/avr/4.7.2/../../../avr/lib/avr35/crtm16u2.o

.stab.excl
 *(.stab.excl)

.stab.exclstr
 *(.stab.exclstr)

.stab.index
 *(.stab.index)

.stab.indexstr
 *(.stab.indexstr)

.comment        0x00000000       0x22
 *(.comment)
 .comment       0x00000000       0x11 Hoodloader.o
                                 0x12 (size before relaxing)
 .comment       0x00000000       0x12 Descriptors.o
 .comment       0x00000000       0x12 Lib/HID.o
 .comment       0x00000000       0x12 Lib/Ram.o
 .comment       0x00000000       0x12 Lib/ISP.o
 .comment       0x00000000       0x12 Lib/NHP.o
 .comment       0x00000000       0x12 Lib/CDC.o
 .comment       0x00000000       0x12 lufa-LUFA-140302/LUFA/Drivers/Peripheral/AVR8/Serial_AVR8.o
 .comment       0x00000000       0x12 lufa-LUFA-140302/LUFA/Drivers/USB/Class/Common/HIDParser.o
 .comment       0x00000000       0x12 lufa-LUFA-140302/LUFA/Drivers/USB/Core/AVR8/Device_AVR8.o
 .comment       0x00000000       0x12 lufa-LUFA-140302/LUFA/Drivers/USB/Core/AVR8/EndpointStream_AVR8.o
 .comment       0x00000000       0x12 lufa-LUFA-140302/LUFA/Drivers/USB/Core/AVR8/Endpoint_AVR8.o
 .comment       0x00000000       0x12 lufa-LUFA-140302/LUFA/Drivers/USB/Core/AVR8/Host_AVR8.o
 .comment       0x00000000       0x12 lufa-LUFA-140302/LUFA/Drivers/USB/Core/AVR8/PipeStream_AVR8.o
 .comment       0x00000000       0x12 lufa-LUFA-140302/LUFA/Drivers/USB/Core/AVR8/Pipe_AVR8.o
 .comment       0x00000000       0x12 lufa-LUFA-140302/LUFA/Drivers/USB/Core/AVR8/USBController_AVR8.o
 .comment       0x00000000       0x12 lufa-LUFA-140302/LUFA/Drivers/USB/Core/AVR8/USBInterrupt_AVR8.o
 .comment       0x00000000       0x12 lufa-LUFA-140302/LUFA/Drivers/USB/Core/ConfigDescriptors.o
 .comment       0x00000000       0x12 lufa-LUFA-140302/LUFA/Drivers/USB/Core/DeviceStandardReq.o
 .comment       0x00000000       0x12 lufa-LUFA-140302/LUFA/Drivers/USB/Core/Events.o
 .comment       0x00000000       0x12 lufa-LUFA-140302/LUFA/Drivers/USB/Core/HostStandardReq.o
 .comment       0x00000000       0x12 lufa-LUFA-140302/LUFA/Drivers/USB/Core/USBTask.o
 .comment       0x00000000       0x12 lufa-LUFA-140302/LUFA/Drivers/USB/Class/Device/AudioClassDevice.o
 .comment       0x00000000       0x12 lufa-LUFA-140302/LUFA/Drivers/USB/Class/Device/CDCClassDevice.o
 .comment       0x00000000       0x12 lufa-LUFA-140302/LUFA/Drivers/USB/Class/Device/HIDClassDevice.o
 .comment       0x00000000       0x12 lufa-LUFA-140302/LUFA/Drivers/USB/Class/Device/MassStorageClassDevice.o
 .comment       0x00000000       0x12 lufa-LUFA-140302/LUFA/Drivers/USB/Class/Device/MIDIClassDevice.o
 .comment       0x00000000       0x12 lufa-LUFA-140302/LUFA/Drivers/USB/Class/Device/PrinterClassDevice.o
 .comment       0x00000000       0x12 lufa-LUFA-140302/LUFA/Drivers/USB/Class/Device/RNDISClassDevice.o
 .comment       0x00000000       0x12 lufa-LUFA-140302/LUFA/Drivers/USB/Class/Host/AndroidAccessoryClassHost.o
 .comment       0x00000000       0x12 lufa-LUFA-140302/LUFA/Drivers/USB/Class/Host/AudioClassHost.o
 .comment       0x00000000       0x12 lufa-LUFA-140302/LUFA/Drivers/USB/Class/Host/CDCClassHost.o
 .comment       0x00000000       0x12 lufa-LUFA-140302/LUFA/Drivers/USB/Class/Host/HIDClassHost.o
 .comment       0x00000000       0x12 lufa-LUFA-140302/LUFA/Drivers/USB/Class/Host/MassStorageClassHost.o
 .comment       0x00000000       0x12 lufa-LUFA-140302/LUFA/Drivers/USB/Class/Host/MIDIClassHost.o
 .comment       0x00000000       0x12 lufa-LUFA-140302/LUFA/Drivers/USB/Class/Host/PrinterClassHost.o
 .comment       0x00000000       0x12 lufa-LUFA-140302/LUFA/Drivers/USB/Class/Host/RNDISClassHost.o
 .comment       0x00000000       0x12 lufa-LUFA-140302/LUFA/Drivers/USB/Class/Host/StillImageClassHost.o
 .comment       0x00000011       0x11 /usr/lib/gcc/avr/4.7.2/../../../avr/lib/avr35/libc.a(iob.o)
                                 0x12 (size before relaxing)

.debug
 *(.debug)

.line
 *(.line)

.debug_srcinfo
 *(.debug_srcinfo)

.debug_sfnames
 *(.debug_sfnames)

.debug_aranges  0x00000000      0x8a0
 *(.debug_aranges)
 .debug_aranges
                0x00000000       0x60 Hoodloader.o
 .debug_aranges
                0x00000060       0x20 Descriptors.o
 .debug_aranges
                0x00000080       0x60 Lib/HID.o
 .debug_aranges
                0x000000e0       0x18 Lib/Ram.o
 .debug_aranges
                0x000000f8      0x110 Lib/ISP.o
 .debug_aranges
                0x00000208       0x38 Lib/NHP.o
 .debug_aranges
                0x00000240       0x28 Lib/CDC.o
 .debug_aranges
                0x00000268       0x58 lufa-LUFA-140302/LUFA/Drivers/Peripheral/AVR8/Serial_AVR8.o
 .debug_aranges
                0x000002c0       0x38 lufa-LUFA-140302/LUFA/Drivers/USB/Class/Common/HIDParser.o
 .debug_aranges
                0x000002f8       0x20 lufa-LUFA-140302/LUFA/Drivers/USB/Core/AVR8/Device_AVR8.o
 .debug_aranges
                0x00000318       0xc8 lufa-LUFA-140302/LUFA/Drivers/USB/Core/AVR8/EndpointStream_AVR8.o
 .debug_aranges
                0x000003e0       0x40 lufa-LUFA-140302/LUFA/Drivers/USB/Core/AVR8/Endpoint_AVR8.o
 .debug_aranges
                0x00000420       0x18 lufa-LUFA-140302/LUFA/Drivers/USB/Core/AVR8/Host_AVR8.o
 .debug_aranges
                0x00000438       0x18 lufa-LUFA-140302/LUFA/Drivers/USB/Core/AVR8/PipeStream_AVR8.o
 .debug_aranges
                0x00000450       0x18 lufa-LUFA-140302/LUFA/Drivers/USB/Core/AVR8/Pipe_AVR8.o
 .debug_aranges
                0x00000468       0x30 lufa-LUFA-140302/LUFA/Drivers/USB/Core/AVR8/USBController_AVR8.o
 .debug_aranges
                0x00000498       0x38 lufa-LUFA-140302/LUFA/Drivers/USB/Core/AVR8/USBInterrupt_AVR8.o
 .debug_aranges
                0x000004d0       0x40 lufa-LUFA-140302/LUFA/Drivers/USB/Core/ConfigDescriptors.o
 .debug_aranges
                0x00000510       0x20 lufa-LUFA-140302/LUFA/Drivers/USB/Core/DeviceStandardReq.o
 .debug_aranges
                0x00000530       0x20 lufa-LUFA-140302/LUFA/Drivers/USB/Core/Events.o
 .debug_aranges
                0x00000550       0x18 lufa-LUFA-140302/LUFA/Drivers/USB/Core/HostStandardReq.o
 .debug_aranges
                0x00000568       0x20 lufa-LUFA-140302/LUFA/Drivers/USB/Core/USBTask.o
 .debug_aranges
                0x00000588       0x30 lufa-LUFA-140302/LUFA/Drivers/USB/Class/Device/AudioClassDevice.o
 .debug_aranges
                0x000005b8       0x98 lufa-LUFA-140302/LUFA/Drivers/USB/Class/Device/CDCClassDevice.o
 .debug_aranges
                0x00000650       0x30 lufa-LUFA-140302/LUFA/Drivers/USB/Class/Device/HIDClassDevice.o
 .debug_aranges
                0x00000680       0x30 lufa-LUFA-140302/LUFA/Drivers/USB/Class/Device/MassStorageClassDevice.o
 .debug_aranges
                0x000006b0       0x40 lufa-LUFA-140302/LUFA/Drivers/USB/Class/Device/MIDIClassDevice.o
 .debug_aranges
                0x000006f0       0x90 lufa-LUFA-140302/LUFA/Drivers/USB/Class/Device/PrinterClassDevice.o
 .debug_aranges
                0x00000780       0x48 lufa-LUFA-140302/LUFA/Drivers/USB/Class/Device/RNDISClassDevice.o
 .debug_aranges
                0x000007c8       0x18 lufa-LUFA-140302/LUFA/Drivers/USB/Class/Host/AndroidAccessoryClassHost.o
 .debug_aranges
                0x000007e0       0x18 lufa-LUFA-140302/LUFA/Drivers/USB/Class/Host/AudioClassHost.o
 .debug_aranges
                0x000007f8       0x18 lufa-LUFA-140302/LUFA/Drivers/USB/Class/Host/CDCClassHost.o
 .debug_aranges
                0x00000810       0x18 lufa-LUFA-140302/LUFA/Drivers/USB/Class/Host/HIDClassHost.o
 .debug_aranges
                0x00000828       0x18 lufa-LUFA-140302/LUFA/Drivers/USB/Class/Host/MassStorageClassHost.o
 .debug_aranges
                0x00000840       0x18 lufa-LUFA-140302/LUFA/Drivers/USB/Class/Host/MIDIClassHost.o
 .debug_aranges
                0x00000858       0x18 lufa-LUFA-140302/LUFA/Drivers/USB/Class/Host/PrinterClassHost.o
 .debug_aranges
                0x00000870       0x18 lufa-LUFA-140302/LUFA/Drivers/USB/Class/Host/RNDISClassHost.o
 .debug_aranges
                0x00000888       0x18 lufa-LUFA-140302/LUFA/Drivers/USB/Class/Host/StillImageClassHost.o

.debug_pubnames
 *(.debug_pubnames)

.debug_info     0x00000000     0xe122
 *(.debug_info)
 .debug_info    0x00000000     0x10ab Hoodloader.o
 .debug_info    0x000010ab      0x9e0 Descriptors.o
 .debug_info    0x00001a8b      0xbc1 Lib/HID.o
 .debug_info    0x0000264c      0x3c9 Lib/Ram.o
 .debug_info    0x00002a15     0x16bc Lib/ISP.o
 .debug_info    0x000040d1      0x33f Lib/NHP.o
 .debug_info    0x00004410      0x339 Lib/CDC.o
 .debug_info    0x00004749      0x441 lufa-LUFA-140302/LUFA/Drivers/Peripheral/AVR8/Serial_AVR8.o
 .debug_info    0x00004b8a      0x73a lufa-LUFA-140302/LUFA/Drivers/USB/Class/Common/HIDParser.o
 .debug_info    0x000052c4       0xd2 lufa-LUFA-140302/LUFA/Drivers/USB/Core/AVR8/Device_AVR8.o
 .debug_info    0x00005396     0x1746 lufa-LUFA-140302/LUFA/Drivers/USB/Core/AVR8/EndpointStream_AVR8.o
 .debug_info    0x00006adc      0x61b lufa-LUFA-140302/LUFA/Drivers/USB/Core/AVR8/Endpoint_AVR8.o
 .debug_info    0x000070f7       0x56 lufa-LUFA-140302/LUFA/Drivers/USB/Core/AVR8/Host_AVR8.o
 .debug_info    0x0000714d       0x56 lufa-LUFA-140302/LUFA/Drivers/USB/Core/AVR8/PipeStream_AVR8.o
 .debug_info    0x000071a3       0x56 lufa-LUFA-140302/LUFA/Drivers/USB/Core/AVR8/Pipe_AVR8.o
 .debug_info    0x000071f9      0x46a lufa-LUFA-140302/LUFA/Drivers/USB/Core/AVR8/USBController_AVR8.o
 .debug_info    0x00007663      0x70e lufa-LUFA-140302/LUFA/Drivers/USB/Core/AVR8/USBInterrupt_AVR8.o
 .debug_info    0x00007d71      0x3cd lufa-LUFA-140302/LUFA/Drivers/USB/Core/ConfigDescriptors.o
 .debug_info    0x0000813e      0xa54 lufa-LUFA-140302/LUFA/Drivers/USB/Core/DeviceStandardReq.o
 .debug_info    0x00008b92       0x78 lufa-LUFA-140302/LUFA/Drivers/USB/Core/Events.o
 .debug_info    0x00008c0a       0x56 lufa-LUFA-140302/LUFA/Drivers/USB/Core/HostStandardReq.o
 .debug_info    0x00008c60      0x26d lufa-LUFA-140302/LUFA/Drivers/USB/Core/USBTask.o
 .debug_info    0x00008ecd      0x8f0 lufa-LUFA-140302/LUFA/Drivers/USB/Class/Device/AudioClassDevice.o
 .debug_info    0x000097bd      0xe82 lufa-LUFA-140302/LUFA/Drivers/USB/Class/Device/CDCClassDevice.o
 .debug_info    0x0000a63f      0x9e1 lufa-LUFA-140302/LUFA/Drivers/USB/Class/Device/HIDClassDevice.o
 .debug_info    0x0000b020      0x957 lufa-LUFA-140302/LUFA/Drivers/USB/Class/Device/MassStorageClassDevice.o
 .debug_info    0x0000b977      0x631 lufa-LUFA-140302/LUFA/Drivers/USB/Class/Device/MIDIClassDevice.o
 .debug_info    0x0000bfa8      0xce5 lufa-LUFA-140302/LUFA/Drivers/USB/Class/Device/PrinterClassDevice.o
 .debug_info    0x0000cc8d     0x118f lufa-LUFA-140302/LUFA/Drivers/USB/Class/Device/RNDISClassDevice.o
 .debug_info    0x0000de1c       0x56 lufa-LUFA-140302/LUFA/Drivers/USB/Class/Host/AndroidAccessoryClassHost.o
 .debug_info    0x0000de72       0x56 lufa-LUFA-140302/LUFA/Drivers/USB/Class/Host/AudioClassHost.o
 .debug_info    0x0000dec8       0x56 lufa-LUFA-140302/LUFA/Drivers/USB/Class/Host/CDCClassHost.o
 .debug_info    0x0000df1e       0x56 lufa-LUFA-140302/LUFA/Drivers/USB/Class/Host/HIDClassHost.o
 .debug_info    0x0000df74       0x56 lufa-LUFA-140302/LUFA/Drivers/USB/Class/Host/MassStorageClassHost.o
 .debug_info    0x0000dfca       0x56 lufa-LUFA-140302/LUFA/Drivers/USB/Class/Host/MIDIClassHost.o
 .debug_info    0x0000e020       0x56 lufa-LUFA-140302/LUFA/Drivers/USB/Class/Host/PrinterClassHost.o
 .debug_info    0x0000e076       0x56 lufa-LUFA-140302/LUFA/Drivers/USB/Class/Host/RNDISClassHost.o
 .debug_info    0x0000e0cc       0x56 lufa-LUFA-140302/LUFA/Drivers/USB/Class/Host/StillImageClassHost.o
 *(.gnu.linkonce.wi.*)

.debug_abbrev   0x00000000     0x39e3
 *(.debug_abbrev)
 .debug_abbrev  0x00000000      0x430 Hoodloader.o
 .debug_abbrev  0x00000430      0x184 Descriptors.o
 .debug_abbrev  0x000005b4      0x36f Lib/HID.o
 .debug_abbrev  0x00000923       0xfb Lib/Ram.o
 .debug_abbrev  0x00000a1e      0x474 Lib/ISP.o
 .debug_abbrev  0x00000e92      0x142 Lib/NHP.o
 .debug_abbrev  0x00000fd4      0x160 Lib/CDC.o
 .debug_abbrev  0x00001134      0x1da lufa-LUFA-140302/LUFA/Drivers/Peripheral/AVR8/Serial_AVR8.o
 .debug_abbrev  0x0000130e      0x22b lufa-LUFA-140302/LUFA/Drivers/USB/Class/Common/HIDParser.o
 .debug_abbrev  0x00001539       0x80 lufa-LUFA-140302/LUFA/Drivers/USB/Core/AVR8/Device_AVR8.o
 .debug_abbrev  0x000015b9      0x21a lufa-LUFA-140302/LUFA/Drivers/USB/Core/AVR8/EndpointStream_AVR8.o
 .debug_abbrev  0x000017d3      0x222 lufa-LUFA-140302/LUFA/Drivers/USB/Core/AVR8/Endpoint_AVR8.o
 .debug_abbrev  0x000019f5       0x26 lufa-LUFA-140302/LUFA/Drivers/USB/Core/AVR8/Host_AVR8.o
 .debug_abbrev  0x00001a1b       0x26 lufa-LUFA-140302/LUFA/Drivers/USB/Core/AVR8/PipeStream_AVR8.o
 .debug_abbrev  0x00001a41       0x26 lufa-LUFA-140302/LUFA/Drivers/USB/Core/AVR8/Pipe_AVR8.o
 .debug_abbrev  0x00001a67      0x18d lufa-LUFA-140302/LUFA/Drivers/USB/Core/AVR8/USBController_AVR8.o
 .debug_abbrev  0x00001bf4      0x22f lufa-LUFA-140302/LUFA/Drivers/USB/Core/AVR8/USBInterrupt_AVR8.o
 .debug_abbrev  0x00001e23      0x183 lufa-LUFA-140302/LUFA/Drivers/USB/Core/ConfigDescriptors.o
 .debug_abbrev  0x00001fa6      0x2c7 lufa-LUFA-140302/LUFA/Drivers/USB/Core/DeviceStandardReq.o
 .debug_abbrev  0x0000226d       0x44 lufa-LUFA-140302/LUFA/Drivers/USB/Core/Events.o
 .debug_abbrev  0x000022b1       0x26 lufa-LUFA-140302/LUFA/Drivers/USB/Core/HostStandardReq.o
 .debug_abbrev  0x000022d7      0x16a lufa-LUFA-140302/LUFA/Drivers/USB/Core/USBTask.o
 .debug_abbrev  0x00002441      0x20a lufa-LUFA-140302/LUFA/Drivers/USB/Class/Device/AudioClassDevice.o
 .debug_abbrev  0x0000264b      0x41d lufa-LUFA-140302/LUFA/Drivers/USB/Class/Device/CDCClassDevice.o
 .debug_abbrev  0x00002a68      0x27f lufa-LUFA-140302/LUFA/Drivers/USB/Class/Device/HIDClassDevice.o
 .debug_abbrev  0x00002ce7      0x2af lufa-LUFA-140302/LUFA/Drivers/USB/Class/Device/MassStorageClassDevice.o
 .debug_abbrev  0x00002f96      0x245 lufa-LUFA-140302/LUFA/Drivers/USB/Class/Device/MIDIClassDevice.o
 .debug_abbrev  0x000031db      0x343 lufa-LUFA-140302/LUFA/Drivers/USB/Class/Device/PrinterClassDevice.o
 .debug_abbrev  0x0000351e      0x36f lufa-LUFA-140302/LUFA/Drivers/USB/Class/Device/RNDISClassDevice.o
 .debug_abbrev  0x0000388d       0x26 lufa-LUFA-140302/LUFA/Drivers/USB/Class/Host/AndroidAccessoryClassHost.o
 .debug_abbrev  0x000038b3       0x26 lufa-LUFA-140302/LUFA/Drivers/USB/Class/Host/AudioClassHost.o
 .debug_abbrev  0x000038d9       0x26 lufa-LUFA-140302/LUFA/Drivers/USB/Class/Host/CDCClassHost.o
 .debug_abbrev  0x000038ff       0x26 lufa-LUFA-140302/LUFA/Drivers/USB/Class/Host/HIDClassHost.o
 .debug_abbrev  0x00003925       0x26 lufa-LUFA-140302/LUFA/Drivers/USB/Class/Host/MassStorageClassHost.o
 .debug_abbrev  0x0000394b       0x26 lufa-LUFA-140302/LUFA/Drivers/USB/Class/Host/MIDIClassHost.o
 .debug_abbrev  0x00003971       0x26 lufa-LUFA-140302/LUFA/Drivers/USB/Class/Host/PrinterClassHost.o
 .debug_abbrev  0x00003997       0x26 lufa-LUFA-140302/LUFA/Drivers/USB/Class/Host/RNDISClassHost.o
 .debug_abbrev  0x000039bd       0x26 lufa-LUFA-140302/LUFA/Drivers/USB/Class/Host/StillImageClassHost.o

.debug_line     0x00000000     0x57fb
 *(.debug_line)
 .debug_line    0x00000000      0x623 Hoodloader.o
 .debug_line    0x00000623      0x1e4 Descriptors.o
 .debug_line    0x00000807      0x3ea Lib/HID.o
 .debug_line    0x00000bf1       0xf1 Lib/Ram.o
 .debug_line    0x00000ce2      0x70a Lib/ISP.o
 .debug_line    0x000013ec      0x11d Lib/NHP.o
 .debug_line    0x00001509      0x21c Lib/CDC.o
 .debug_line    0x00001725      0x200 lufa-LUFA-140302/LUFA/Drivers/Peripheral/AVR8/Serial_AVR8.o
 .debug_line    0x00001925      0x27c lufa-LUFA-140302/LUFA/Drivers/USB/Class/Common/HIDParser.o
 .debug_line    0x00001ba1      0x115 lufa-LUFA-140302/LUFA/Drivers/USB/Core/AVR8/Device_AVR8.o
 .debug_line    0x00001cb6      0xca5 lufa-LUFA-140302/LUFA/Drivers/USB/Core/AVR8/EndpointStream_AVR8.o
 .debug_line    0x0000295b      0x384 lufa-LUFA-140302/LUFA/Drivers/USB/Core/AVR8/Endpoint_AVR8.o
 .debug_line    0x00002cdf       0x1a lufa-LUFA-140302/LUFA/Drivers/USB/Core/AVR8/Host_AVR8.o
 .debug_line    0x00002cf9       0x1a lufa-LUFA-140302/LUFA/Drivers/USB/Core/AVR8/PipeStream_AVR8.o
 .debug_line    0x00002d13       0x1a lufa-LUFA-140302/LUFA/Drivers/USB/Core/AVR8/Pipe_AVR8.o
 .debug_line    0x00002d2d      0x27a lufa-LUFA-140302/LUFA/Drivers/USB/Core/AVR8/USBController_AVR8.o
 .debug_line    0x00002fa7      0x406 lufa-LUFA-140302/LUFA/Drivers/USB/Core/AVR8/USBInterrupt_AVR8.o
 .debug_line    0x000033ad      0x17b lufa-LUFA-140302/LUFA/Drivers/USB/Core/ConfigDescriptors.o
 .debug_line    0x00003528      0x33d lufa-LUFA-140302/LUFA/Drivers/USB/Core/DeviceStandardReq.o
 .debug_line    0x00003865       0x5c lufa-LUFA-140302/LUFA/Drivers/USB/Core/Events.o
 .debug_line    0x000038c1       0x1a lufa-LUFA-140302/LUFA/Drivers/USB/Core/HostStandardReq.o
 .debug_line    0x000038db      0x16b lufa-LUFA-140302/LUFA/Drivers/USB/Core/USBTask.o
 .debug_line    0x00003a46      0x317 lufa-LUFA-140302/LUFA/Drivers/USB/Class/Device/AudioClassDevice.o
 .debug_line    0x00003d5d      0x5b9 lufa-LUFA-140302/LUFA/Drivers/USB/Class/Device/CDCClassDevice.o
 .debug_line    0x00004316      0x3d1 lufa-LUFA-140302/LUFA/Drivers/USB/Class/Device/HIDClassDevice.o
 .debug_line    0x000046e7      0x3a2 lufa-LUFA-140302/LUFA/Drivers/USB/Class/Device/MassStorageClassDevice.o
 .debug_line    0x00004a89      0x30e lufa-LUFA-140302/LUFA/Drivers/USB/Class/Device/MIDIClassDevice.o
 .debug_line    0x00004d97      0x505 lufa-LUFA-140302/LUFA/Drivers/USB/Class/Device/PrinterClassDevice.o
 .debug_line    0x0000529c      0x475 lufa-LUFA-140302/LUFA/Drivers/USB/Class/Device/RNDISClassDevice.o
 .debug_line    0x00005711       0x1a lufa-LUFA-140302/LUFA/Drivers/USB/Class/Host/AndroidAccessoryClassHost.o
 .debug_line    0x0000572b       0x1a lufa-LUFA-140302/LUFA/Drivers/USB/Class/Host/AudioClassHost.o
 .debug_line    0x00005745       0x1a lufa-LUFA-140302/LUFA/Drivers/USB/Class/Host/CDCClassHost.o
 .debug_line    0x0000575f       0x1a lufa-LUFA-140302/LUFA/Drivers/USB/Class/Host/HIDClassHost.o
 .debug_line    0x00005779       0x1a lufa-LUFA-140302/LUFA/Drivers/USB/Class/Host/MassStorageClassHost.o
 .debug_line    0x00005793       0x1a lufa-LUFA-140302/LUFA/Drivers/USB/Class/Host/MIDIClassHost.o
 .debug_line    0x000057ad       0x1a lufa-LUFA-140302/LUFA/Drivers/USB/Class/Host/PrinterClassHost.o
 .debug_line    0x000057c7       0x1a lufa-LUFA-140302/LUFA/Drivers/USB/Class/Host/RNDISClassHost.o
 .debug_line    0x000057e1       0x1a lufa-LUFA-140302/LUFA/Drivers/USB/Class/Host/StillImageClassHost.o

.debug_frame    0x00000000     0x155c
 *(.debug_frame)
 .debug_frame   0x00000000       0xe4 Hoodloader.o
 .debug_frame   0x000000e4       0x24 Descriptors.o
 .debug_frame   0x00000108      0x100 Lib/HID.o
 .debug_frame   0x00000208      0x330 Lib/ISP.o
 .debug_frame   0x00000538       0x94 Lib/NHP.o
 .debug_frame   0x000005cc       0x44 Lib/CDC.o
 .debug_frame   0x00000610       0x94 lufa-LUFA-140302/LUFA/Drivers/Peripheral/AVR8/Serial_AVR8.o
 .debug_frame   0x000006a4      0x114 lufa-LUFA-140302/LUFA/Drivers/USB/Class/Common/HIDParser.o
 .debug_frame   0x000007b8       0x24 lufa-LUFA-140302/LUFA/Drivers/USB/Core/AVR8/Device_AVR8.o
 .debug_frame   0x000007dc      0x40c lufa-LUFA-140302/LUFA/Drivers/USB/Core/AVR8/EndpointStream_AVR8.o
 .debug_frame   0x00000be8       0x78 lufa-LUFA-140302/LUFA/Drivers/USB/Core/AVR8/Endpoint_AVR8.o
 .debug_frame   0x00000c60       0x44 lufa-LUFA-140302/LUFA/Drivers/USB/Core/AVR8/USBController_AVR8.o
 .debug_frame   0x00000ca4       0xe8 lufa-LUFA-140302/LUFA/Drivers/USB/Core/AVR8/USBInterrupt_AVR8.o
 .debug_frame   0x00000d8c      0x108 lufa-LUFA-140302/LUFA/Drivers/USB/Core/ConfigDescriptors.o
 .debug_frame   0x00000e94       0x3c lufa-LUFA-140302/LUFA/Drivers/USB/Core/DeviceStandardReq.o
 .debug_frame   0x00000ed0       0x24 lufa-LUFA-140302/LUFA/Drivers/USB/Core/Events.o
 .debug_frame   0x00000ef4       0x2c lufa-LUFA-140302/LUFA/Drivers/USB/Core/USBTask.o
 .debug_frame   0x00000f20       0xb0 lufa-LUFA-140302/LUFA/Drivers/USB/Class/Device/AudioClassDevice.o
 .debug_frame   0x00000fd0      0x168 lufa-LUFA-140302/LUFA/Drivers/USB/Class/Device/CDCClassDevice.o
 .debug_frame   0x00001138       0xe8 lufa-LUFA-140302/LUFA/Drivers/USB/Class/Device/HIDClassDevice.o
 .debug_frame   0x00001220       0x80 lufa-LUFA-140302/LUFA/Drivers/USB/Class/Device/MassStorageClassDevice.o
 .debug_frame   0x000012a0       0x70 lufa-LUFA-140302/LUFA/Drivers/USB/Class/Device/MIDIClassDevice.o
 .debug_frame   0x00001310      0x144 lufa-LUFA-140302/LUFA/Drivers/USB/Class/Device/PrinterClassDevice.o
 .debug_frame   0x00001454      0x108 lufa-LUFA-140302/LUFA/Drivers/USB/Class/Device/RNDISClassDevice.o

.debug_str      0x00000000     0x4930
 *(.debug_str)
 .debug_str     0x00000000      0x958 Hoodloader.o
                                0xa3e (size before relaxing)
 .debug_str     0x00000958      0xd7b Descriptors.o
                                0xef0 (size before relaxing)
 .debug_str     0x000016d3      0x174 Lib/HID.o
                                0x7ec (size before relaxing)
 .debug_str     0x00001847        0xa Lib/Ram.o
                                0x385 (size before relaxing)
 .debug_str     0x00001851      0x1b8 Lib/ISP.o
                                0x6c7 (size before relaxing)
 .debug_str     0x00001a09       0x52 Lib/NHP.o
                                0x1fd (size before relaxing)
 .debug_str     0x00001a5b      0x164 Lib/CDC.o
                                0x3eb (size before relaxing)
 .debug_str     0x00001bbf      0x13a lufa-LUFA-140302/LUFA/Drivers/Peripheral/AVR8/Serial_AVR8.o
                                0x269 (size before relaxing)
 .debug_str     0x00001cf9      0x481 lufa-LUFA-140302/LUFA/Drivers/USB/Class/Common/HIDParser.o
                                0x609 (size before relaxing)
 .debug_str     0x0000217a       0x82 lufa-LUFA-140302/LUFA/Drivers/USB/Core/AVR8/Device_AVR8.o
                                0x145 (size before relaxing)
 .debug_str     0x000021fc      0x5da lufa-LUFA-140302/LUFA/Drivers/USB/Core/AVR8/EndpointStream_AVR8.o
                                0x7a8 (size before relaxing)
 .debug_str     0x000027d6      0x205 lufa-LUFA-140302/LUFA/Drivers/USB/Core/AVR8/Endpoint_AVR8.o
                                0x567 (size before relaxing)
 .debug_str     0x000029db       0x38 lufa-LUFA-140302/LUFA/Drivers/USB/Core/AVR8/Host_AVR8.o
                                 0xe4 (size before relaxing)
 .debug_str     0x00002a13       0x3e lufa-LUFA-140302/LUFA/Drivers/USB/Core/AVR8/PipeStream_AVR8.o
                                 0xea (size before relaxing)
 .debug_str     0x00002a51       0x38 lufa-LUFA-140302/LUFA/Drivers/USB/Core/AVR8/Pipe_AVR8.o
                                 0xe4 (size before relaxing)
 .debug_str     0x00002a89      0x1d0 lufa-LUFA-140302/LUFA/Drivers/USB/Core/AVR8/USBController_AVR8.o
                                0x47d (size before relaxing)
 .debug_str     0x00002c59      0x11e lufa-LUFA-140302/LUFA/Drivers/USB/Core/AVR8/USBInterrupt_AVR8.o
                                0x4d2 (size before relaxing)
 .debug_str     0x00002d77      0x232 lufa-LUFA-140302/LUFA/Drivers/USB/Core/ConfigDescriptors.o
                                0x32d (size before relaxing)
 .debug_str     0x00002fa9      0x39c lufa-LUFA-140302/LUFA/Drivers/USB/Core/DeviceStandardReq.o
                                0x919 (size before relaxing)
 .debug_str     0x00003345       0x3f lufa-LUFA-140302/LUFA/Drivers/USB/Core/Events.o
                                 0xeb (size before relaxing)
 .debug_str     0x00003384       0x39 lufa-LUFA-140302/LUFA/Drivers/USB/Core/HostStandardReq.o
                                 0xe5 (size before relaxing)
 .debug_str     0x000033bd       0x4d lufa-LUFA-140302/LUFA/Drivers/USB/Core/USBTask.o
                                0x2cc (size before relaxing)
 .debug_str     0x0000340a      0x27f lufa-LUFA-140302/LUFA/Drivers/USB/Class/Device/AudioClassDevice.o
                                0x601 (size before relaxing)
 .debug_str     0x00003689      0x256 lufa-LUFA-140302/LUFA/Drivers/USB/Class/Device/CDCClassDevice.o
                                0x956 (size before relaxing)
 .debug_str     0x000038df      0x10b lufa-LUFA-140302/LUFA/Drivers/USB/Class/Device/HIDClassDevice.o
                                0x653 (size before relaxing)
 .debug_str     0x000039ea      0x26f lufa-LUFA-140302/LUFA/Drivers/USB/Class/Device/MassStorageClassDevice.o
                                0x74d (size before relaxing)
 .debug_str     0x00003c59      0x123 lufa-LUFA-140302/LUFA/Drivers/USB/Class/Device/MIDIClassDevice.o
                                0x5c2 (size before relaxing)
 .debug_str     0x00003d7c      0x277 lufa-LUFA-140302/LUFA/Drivers/USB/Class/Device/PrinterClassDevice.o
                                0x88b (size before relaxing)
 .debug_str     0x00003ff3      0x6fc lufa-LUFA-140302/LUFA/Drivers/USB/Class/Device/RNDISClassDevice.o
                                0xcb4 (size before relaxing)
 .debug_str     0x000046ef       0x49 lufa-LUFA-140302/LUFA/Drivers/USB/Class/Host/AndroidAccessoryClassHost.o
                                 0xf5 (size before relaxing)
 .debug_str     0x00004738       0x3e lufa-LUFA-140302/LUFA/Drivers/USB/Class/Host/AudioClassHost.o
                                 0xea (size before relaxing)
 .debug_str     0x00004776       0x3c lufa-LUFA-140302/LUFA/Drivers/USB/Class/Host/CDCClassHost.o
                                 0xe8 (size before relaxing)
 .debug_str     0x000047b2       0x3c lufa-LUFA-140302/LUFA/Drivers/USB/Class/Host/HIDClassHost.o
                                 0xe8 (size before relaxing)
 .debug_str     0x000047ee       0x44 lufa-LUFA-140302/LUFA/Drivers/USB/Class/Host/MassStorageClassHost.o
                                 0xf0 (size before relaxing)
 .debug_str     0x00004832       0x3d lufa-LUFA-140302/LUFA/Drivers/USB/Class/Host/MIDIClassHost.o
                                 0xe9 (size before relaxing)
 .debug_str     0x0000486f       0x40 lufa-LUFA-140302/LUFA/Drivers/USB/Class/Host/PrinterClassHost.o
                                 0xec (size before relaxing)
 .debug_str     0x000048af       0x3e lufa-LUFA-140302/LUFA/Drivers/USB/Class/Host/RNDISClassHost.o
                                 0xea (size before relaxing)
 .debug_str     0x000048ed       0x43 lufa-LUFA-140302/LUFA/Drivers/USB/Class/Host/StillImageClassHost.o
                                 0xef (size before relaxing)

.debug_loc      0x00000000     0x87c0
 *(.debug_loc)
 .debug_loc     0x00000000      0x4e1 Hoodloader.o
 .debug_loc     0x000004e1      0x29e Descriptors.o
 .debug_loc     0x0000077f      0x525 Lib/HID.o
 .debug_loc     0x00000ca4      0xe06 Lib/ISP.o
 .debug_loc     0x00001aaa      0x4b6 Lib/NHP.o
 .debug_loc     0x00001f60       0xef Lib/CDC.o
 .debug_loc     0x0000204f      0x172 lufa-LUFA-140302/LUFA/Drivers/Peripheral/AVR8/Serial_AVR8.o
 .debug_loc     0x000021c1      0x9c5 lufa-LUFA-140302/LUFA/Drivers/USB/Class/Common/HIDParser.o
 .debug_loc     0x00002b86     0x20c1 lufa-LUFA-140302/LUFA/Drivers/USB/Core/AVR8/EndpointStream_AVR8.o
 .debug_loc     0x00004c47      0x403 lufa-LUFA-140302/LUFA/Drivers/USB/Core/AVR8/Endpoint_AVR8.o
 .debug_loc     0x0000504a      0x31e lufa-LUFA-140302/LUFA/Drivers/USB/Core/AVR8/USBInterrupt_AVR8.o
 .debug_loc     0x00005368      0x5bd lufa-LUFA-140302/LUFA/Drivers/USB/Core/ConfigDescriptors.o
 .debug_loc     0x00005925      0x284 lufa-LUFA-140302/LUFA/Drivers/USB/Core/DeviceStandardReq.o
 .debug_loc     0x00005ba9       0x49 lufa-LUFA-140302/LUFA/Drivers/USB/Core/USBTask.o
 .debug_loc     0x00005bf2      0x3c6 lufa-LUFA-140302/LUFA/Drivers/USB/Class/Device/AudioClassDevice.o
 .debug_loc     0x00005fb8      0x8c7 lufa-LUFA-140302/LUFA/Drivers/USB/Class/Device/CDCClassDevice.o
 .debug_loc     0x0000687f      0x491 lufa-LUFA-140302/LUFA/Drivers/USB/Class/Device/HIDClassDevice.o
 .debug_loc     0x00006d10      0x29f lufa-LUFA-140302/LUFA/Drivers/USB/Class/Device/MassStorageClassDevice.o
 .debug_loc     0x00006faf      0x2c4 lufa-LUFA-140302/LUFA/Drivers/USB/Class/Device/MIDIClassDevice.o
 .debug_loc     0x00007273      0x88a lufa-LUFA-140302/LUFA/Drivers/USB/Class/Device/PrinterClassDevice.o
 .debug_loc     0x00007afd      0xcc3 lufa-LUFA-140302/LUFA/Drivers/USB/Class/Device/RNDISClassDevice.o

.debug_macinfo
 *(.debug_macinfo)
OUTPUT(Hoodloader.elf elf32-avr)
LOAD linker stubs

.debug_ranges   0x00000000      0xa98
 .debug_ranges  0x00000000       0xd8 Hoodloader.o
 .debug_ranges  0x000000d8       0x10 Descriptors.o
 .debug_ranges  0x000000e8       0x50 Lib/HID.o
 .debug_ranges  0x00000138      0x100 Lib/ISP.o
 .debug_ranges  0x00000238       0x40 Lib/NHP.o
 .debug_ranges  0x00000278       0x18 Lib/CDC.o
 .debug_ranges  0x00000290       0x60 lufa-LUFA-140302/LUFA/Drivers/Peripheral/AVR8/Serial_AVR8.o
 .debug_ranges  0x000002f0       0xc8 lufa-LUFA-140302/LUFA/Drivers/USB/Class/Common/HIDParser.o
 .debug_ranges  0x000003b8       0x10 lufa-LUFA-140302/LUFA/Drivers/USB/Core/AVR8/Device_AVR8.o
 .debug_ranges  0x000003c8      0x328 lufa-LUFA-140302/LUFA/Drivers/USB/Core/AVR8/EndpointStream_AVR8.o
 .debug_ranges  0x000006f0       0x98 lufa-LUFA-140302/LUFA/Drivers/USB/Core/AVR8/Endpoint_AVR8.o
 .debug_ranges  0x00000788       0x20 lufa-LUFA-140302/LUFA/Drivers/USB/Core/AVR8/USBController_AVR8.o
 .debug_ranges  0x000007a8       0x28 lufa-LUFA-140302/LUFA/Drivers/USB/Core/AVR8/USBInterrupt_AVR8.o
 .debug_ranges  0x000007d0       0x30 lufa-LUFA-140302/LUFA/Drivers/USB/Core/ConfigDescriptors.o
 .debug_ranges  0x00000800       0x28 lufa-LUFA-140302/LUFA/Drivers/USB/Core/DeviceStandardReq.o
 .debug_ranges  0x00000828       0x10 lufa-LUFA-140302/LUFA/Drivers/USB/Core/Events.o
 .debug_ranges  0x00000838       0x10 lufa-LUFA-140302/LUFA/Drivers/USB/Core/USBTask.o
 .debug_ranges  0x00000848       0x20 lufa-LUFA-140302/LUFA/Drivers/USB/Class/Device/AudioClassDevice.o
 .debug_ranges  0x00000868       0x88 lufa-LUFA-140302/LUFA/Drivers/USB/Class/Device/CDCClassDevice.o
 .debug_ranges  0x000008f0       0x20 lufa-LUFA-140302/LUFA/Drivers/USB/Class/Device/HIDClassDevice.o
 .debug_ranges  0x00000910       0x38 lufa-LUFA-140302/LUFA/Drivers/USB/Class/Device/MassStorageClassDevice.o
 .debug_ranges  0x00000948       0x30 lufa-LUFA-140302/LUFA/Drivers/USB/Class/Device/MIDIClassDevice.o
 .debug_ranges  0x00000978       0x80 lufa-LUFA-140302/LUFA/Drivers/USB/Class/Device/PrinterClassDevice.o
 .debug_ranges  0x000009f8       0xa0 lufa-LUFA-140302/LUFA/Drivers/USB/Class/Device/RNDISClassDevice.o

Cross Reference Table

Symbol                                            File
Audio_Device_ConfigureEndpoints                   lufa-LUFA-140302/LUFA/Drivers/USB/Class/Device/AudioClassDevice.o
Audio_Device_Event_Stub                           lufa-LUFA-140302/LUFA/Drivers/USB/Class/Device/AudioClassDevice.o
Audio_Device_ProcessControlRequest                lufa-LUFA-140302/LUFA/Drivers/USB/Class/Device/AudioClassDevice.o
CALLBACK_Audio_Device_GetSetEndpointProperty      lufa-LUFA-140302/LUFA/Drivers/USB/Class/Device/AudioClassDevice.o
CALLBACK_Audio_Device_GetSetInterfaceProperty     lufa-LUFA-140302/LUFA/Drivers/USB/Class/Device/AudioClassDevice.o
CALLBACK_HIDParser_FilterHIDReportItem            lufa-LUFA-140302/LUFA/Drivers/USB/Class/Common/HIDParser.o
CALLBACK_HID_Device_CreateHIDReport               Lib/HID.o
                                                  lufa-LUFA-140302/LUFA/Drivers/USB/Class/Device/HIDClassDevice.o
CALLBACK_HID_Device_ProcessHIDReport              Lib/HID.o
                                                  lufa-LUFA-140302/LUFA/Drivers/USB/Class/Device/HIDClassDevice.o
CALLBACK_MS_Device_SCSICommandReceived            lufa-LUFA-140302/LUFA/Drivers/USB/Class/Device/MassStorageClassDevice.o
CALLBACK_USB_GetDescriptor                        Descriptors.o
                                                  lufa-LUFA-140302/LUFA/Drivers/USB/Core/DeviceStandardReq.o
CDC_Device_BytesReceived                          lufa-LUFA-140302/LUFA/Drivers/USB/Class/Device/CDCClassDevice.o
CDC_Device_ConfigureEndpoints                     lufa-LUFA-140302/LUFA/Drivers/USB/Class/Device/CDCClassDevice.o
                                                  Hoodloader.o
CDC_Device_CreateBlockingStream                   lufa-LUFA-140302/LUFA/Drivers/USB/Class/Device/CDCClassDevice.o
CDC_Device_CreateStream                           lufa-LUFA-140302/LUFA/Drivers/USB/Class/Device/CDCClassDevice.o
CDC_Device_Event_Stub                             lufa-LUFA-140302/LUFA/Drivers/USB/Class/Device/CDCClassDevice.o
CDC_Device_Flush                                  lufa-LUFA-140302/LUFA/Drivers/USB/Class/Device/CDCClassDevice.o
CDC_Device_ProcessControlRequest                  lufa-LUFA-140302/LUFA/Drivers/USB/Class/Device/CDCClassDevice.o
                                                  Hoodloader.o
CDC_Device_ReceiveByte                            lufa-LUFA-140302/LUFA/Drivers/USB/Class/Device/CDCClassDevice.o
                                                  Lib/ISP.o
                                                  Hoodloader.o
CDC_Device_SendByte                               lufa-LUFA-140302/LUFA/Drivers/USB/Class/Device/CDCClassDevice.o
                                                  Lib/ISP.o
                                                  Hoodloader.o
CDC_Device_SendControlLineStateChange             lufa-LUFA-140302/LUFA/Drivers/USB/Class/Device/CDCClassDevice.o
CDC_Device_SendData                               lufa-LUFA-140302/LUFA/Drivers/USB/Class/Device/CDCClassDevice.o
                                                  Lib/HID.o
CDC_Device_SendString                             lufa-LUFA-140302/LUFA/Drivers/USB/Class/Device/CDCClassDevice.o
CDC_Device_USBTask                                lufa-LUFA-140302/LUFA/Drivers/USB/Class/Device/CDCClassDevice.o
                                                  Lib/ISP.o
                                                  Hoodloader.o
ConfigurationDescriptor                           Descriptors.o
DeviceDescriptor                                  Descriptors.o
Device_HID_Interface                              Lib/HID.o
                                                  Hoodloader.o
EVENT_Audio_Device_StreamStartStop                lufa-LUFA-140302/LUFA/Drivers/USB/Class/Device/AudioClassDevice.o
EVENT_CDC_Device_BreakSent                        lufa-LUFA-140302/LUFA/Drivers/USB/Class/Device/CDCClassDevice.o
EVENT_CDC_Device_ControLineStateChanged           Lib/CDC.o
EVENT_CDC_Device_LineEncodingChanged              Lib/CDC.o
EVENT_PRNT_Device_SoftReset                       lufa-LUFA-140302/LUFA/Drivers/USB/Class/Device/PrinterClassDevice.o
EVENT_USB_Device_ConfigurationChanged             Hoodloader.o
                                                  lufa-LUFA-140302/LUFA/Drivers/USB/Core/DeviceStandardReq.o
EVENT_USB_Device_Connect                          Hoodloader.o
                                                  lufa-LUFA-140302/LUFA/Drivers/USB/Core/AVR8/USBInterrupt_AVR8.o
EVENT_USB_Device_ControlRequest                   Hoodloader.o
                                                  lufa-LUFA-140302/LUFA/Drivers/USB/Core/DeviceStandardReq.o
EVENT_USB_Device_Disconnect                       Hoodloader.o
                                                  lufa-LUFA-140302/LUFA/Drivers/USB/Core/AVR8/USBInterrupt_AVR8.o
EVENT_USB_Device_Reset                            lufa-LUFA-140302/LUFA/Drivers/USB/Core/Events.o
                                                  lufa-LUFA-140302/LUFA/Drivers/USB/Core/AVR8/USBInterrupt_AVR8.o
EVENT_USB_Device_StartOfFrame                     Hoodloader.o
                                                  lufa-LUFA-140302/LUFA/Drivers/USB/Core/AVR8/USBInterrupt_AVR8.o
EVENT_USB_Device_Suspend                          lufa-LUFA-140302/LUFA/Drivers/USB/Core/Events.o
EVENT_USB_Device_WakeUp                           lufa-LUFA-140302/LUFA/Drivers/USB/Core/Events.o
Endpoint_ClearEndpoints                           lufa-LUFA-140302/LUFA/Drivers/USB/Core/AVR8/Endpoint_AVR8.o
Endpoint_ClearStatusStage                         lufa-LUFA-140302/LUFA/Drivers/USB/Core/AVR8/Endpoint_AVR8.o
                                                  lufa-LUFA-140302/LUFA/Drivers/USB/Class/Device/PrinterClassDevice.o
                                                  lufa-LUFA-140302/LUFA/Drivers/USB/Class/Device/MassStorageClassDevice.o
                                                  lufa-LUFA-140302/LUFA/Drivers/USB/Class/Device/HIDClassDevice.o
                                                  lufa-LUFA-140302/LUFA/Drivers/USB/Class/Device/CDCClassDevice.o
                                                  lufa-LUFA-140302/LUFA/Drivers/USB/Class/Device/AudioClassDevice.o
                                                  lufa-LUFA-140302/LUFA/Drivers/USB/Core/DeviceStandardReq.o
Endpoint_ConfigureEndpointTable                   lufa-LUFA-140302/LUFA/Drivers/USB/Core/AVR8/Endpoint_AVR8.o
                                                  lufa-LUFA-140302/LUFA/Drivers/USB/Class/Device/RNDISClassDevice.o
                                                  lufa-LUFA-140302/LUFA/Drivers/USB/Class/Device/PrinterClassDevice.o
                                                  lufa-LUFA-140302/LUFA/Drivers/USB/Class/Device/MIDIClassDevice.o
                                                  lufa-LUFA-140302/LUFA/Drivers/USB/Class/Device/MassStorageClassDevice.o
                                                  lufa-LUFA-140302/LUFA/Drivers/USB/Class/Device/HIDClassDevice.o
                                                  lufa-LUFA-140302/LUFA/Drivers/USB/Class/Device/CDCClassDevice.o
                                                  lufa-LUFA-140302/LUFA/Drivers/USB/Class/Device/AudioClassDevice.o
Endpoint_ConfigureEndpoint_Prv                    lufa-LUFA-140302/LUFA/Drivers/USB/Core/AVR8/Endpoint_AVR8.o
                                                  lufa-LUFA-140302/LUFA/Drivers/USB/Core/AVR8/USBInterrupt_AVR8.o
                                                  lufa-LUFA-140302/LUFA/Drivers/USB/Core/AVR8/USBController_AVR8.o
Endpoint_Discard_Stream                           lufa-LUFA-140302/LUFA/Drivers/USB/Core/AVR8/EndpointStream_AVR8.o
Endpoint_Null_Stream                              lufa-LUFA-140302/LUFA/Drivers/USB/Core/AVR8/EndpointStream_AVR8.o
Endpoint_Read_Control_EStream_BE                  lufa-LUFA-140302/LUFA/Drivers/USB/Core/AVR8/EndpointStream_AVR8.o
Endpoint_Read_Control_EStream_LE                  lufa-LUFA-140302/LUFA/Drivers/USB/Core/AVR8/EndpointStream_AVR8.o
Endpoint_Read_Control_Stream_BE                   lufa-LUFA-140302/LUFA/Drivers/USB/Core/AVR8/EndpointStream_AVR8.o
Endpoint_Read_Control_Stream_LE                   lufa-LUFA-140302/LUFA/Drivers/USB/Core/AVR8/EndpointStream_AVR8.o
                                                  lufa-LUFA-140302/LUFA/Drivers/USB/Class/Device/RNDISClassDevice.o
                                                  lufa-LUFA-140302/LUFA/Drivers/USB/Class/Device/HIDClassDevice.o
                                                  lufa-LUFA-140302/LUFA/Drivers/USB/Class/Device/AudioClassDevice.o
Endpoint_Read_EStream_BE                          lufa-LUFA-140302/LUFA/Drivers/USB/Core/AVR8/EndpointStream_AVR8.o
Endpoint_Read_EStream_LE                          lufa-LUFA-140302/LUFA/Drivers/USB/Core/AVR8/EndpointStream_AVR8.o
Endpoint_Read_Stream_BE                           lufa-LUFA-140302/LUFA/Drivers/USB/Core/AVR8/EndpointStream_AVR8.o
Endpoint_Read_Stream_LE                           lufa-LUFA-140302/LUFA/Drivers/USB/Core/AVR8/EndpointStream_AVR8.o
                                                  lufa-LUFA-140302/LUFA/Drivers/USB/Class/Device/RNDISClassDevice.o
                                                  lufa-LUFA-140302/LUFA/Drivers/USB/Class/Device/MIDIClassDevice.o
                                                  lufa-LUFA-140302/LUFA/Drivers/USB/Class/Device/MassStorageClassDevice.o
Endpoint_WaitUntilReady                           lufa-LUFA-140302/LUFA/Drivers/USB/Core/AVR8/Endpoint_AVR8.o
                                                  lufa-LUFA-140302/LUFA/Drivers/USB/Class/Device/RNDISClassDevice.o
                                                  lufa-LUFA-140302/LUFA/Drivers/USB/Class/Device/PrinterClassDevice.o
                                                  lufa-LUFA-140302/LUFA/Drivers/USB/Class/Device/MIDIClassDevice.o
                                                  lufa-LUFA-140302/LUFA/Drivers/USB/Class/Device/CDCClassDevice.o
                                                  lufa-LUFA-140302/LUFA/Drivers/USB/Core/AVR8/EndpointStream_AVR8.o
Endpoint_Write_Control_EStream_BE                 lufa-LUFA-140302/LUFA/Drivers/USB/Core/AVR8/EndpointStream_AVR8.o
Endpoint_Write_Control_EStream_LE                 lufa-LUFA-140302/LUFA/Drivers/USB/Core/AVR8/EndpointStream_AVR8.o
Endpoint_Write_Control_PStream_BE                 lufa-LUFA-140302/LUFA/Drivers/USB/Core/AVR8/EndpointStream_AVR8.o
Endpoint_Write_Control_PStream_LE                 lufa-LUFA-140302/LUFA/Drivers/USB/Core/AVR8/EndpointStream_AVR8.o
                                                  lufa-LUFA-140302/LUFA/Drivers/USB/Core/DeviceStandardReq.o
Endpoint_Write_Control_Stream_BE                  lufa-LUFA-140302/LUFA/Drivers/USB/Core/AVR8/EndpointStream_AVR8.o
Endpoint_Write_Control_Stream_LE                  lufa-LUFA-140302/LUFA/Drivers/USB/Core/AVR8/EndpointStream_AVR8.o
                                                  lufa-LUFA-140302/LUFA/Drivers/USB/Class/Device/RNDISClassDevice.o
                                                  lufa-LUFA-140302/LUFA/Drivers/USB/Class/Device/PrinterClassDevice.o
                                                  lufa-LUFA-140302/LUFA/Drivers/USB/Class/Device/HIDClassDevice.o
                                                  lufa-LUFA-140302/LUFA/Drivers/USB/Class/Device/AudioClassDevice.o
                                                  lufa-LUFA-140302/LUFA/Drivers/USB/Core/DeviceStandardReq.o
Endpoint_Write_EStream_BE                         lufa-LUFA-140302/LUFA/Drivers/USB/Core/AVR8/EndpointStream_AVR8.o
Endpoint_Write_EStream_LE                         lufa-LUFA-140302/LUFA/Drivers/USB/Core/AVR8/EndpointStream_AVR8.o
Endpoint_Write_PStream_BE                         lufa-LUFA-140302/LUFA/Drivers/USB/Core/AVR8/EndpointStream_AVR8.o
Endpoint_Write_PStream_LE                         lufa-LUFA-140302/LUFA/Drivers/USB/Core/AVR8/EndpointStream_AVR8.o
Endpoint_Write_Stream_BE                          lufa-LUFA-140302/LUFA/Drivers/USB/Core/AVR8/EndpointStream_AVR8.o
Endpoint_Write_Stream_LE                          lufa-LUFA-140302/LUFA/Drivers/USB/Core/AVR8/EndpointStream_AVR8.o
                                                  lufa-LUFA-140302/LUFA/Drivers/USB/Class/Device/RNDISClassDevice.o
                                                  lufa-LUFA-140302/LUFA/Drivers/USB/Class/Device/PrinterClassDevice.o
                                                  lufa-LUFA-140302/LUFA/Drivers/USB/Class/Device/MIDIClassDevice.o
                                                  lufa-LUFA-140302/LUFA/Drivers/USB/Class/Device/MassStorageClassDevice.o
                                                  lufa-LUFA-140302/LUFA/Drivers/USB/Class/Device/HIDClassDevice.o
                                                  lufa-LUFA-140302/LUFA/Drivers/USB/Class/Device/CDCClassDevice.o
HIDReport                                         Descriptors.o
HID_Device_ConfigureEndpoints                     lufa-LUFA-140302/LUFA/Drivers/USB/Class/Device/HIDClassDevice.o
                                                  Hoodloader.o
HID_Device_ProcessControlRequest                  lufa-LUFA-140302/LUFA/Drivers/USB/Class/Device/HIDClassDevice.o
                                                  Hoodloader.o
HID_Device_USBTask                                lufa-LUFA-140302/LUFA/Drivers/USB/Class/Device/HIDClassDevice.o
                                                  Lib/HID.o
LanguageString                                    Descriptors.o
MIDI_Device_ConfigureEndpoints                    lufa-LUFA-140302/LUFA/Drivers/USB/Class/Device/MIDIClassDevice.o
MIDI_Device_Flush                                 lufa-LUFA-140302/LUFA/Drivers/USB/Class/Device/MIDIClassDevice.o
MIDI_Device_ReceiveEventPacket                    lufa-LUFA-140302/LUFA/Drivers/USB/Class/Device/MIDIClassDevice.o
MIDI_Device_SendEventPacket                       lufa-LUFA-140302/LUFA/Drivers/USB/Class/Device/MIDIClassDevice.o
MIDI_Device_USBTask                               lufa-LUFA-140302/LUFA/Drivers/USB/Class/Device/MIDIClassDevice.o
MS_Device_ConfigureEndpoints                      lufa-LUFA-140302/LUFA/Drivers/USB/Class/Device/MassStorageClassDevice.o
MS_Device_ProcessControlRequest                   lufa-LUFA-140302/LUFA/Drivers/USB/Class/Device/MassStorageClassDevice.o
MS_Device_USBTask                                 lufa-LUFA-140302/LUFA/Drivers/USB/Class/Device/MassStorageClassDevice.o
ManufacturerString                                Descriptors.o
NHPread                                           Lib/NHP.o
NHPreadChecksum                                   Lib/NHP.o
                                                  Lib/HID.o
NHPwrite                                          Lib/NHP.o
NHPwriteChecksum                                  Lib/NHP.o
                                                  Lib/HID.o
PRNT_Device_BytesReceived                         lufa-LUFA-140302/LUFA/Drivers/USB/Class/Device/PrinterClassDevice.o
PRNT_Device_ConfigureEndpoints                    lufa-LUFA-140302/LUFA/Drivers/USB/Class/Device/PrinterClassDevice.o
PRNT_Device_CreateBlockingStream                  lufa-LUFA-140302/LUFA/Drivers/USB/Class/Device/PrinterClassDevice.o
PRNT_Device_CreateStream                          lufa-LUFA-140302/LUFA/Drivers/USB/Class/Device/PrinterClassDevice.o
PRNT_Device_Event_Stub                            lufa-LUFA-140302/LUFA/Drivers/USB/Class/Device/PrinterClassDevice.o
PRNT_Device_Flush                                 lufa-LUFA-140302/LUFA/Drivers/USB/Class/Device/PrinterClassDevice.o
PRNT_Device_ProcessControlRequest                 lufa-LUFA-140302/LUFA/Drivers/USB/Class/Device/PrinterClassDevice.o
PRNT_Device_ReceiveByte                           lufa-LUFA-140302/LUFA/Drivers/USB/Class/Device/PrinterClassDevice.o
PRNT_Device_SendByte                              lufa-LUFA-140302/LUFA/Drivers/USB/Class/Device/PrinterClassDevice.o
PRNT_Device_SendData                              lufa-LUFA-140302/LUFA/Drivers/USB/Class/Device/PrinterClassDevice.o
PRNT_Device_SendString                            lufa-LUFA-140302/LUFA/Drivers/USB/Class/Device/PrinterClassDevice.o
PRNT_Device_USBTask                               lufa-LUFA-140302/LUFA/Drivers/USB/Class/Device/PrinterClassDevice.o
ProductString                                     Descriptors.o
RNDIS_Device_ConfigureEndpoints                   lufa-LUFA-140302/LUFA/Drivers/USB/Class/Device/RNDISClassDevice.o
RNDIS_Device_IsPacketReceived                     lufa-LUFA-140302/LUFA/Drivers/USB/Class/Device/RNDISClassDevice.o
RNDIS_Device_ProcessControlRequest                lufa-LUFA-140302/LUFA/Drivers/USB/Class/Device/RNDISClassDevice.o
RNDIS_Device_ReadPacket                           lufa-LUFA-140302/LUFA/Drivers/USB/Class/Device/RNDISClassDevice.o
RNDIS_Device_SendPacket                           lufa-LUFA-140302/LUFA/Drivers/USB/Class/Device/RNDISClassDevice.o
RNDIS_Device_USBTask                              lufa-LUFA-140302/LUFA/Drivers/USB/Class/Device/RNDISClassDevice.o
Serial_CreateBlockingStream                       lufa-LUFA-140302/LUFA/Drivers/Peripheral/AVR8/Serial_AVR8.o
Serial_CreateStream                               lufa-LUFA-140302/LUFA/Drivers/Peripheral/AVR8/Serial_AVR8.o
Serial_SendData                                   lufa-LUFA-140302/LUFA/Drivers/Peripheral/AVR8/Serial_AVR8.o
                                                  Lib/HID.o
Serial_SendString                                 lufa-LUFA-140302/LUFA/Drivers/Peripheral/AVR8/Serial_AVR8.o
Serial_SendString_P                               lufa-LUFA-140302/LUFA/Drivers/Peripheral/AVR8/Serial_AVR8.o
Serial_getchar                                    lufa-LUFA-140302/LUFA/Drivers/Peripheral/AVR8/Serial_AVR8.o
Serial_getchar_Blocking                           lufa-LUFA-140302/LUFA/Drivers/Peripheral/AVR8/Serial_AVR8.o
Serial_putchar                                    lufa-LUFA-140302/LUFA/Drivers/Peripheral/AVR8/Serial_AVR8.o
SetupHardware                                     Hoodloader.o
USARTSerialStream                                 lufa-LUFA-140302/LUFA/Drivers/Peripheral/AVR8/Serial_AVR8.o
USB_ControlRequest                                lufa-LUFA-140302/LUFA/Drivers/USB/Class/Device/RNDISClassDevice.o
                                                  lufa-LUFA-140302/LUFA/Drivers/USB/Class/Device/PrinterClassDevice.o
                                                  lufa-LUFA-140302/LUFA/Drivers/USB/Class/Device/MassStorageClassDevice.o
                                                  lufa-LUFA-140302/LUFA/Drivers/USB/Class/Device/HIDClassDevice.o
                                                  lufa-LUFA-140302/LUFA/Drivers/USB/Class/Device/CDCClassDevice.o
                                                  lufa-LUFA-140302/LUFA/Drivers/USB/Class/Device/AudioClassDevice.o
                                                  lufa-LUFA-140302/LUFA/Drivers/USB/Core/USBTask.o
                                                  lufa-LUFA-140302/LUFA/Drivers/USB/Core/DeviceStandardReq.o
                                                  lufa-LUFA-140302/LUFA/Drivers/USB/Core/AVR8/Endpoint_AVR8.o
                                                  lufa-LUFA-140302/LUFA/Drivers/USB/Core/AVR8/EndpointStream_AVR8.o
USB_DeviceState                                   lufa-LUFA-140302/LUFA/Drivers/USB/Class/Device/RNDISClassDevice.o
                                                  lufa-LUFA-140302/LUFA/Drivers/USB/Class/Device/PrinterClassDevice.o
                                                  lufa-LUFA-140302/LUFA/Drivers/USB/Class/Device/MIDIClassDevice.o
                                                  lufa-LUFA-140302/LUFA/Drivers/USB/Class/Device/MassStorageClassDevice.o
                                                  lufa-LUFA-140302/LUFA/Drivers/USB/Class/Device/HIDClassDevice.o
                                                  lufa-LUFA-140302/LUFA/Drivers/USB/Class/Device/CDCClassDevice.o
                                                  lufa-LUFA-140302/LUFA/Drivers/USB/Core/USBTask.o
                                                  lufa-LUFA-140302/LUFA/Drivers/USB/Core/DeviceStandardReq.o
                                                  lufa-LUFA-140302/LUFA/Drivers/USB/Core/AVR8/USBInterrupt_AVR8.o
                                                  lufa-LUFA-140302/LUFA/Drivers/USB/Core/AVR8/USBController_AVR8.o
                                                  lufa-LUFA-140302/LUFA/Drivers/USB/Core/AVR8/Endpoint_AVR8.o
                                                  lufa-LUFA-140302/LUFA/Drivers/USB/Core/AVR8/EndpointStream_AVR8.o
                                                  Hoodloader.o
USB_Device_ConfigurationNumber                    lufa-LUFA-140302/LUFA/Drivers/USB/Core/DeviceStandardReq.o
                                                  lufa-LUFA-140302/LUFA/Drivers/USB/Core/AVR8/USBInterrupt_AVR8.o
                                                  lufa-LUFA-140302/LUFA/Drivers/USB/Core/AVR8/USBController_AVR8.o
USB_Device_CurrentlySelfPowered                   lufa-LUFA-140302/LUFA/Drivers/USB/Core/DeviceStandardReq.o
                                                  lufa-LUFA-140302/LUFA/Drivers/USB/Core/AVR8/USBController_AVR8.o
USB_Device_ProcessControlRequest                  lufa-LUFA-140302/LUFA/Drivers/USB/Core/DeviceStandardReq.o
                                                  lufa-LUFA-140302/LUFA/Drivers/USB/Core/USBTask.o
                                                  lufa-LUFA-140302/LUFA/Drivers/USB/Core/AVR8/USBInterrupt_AVR8.o
USB_Device_RemoteWakeupEnabled                    lufa-LUFA-140302/LUFA/Drivers/USB/Core/DeviceStandardReq.o
                                                  lufa-LUFA-140302/LUFA/Drivers/USB/Core/AVR8/USBController_AVR8.o
USB_Device_SendRemoteWakeup                       lufa-LUFA-140302/LUFA/Drivers/USB/Core/AVR8/Device_AVR8.o
USB_Disable                                       lufa-LUFA-140302/LUFA/Drivers/USB/Core/AVR8/USBController_AVR8.o
USB_Event_Stub                                    lufa-LUFA-140302/LUFA/Drivers/USB/Core/Events.o
USB_GetHIDReportItemInfo                          lufa-LUFA-140302/LUFA/Drivers/USB/Class/Common/HIDParser.o
USB_GetHIDReportSize                              lufa-LUFA-140302/LUFA/Drivers/USB/Class/Common/HIDParser.o
USB_GetNextDescriptorComp                         lufa-LUFA-140302/LUFA/Drivers/USB/Core/ConfigDescriptors.o
USB_GetNextDescriptorOfType                       lufa-LUFA-140302/LUFA/Drivers/USB/Core/ConfigDescriptors.o
USB_GetNextDescriptorOfTypeAfter                  lufa-LUFA-140302/LUFA/Drivers/USB/Core/ConfigDescriptors.o
USB_GetNextDescriptorOfTypeBefore                 lufa-LUFA-140302/LUFA/Drivers/USB/Core/ConfigDescriptors.o
USB_INT_ClearAllInterrupts                        lufa-LUFA-140302/LUFA/Drivers/USB/Core/AVR8/USBInterrupt_AVR8.o
                                                  lufa-LUFA-140302/LUFA/Drivers/USB/Core/AVR8/USBController_AVR8.o
USB_INT_DisableAllInterrupts                      lufa-LUFA-140302/LUFA/Drivers/USB/Core/AVR8/USBInterrupt_AVR8.o
                                                  lufa-LUFA-140302/LUFA/Drivers/USB/Core/AVR8/USBController_AVR8.o
USB_Init                                          lufa-LUFA-140302/LUFA/Drivers/USB/Core/AVR8/USBController_AVR8.o
                                                  Hoodloader.o
USB_IsInitialized                                 lufa-LUFA-140302/LUFA/Drivers/USB/Core/USBTask.o
                                                  lufa-LUFA-140302/LUFA/Drivers/USB/Core/AVR8/USBController_AVR8.o
USB_ProcessHIDReport                              lufa-LUFA-140302/LUFA/Drivers/USB/Class/Common/HIDParser.o
USB_ResetInterface                                lufa-LUFA-140302/LUFA/Drivers/USB/Core/AVR8/USBController_AVR8.o
USB_SetHIDReportItemInfo                          lufa-LUFA-140302/LUFA/Drivers/USB/Class/Common/HIDParser.o
USB_USBTask                                       lufa-LUFA-140302/LUFA/Drivers/USB/Core/USBTask.o
                                                  lufa-LUFA-140302/LUFA/Drivers/USB/Class/Device/PrinterClassDevice.o
                                                  lufa-LUFA-140302/LUFA/Drivers/USB/Class/Device/CDCClassDevice.o
                                                  Lib/ISP.o
                                                  Hoodloader.o
VirtualSerial_CDC_Interface                       Lib/CDC.o
                                                  Lib/ISP.o
                                                  Lib/HID.o
                                                  Hoodloader.o
__bad_interrupt                                   /usr/lib/gcc/avr/4.7.2/../../../avr/lib/avr35/crtm16u2.o
__bss_end                                         /usr/lib/gcc/avr/4.7.2/avr35/libgcc.a(_clear_bss.o)
__bss_start                                       /usr/lib/gcc/avr/4.7.2/avr35/libgcc.a(_clear_bss.o)
__data_end                                        /usr/lib/gcc/avr/4.7.2/avr35/libgcc.a(_copy_data.o)
__data_load_start                                 /usr/lib/gcc/avr/4.7.2/avr35/libgcc.a(_copy_data.o)
__data_start                                      /usr/lib/gcc/avr/4.7.2/avr35/libgcc.a(_copy_data.o)
__do_clear_bss                                    /usr/lib/gcc/avr/4.7.2/avr35/libgcc.a(_clear_bss.o)
                                                  /usr/lib/gcc/avr/4.7.2/../../../avr/lib/avr35/libc.a(iob.o)
                                                  lufa-LUFA-140302/LUFA/Drivers/USB/Core/USBTask.o
                                                  lufa-LUFA-140302/LUFA/Drivers/USB/Core/DeviceStandardReq.o
                                                  lufa-LUFA-140302/LUFA/Drivers/Peripheral/AVR8/Serial_AVR8.o
                                                  Lib/Ram.o
__do_copy_data                                    /usr/lib/gcc/avr/4.7.2/avr35/libgcc.a(_copy_data.o)
                                                  lufa-LUFA-140302/LUFA/Drivers/USB/Class/Device/RNDISClassDevice.o
                                                  lufa-LUFA-140302/LUFA/Drivers/USB/Class/Device/CDCClassDevice.o
                                                  Lib/CDC.o
                                                  Lib/HID.o
__eerd_byte_m16u2                                 /usr/lib/gcc/avr/4.7.2/../../../avr/lib/avr35/libc.a(eerd_byte_atmega16u2.o)
                                                  lufa-LUFA-140302/LUFA/Drivers/USB/Core/AVR8/EndpointStream_AVR8.o
__eeupd_byte_m16u2                                /usr/lib/gcc/avr/4.7.2/../../../avr/lib/avr35/libc.a(eeupd_byte_atmega16u2.o)
                                                  lufa-LUFA-140302/LUFA/Drivers/USB/Core/AVR8/EndpointStream_AVR8.o
__eeupd_r18_m16u2                                 /usr/lib/gcc/avr/4.7.2/../../../avr/lib/avr35/libc.a(eeupd_byte_atmega16u2.o)
__heap_end                                        /usr/lib/gcc/avr/4.7.2/../../../avr/lib/avr35/crtm16u2.o
__init                                            /usr/lib/gcc/avr/4.7.2/../../../avr/lib/avr35/crtm16u2.o
__iob                                             /usr/lib/gcc/avr/4.7.2/../../../avr/lib/avr35/libc.a(iob.o)
                                                  lufa-LUFA-140302/LUFA/Drivers/Peripheral/AVR8/Serial_AVR8.o
__mulhi3                                          /usr/lib/gcc/avr/4.7.2/avr35/libgcc.a(_mulhi3.o)
                                                  lufa-LUFA-140302/LUFA/Drivers/USB/Class/Common/HIDParser.o
__stack                                           /usr/lib/gcc/avr/4.7.2/../../../avr/lib/avr35/crtm16u2.o
__udivmodsi4                                      /usr/lib/gcc/avr/4.7.2/avr35/libgcc.a(_udivmodsi4.o)
                                                  Lib/CDC.o
__vector_1                                        /usr/lib/gcc/avr/4.7.2/../../../avr/lib/avr35/crtm16u2.o
__vector_10                                       /usr/lib/gcc/avr/4.7.2/../../../avr/lib/avr35/crtm16u2.o
__vector_11                                       lufa-LUFA-140302/LUFA/Drivers/USB/Core/AVR8/USBInterrupt_AVR8.o
                                                  /usr/lib/gcc/avr/4.7.2/../../../avr/lib/avr35/crtm16u2.o
__vector_12                                       lufa-LUFA-140302/LUFA/Drivers/USB/Core/AVR8/USBInterrupt_AVR8.o
                                                  /usr/lib/gcc/avr/4.7.2/../../../avr/lib/avr35/crtm16u2.o
__vector_13                                       /usr/lib/gcc/avr/4.7.2/../../../avr/lib/avr35/crtm16u2.o
__vector_14                                       /usr/lib/gcc/avr/4.7.2/../../../avr/lib/avr35/crtm16u2.o
__vector_15                                       /usr/lib/gcc/avr/4.7.2/../../../avr/lib/avr35/crtm16u2.o
__vector_16                                       /usr/lib/gcc/avr/4.7.2/../../../avr/lib/avr35/crtm16u2.o
__vector_17                                       /usr/lib/gcc/avr/4.7.2/../../../avr/lib/avr35/crtm16u2.o
__vector_18                                       /usr/lib/gcc/avr/4.7.2/../../../avr/lib/avr35/crtm16u2.o
__vector_19                                       /usr/lib/gcc/avr/4.7.2/../../../avr/lib/avr35/crtm16u2.o
__vector_2                                        /usr/lib/gcc/avr/4.7.2/../../../avr/lib/avr35/crtm16u2.o
__vector_20                                       /usr/lib/gcc/avr/4.7.2/../../../avr/lib/avr35/crtm16u2.o
__vector_21                                       /usr/lib/gcc/avr/4.7.2/../../../avr/lib/avr35/crtm16u2.o
__vector_22                                       /usr/lib/gcc/avr/4.7.2/../../../avr/lib/avr35/crtm16u2.o
__vector_23                                       Hoodloader.o
                                                  /usr/lib/gcc/avr/4.7.2/../../../avr/lib/avr35/crtm16u2.o
__vector_24                                       /usr/lib/gcc/avr/4.7.2/../../../avr/lib/avr35/crtm16u2.o
__vector_25                                       /usr/lib/gcc/avr/4.7.2/../../../avr/lib/avr35/crtm16u2.o
__vector_26                                       /usr/lib/gcc/avr/4.7.2/../../../avr/lib/avr35/crtm16u2.o
__vector_27                                       /usr/lib/gcc/avr/4.7.2/../../../avr/lib/avr35/crtm16u2.o
__vector_28                                       /usr/lib/gcc/avr/4.7.2/../../../avr/lib/avr35/crtm16u2.o
__vector_3                                        /usr/lib/gcc/avr/4.7.2/../../../avr/lib/avr35/crtm16u2.o
__vector_4                                        /usr/lib/gcc/avr/4.7.2/../../../avr/lib/avr35/crtm16u2.o
__vector_5                                        /usr/lib/gcc/avr/4.7.2/../../../avr/lib/avr35/crtm16u2.o
__vector_6                                        /usr/lib/gcc/avr/4.7.2/../../../avr/lib/avr35/crtm16u2.o
__vector_7                                        /usr/lib/gcc/avr/4.7.2/../../../avr/lib/avr35/crtm16u2.o
__vector_8                                        /usr/lib/gcc/avr/4.7.2/../../../avr/lib/avr35/crtm16u2.o
__vector_9                                        /usr/lib/gcc/avr/4.7.2/../../../avr/lib/avr35/crtm16u2.o
__vector_default                                  /usr/lib/gcc/avr/4.7.2/../../../avr/lib/avr35/crtm16u2.o
__vectors                                         /usr/lib/gcc/avr/4.7.2/../../../avr/lib/avr35/crtm16u2.o
_exit                                             /usr/lib/gcc/avr/4.7.2/avr35/libgcc.a(_exit.o)
avrisp                                            Lib/ISP.o
                                                  Hoodloader.o
breply                                            Lib/ISP.o
checkNHPControlAddressError                       Lib/HID.o
                                                  Hoodloader.o
checkNHPProtocol                                  Lib/HID.o
                                                  Hoodloader.o
clearHIDReport                                    Lib/HID.o
clearHIDReports                                   Lib/HID.o
commit                                            Lib/ISP.o
current_page                                      Lib/ISP.o
delay                                             Lib/ISP.o
delayMicroseconds                                 Lib/ISP.o
eeprom_read_page                                  Lib/ISP.o
end_pmode                                         Lib/ISP.o
exit                                              /usr/lib/gcc/avr/4.7.2/avr35/libgcc.a(_exit.o)
                                                  /usr/lib/gcc/avr/4.7.2/../../../avr/lib/avr35/crtm16u2.o
fill                                              Lib/ISP.o
flash                                             Lib/ISP.o
flash_read                                        Lib/ISP.o
flash_read_page                                   Lib/ISP.o
flushHID                                          Lib/HID.o
                                                  Hoodloader.o
getHIDReportLength                                Lib/HID.o
get_parameters                                    Lib/ISP.o
getch                                             Lib/ISP.o
main                                              Hoodloader.o
                                                  /usr/lib/gcc/avr/4.7.2/../../../avr/lib/avr35/crtm16u2.o
memcmp                                            /usr/lib/gcc/avr/4.7.2/../../../avr/lib/avr35/libc.a(memcmp.o)
                                                  lufa-LUFA-140302/LUFA/Drivers/USB/Class/Device/HIDClassDevice.o
memcpy                                            /usr/lib/gcc/avr/4.7.2/../../../avr/lib/avr35/libc.a(memcpy.o)
                                                  lufa-LUFA-140302/LUFA/Drivers/USB/Class/Device/RNDISClassDevice.o
                                                  lufa-LUFA-140302/LUFA/Drivers/USB/Class/Device/HIDClassDevice.o
                                                  Lib/HID.o
memcpy_P                                          /usr/lib/gcc/avr/4.7.2/../../../avr/lib/avr35/libc.a(memcpy_P.o)
                                                  lufa-LUFA-140302/LUFA/Drivers/USB/Class/Device/RNDISClassDevice.o
memset                                            /usr/lib/gcc/avr/4.7.2/../../../avr/lib/avr35/libc.a(memset.o)
                                                  lufa-LUFA-140302/LUFA/Drivers/USB/Class/Device/HIDClassDevice.o
                                                  Lib/HID.o
                                                  Hoodloader.o
program_page                                      Lib/ISP.o
ram                                               Lib/ISP.o
                                                  Lib/Ram.o
                                                  Lib/HID.o
                                                  Hoodloader.o
read_page                                         Lib/ISP.o
read_signature                                    Lib/ISP.o
replyOK                                           Lib/ISP.o
selectMode                                        Hoodloader.o
sendCDCbyte                                       Lib/ISP.o
set_parameters                                    Lib/ISP.o
spi_init                                          Lib/ISP.o
spi_send                                          Lib/ISP.o
spi_transaction                                   Lib/ISP.o
spi_wait                                          Lib/ISP.o
start_pmode                                       Lib/ISP.o
universal                                         Lib/ISP.o
writeToCDC                                        Lib/HID.o
                                                  Hoodloader.o
write_eeprom                                      Lib/ISP.o
write_eeprom_chunk                                Lib/ISP.o
write_flash                                       Lib/ISP.o
write_flash_pages                                 Lib/ISP.o
