Archive member included because of file (symbol)

/usr/lib/gcc/avr/4.7.2/avr35/libgcc.a(_mulhi3.o)
                              lufa-LUFA-140302/LUFA/Drivers/USB/Class/Common/HIDParser.o (__mulhi3)
/usr/lib/gcc/avr/4.7.2/avr35/libgcc.a(_udivmodsi4.o)
                              Lib/CDC.o (__udivmodsi4)
/usr/lib/gcc/avr/4.7.2/avr35/libgcc.a(_exit.o)
                              /usr/lib/gcc/avr/4.7.2/../../../avr/lib/avr35/crtm16u2.o (exit)
/usr/lib/gcc/avr/4.7.2/avr35/libgcc.a(_copy_data.o)
                              Lib/HID.o (__do_copy_data)
/usr/lib/gcc/avr/4.7.2/avr35/libgcc.a(_clear_bss.o)
                              Lib/Ram.o (__do_clear_bss)
/usr/lib/gcc/avr/4.7.2/../../../avr/lib/avr35/libc.a(memcpy_P.o)
                              lufa-LUFA-140302/LUFA/Drivers/USB/Class/Device/RNDISClassDevice.o (memcpy_P)
/usr/lib/gcc/avr/4.7.2/../../../avr/lib/avr35/libc.a(memcmp.o)
                              lufa-LUFA-140302/LUFA/Drivers/USB/Class/Device/HIDClassDevice.o (memcmp)
/usr/lib/gcc/avr/4.7.2/../../../avr/lib/avr35/libc.a(memcpy.o)
                              Lib/HID.o (memcpy)
/usr/lib/gcc/avr/4.7.2/../../../avr/lib/avr35/libc.a(memset.o)
                              Hoodloader.o (memset)
/usr/lib/gcc/avr/4.7.2/../../../avr/lib/avr35/libc.a(iob.o)
                              lufa-LUFA-140302/LUFA/Drivers/Peripheral/AVR8/Serial_AVR8.o (__iob)
/usr/lib/gcc/avr/4.7.2/../../../avr/lib/avr35/libc.a(eerd_byte_atmega16u2.o)
                              lufa-LUFA-140302/LUFA/Drivers/USB/Core/AVR8/EndpointStream_AVR8.o (__eerd_byte_m16u2)
/usr/lib/gcc/avr/4.7.2/../../../avr/lib/avr35/libc.a(eeupd_byte_atmega16u2.o)
                              lufa-LUFA-140302/LUFA/Drivers/USB/Core/AVR8/EndpointStream_AVR8.o (__eeupd_byte_m16u2)

Allocating common symbols
Common symbol       size              file

USB_IsInitialized   0x1               lufa-LUFA-140302/LUFA/Drivers/USB/Core/USBTask.o
USB_DeviceState     0x1               lufa-LUFA-140302/LUFA/Drivers/USB/Core/USBTask.o
USB_Device_ConfigurationNumber
                    0x1               lufa-LUFA-140302/LUFA/Drivers/USB/Core/DeviceStandardReq.o
USB_Device_CurrentlySelfPowered
                    0x1               lufa-LUFA-140302/LUFA/Drivers/USB/Core/DeviceStandardReq.o
USARTSerialStream   0xe               lufa-LUFA-140302/LUFA/Drivers/Peripheral/AVR8/Serial_AVR8.o
USB_ControlRequest  0x8               lufa-LUFA-140302/LUFA/Drivers/USB/Core/USBTask.o
ram                 0x10c             Lib/Ram.o
USB_Device_RemoteWakeupEnabled
                    0x1               lufa-LUFA-140302/LUFA/Drivers/USB/Core/DeviceStandardReq.o
__iob               0x6               /usr/lib/gcc/avr/4.7.2/../../../avr/lib/avr35/libc.a(iob.o)

Discarded input sections

 .data          0x00000000        0x0 /usr/lib/gcc/avr/4.7.2/../../../avr/lib/avr35/crtm16u2.o
 .bss           0x00000000        0x0 /usr/lib/gcc/avr/4.7.2/../../../avr/lib/avr35/crtm16u2.o
 .text          0x00000000        0x0 Hoodloader.o
 .data          0x00000000        0x0 Hoodloader.o
 .bss           0x00000000        0x0 Hoodloader.o
 .text          0x00000000        0x0 Descriptors.o
 .data          0x00000000        0x0 Descriptors.o
 .bss           0x00000000        0x0 Descriptors.o
 .text          0x00000000        0x0 Lib/HID.o
 .bss           0x00000000        0x0 Lib/HID.o
 .text.clearHIDReport
                0x00000000       0x48 Lib/HID.o
 .text.clearHIDReports
                0x00000000       0x34 Lib/HID.o
 .text          0x00000000        0x0 Lib/Ram.o
 .data          0x00000000        0x0 Lib/Ram.o
 .bss           0x00000000        0x0 Lib/Ram.o
 .text          0x00000000        0x0 Lib/ISP.o
 .data          0x00000000        0x0 Lib/ISP.o
 .bss           0x00000000        0x0 Lib/ISP.o
 .text.delayMicroseconds
                0x00000000       0x14 Lib/ISP.o
 .text.delay    0x00000000       0x4a Lib/ISP.o
 .text          0x00000000        0x0 Lib/NHP.o
 .data          0x00000000        0x0 Lib/NHP.o
 .bss           0x00000000        0x0 Lib/NHP.o
 .text.NHPwrite
                0x00000000       0x3c Lib/NHP.o
 .text          0x00000000        0x0 Lib/CDC.o
 .bss           0x00000000        0x0 Lib/CDC.o
 .text          0x00000000        0x0 lufa-LUFA-140302/LUFA/Drivers/Peripheral/AVR8/Serial_AVR8.o
 .data          0x00000000        0x0 lufa-LUFA-140302/LUFA/Drivers/Peripheral/AVR8/Serial_AVR8.o
 .bss           0x00000000        0x0 lufa-LUFA-140302/LUFA/Drivers/Peripheral/AVR8/Serial_AVR8.o
 .text.Serial_putchar
                0x00000000       0x12 lufa-LUFA-140302/LUFA/Drivers/Peripheral/AVR8/Serial_AVR8.o
 .text.Serial_getchar
                0x00000000       0x26 lufa-LUFA-140302/LUFA/Drivers/Peripheral/AVR8/Serial_AVR8.o
 .text.Serial_getchar_Blocking
                0x00000000       0x20 lufa-LUFA-140302/LUFA/Drivers/Peripheral/AVR8/Serial_AVR8.o
 .text.Serial_SendString_P
[...]
Memory Configuration

Name             Origin             Length             Attributes
text             0x00000000         0x00010000         xr
data             0x00800060         0x0000ffa0         rw !x
eeprom           0x00810000         0x00010000         rw !x
fuse             0x00820000         0x00000400         rw !x
lock             0x00830000         0x00000400         rw !x
signature        0x00840000         0x00000400         rw !x
*default*        0x00000000         0xffffffff

Linker script and memory map

Address of section .data set to 0x800100
LOAD /usr/lib/gcc/avr/4.7.2/../../../avr/lib/avr35/crtm16u2.o
LOAD Hoodloader.o
LOAD Descriptors.o
LOAD Lib/HID.o
LOAD Lib/Ram.o
LOAD Lib/ISP.o
LOAD Lib/NHP.o
LOAD Lib/CDC.o
LOAD lufa-LUFA-140302/LUFA/Drivers/Peripheral/AVR8/Serial_AVR8.o
LOAD lufa-LUFA-140302/LUFA/Drivers/USB/Class/Common/HIDParser.o
LOAD lufa-LUFA-140302/LUFA/Drivers/USB/Core/AVR8/Device_AVR8.o
LOAD lufa-LUFA-140302/LUFA/Drivers/USB/Core/AVR8/EndpointStream_AVR8.o
LOAD lufa-LUFA-140302/LUFA/Drivers/USB/Core/AVR8/Endpoint_AVR8.o
LOAD lufa-LUFA-140302/LUFA/Drivers/USB/Core/AVR8/Host_AVR8.o
LOAD lufa-LUFA-140302/LUFA/Drivers/USB/Core/AVR8/PipeStream_AVR8.o
LOAD lufa-LUFA-140302/LUFA/Drivers/USB/Core/AVR8/Pipe_AVR8.o
LOAD lufa-LUFA-140302/LUFA/Drivers/USB/Core/AVR8/USBController_AVR8.o
LOAD lufa-LUFA-140302/LUFA/Drivers/USB/Core/AVR8/USBInterrupt_AVR8.o
LOAD lufa-LUFA-140302/LUFA/Drivers/USB/Core/ConfigDescriptors.o
LOAD lufa-LUFA-140302/LUFA/Drivers/USB/Core/DeviceStandardReq.o
LOAD lufa-LUFA-140302/LUFA/Drivers/USB/Core/Events.o
LOAD lufa-LUFA-140302/LUFA/Drivers/USB/Core/HostStandardReq.o
LOAD lufa-LUFA-140302/LUFA/Drivers/USB/Core/USBTask.o
LOAD lufa-LUFA-140302/LUFA/Drivers/USB/Class/Device/AudioClassDevice.o
LOAD lufa-LUFA-140302/LUFA/Drivers/USB/Class/Device/CDCClassDevice.o
LOAD lufa-LUFA-140302/LUFA/Drivers/USB/Class/Device/HIDClassDevice.o
LOAD lufa-LUFA-140302/LUFA/Drivers/USB/Class/Device/MassStorageClassDevice.o
LOAD lufa-LUFA-140302/LUFA/Drivers/USB/Class/Device/MIDIClassDevice.o
LOAD lufa-LUFA-140302/LUFA/Drivers/USB/Class/Device/PrinterClassDevice.o
LOAD lufa-LUFA-140302/LUFA/Drivers/USB/Class/Device/RNDISClassDevice.o
LOAD lufa-LUFA-140302/LUFA/Drivers/USB/Class/Host/AndroidAccessoryClassHost.o
LOAD lufa-LUFA-140302/LUFA/Drivers/USB/Class/Host/AudioClassHost.o
LOAD lufa-LUFA-140302/LUFA/Drivers/USB/Class/Host/CDCClassHost.o
LOAD lufa-LUFA-140302/LUFA/Drivers/USB/Class/Host/HIDClassHost.o
LOAD lufa-LUFA-140302/LUFA/Drivers/USB/Class/Host/MassStorageClassHost.o
LOAD lufa-LUFA-140302/LUFA/Drivers/USB/Class/Host/MIDIClassHost.o
LOAD lufa-LUFA-140302/LUFA/Drivers/USB/Class/Host/PrinterClassHost.o
LOAD lufa-LUFA-140302/LUFA/Drivers/USB/Class/Host/RNDISClassHost.o
LOAD lufa-LUFA-140302/LUFA/Drivers/USB/Class/Host/StillImageClassHost.o
LOAD /usr/lib/gcc/avr/4.7.2/../../../avr/lib/avr35/libm.a
LOAD /usr/lib/gcc/avr/4.7.2/avr35/libgcc.a
LOAD /usr/lib/gcc/avr/4.7.2/../../../avr/lib/avr35/libc.a
LOAD /usr/lib/gcc/avr/4.7.2/avr35/libgcc.a

.hash
 *(.hash)

.dynsym
 *(.dynsym)

.dynstr
 *(.dynstr)

.gnu.version
 *(.gnu.version)

.gnu.version_d
 *(.gnu.version_d)

.gnu.version_r
 *(.gnu.version_r)

.rel.init
 *(.rel.init)

.rela.init
 *(.rela.init)

.rel.text
 *(.rel.text)
 *(.rel.text.*)
 *(.rel.gnu.linkonce.t*)

.rela.text
 *(.rela.text)
 *(.rela.text.*)
 *(.rela.gnu.linkonce.t*)

.rel.fini
 *(.rel.fini)

.rela.fini
 *(.rela.fini)

.rel.rodata
 *(.rel.rodata)
 *(.rel.rodata.*)
 *(.rel.gnu.linkonce.r*)

.rela.rodata
 *(.rela.rodata)
 *(.rela.rodata.*)
 *(.rela.gnu.linkonce.r*)

.rel.data
 *(.rel.data)
 *(.rel.data.*)
 *(.rel.gnu.linkonce.d*)

.rela.data
 *(.rela.data)
 *(.rela.data.*)
 *(.rela.gnu.linkonce.d*)

.rel.ctors
 *(.rel.ctors)

.rela.ctors
 *(.rela.ctors)

.rel.dtors
 *(.rel.dtors)

.rela.dtors
 *(.rela.dtors)

.rel.got
 *(.rel.got)

.rela.got
 *(.rela.got)

.rel.bss
 *(.rel.bss)

.rela.bss
 *(.rela.bss)

.rel.plt
 *(.rel.plt)

.rela.plt
 *(.rela.plt)

.text           0x00000000     0x25e4
 *(.vectors)
 .vectors       0x00000000       0x74 /usr/lib/gcc/avr/4.7.2/../../../avr/lib/avr35/crtm16u2.o
                0x00000000                __vectors
                0x00000000                __vector_default
 *(.vectors)
 *(.progmem.gcc*)
 *(.progmem*)
 .progmem.data  0x00000074      0x273 Descriptors.o
                0x00000074                ProductString
                0x000000a6                ManufacturerString
                0x000000ba                LanguageString
                0x000000be                ConfigurationDescriptor
                0x0000011d                DeviceDescriptor
                0x0000012f                HIDReport
                0x000002e8                . = ALIGN (0x2)
 *fill*         0x000002e7        0x1 00
                0x000002e8                __trampolines_start = .
 *(.trampolines)
 .trampolines   0x000002e8        0x0 linker stubs
 *(.trampolines*)
                0x000002e8                __trampolines_end = .
 *(.jumptables)
 *(.jumptables*)
 *(.lowtext)
 *(.lowtext*)
                0x000002e8                __ctors_start = .
 *(.ctors)
                0x000002e8                __ctors_end = .
                0x000002e8                __dtors_start = .
 *(.dtors)
                0x000002e8                __dtors_end = .
 SORT(*)(.ctors)
 SORT(*)(.dtors)
 *(.init0)
 .init0         0x000002e8        0x0 /usr/lib/gcc/avr/4.7.2/../../../avr/lib/avr35/crtm16u2.o
                0x000002e8                __init
 *(.init0)
 *(.init1)
 *(.init1)
 *(.init2)
 .init2         0x000002e8        0xc /usr/lib/gcc/avr/4.7.2/../../../avr/lib/avr35/crtm16u2.o
 *(.init2)
 *(.init3)
 *(.init3)
 *(.init4)
 .init4         0x000002f4       0x16 /usr/lib/gcc/avr/4.7.2/avr35/libgcc.a(_copy_data.o)
                0x000002f4                __do_copy_data
 .init4         0x0000030a       0x10 /usr/lib/gcc/avr/4.7.2/avr35/libgcc.a(_clear_bss.o)
                0x0000030a                __do_clear_bss
 *(.init4)
 *(.init5)
 *(.init5)
 *(.init6)
 *(.init6)
 *(.init7)
 *(.init7)
 *(.init8)
 *(.init8)
 *(.init9)
 .init9         0x0000031a        0x6 /usr/lib/gcc/avr/4.7.2/../../../avr/lib/avr35/crtm16u2.o
 *(.init9)
 *(.text)
 .text          0x00000320        0x2 /usr/lib/gcc/avr/4.7.2/../../../avr/lib/avr35/crtm16u2.o
                0x00000320                __vector_22
                0x00000320                __vector_28
                0x00000320                __vector_1
                0x00000320                __vector_24
                0x00000320                __bad_interrupt
                0x00000320                __vector_6
                0x00000320                __vector_3
                0x00000320                __vector_25
                0x00000320                __vector_13
                0x00000320                __vector_17
                0x00000320                __vector_19
                0x00000320                __vector_7
                0x00000320                __vector_27
                0x00000320                __vector_5
                0x00000320                __vector_4
                0x00000320                __vector_9
                0x00000320                __vector_2
                0x00000320                __vector_21
                0x00000320                __vector_15
                0x00000320                __vector_8
                0x00000320                __vector_26
                0x00000320                __vector_14
                0x00000320                __vector_10
                0x00000320                __vector_16
                0x00000320                __vector_18
                0x00000320                __vector_20
                0x00000322                . = ALIGN (0x2)
 *(.text.*)
 .text.SetupHardware
                0x00000322       0x58 Hoodloader.o
                0x00000322                SetupHardware
 .text.startup.main
                0x0000037a      0x1ea Hoodloader.o
                0x0000037a                main
 .text.EVENT_USB_Device_Connect
                0x00000564        0x2 Hoodloader.o
                0x00000564                EVENT_USB_Device_Connect
 .text.EVENT_USB_Device_Disconnect
                0x00000566        0x2 Hoodloader.o
                0x00000566                EVENT_USB_Device_Disconnect
 .text.EVENT_USB_Device_ConfigurationChanged
                0x00000568       0x1c Hoodloader.o
                0x00000568                EVENT_USB_Device_ConfigurationChanged
 .text.__vector_23
                0x00000584       0x78 Hoodloader.o
                0x00000584                __vector_23
 .text.EVENT_USB_Device_ControlRequest
                0x000005fc       0x10 Hoodloader.o
                0x000005fc                EVENT_USB_Device_ControlRequest
 .text.EVENT_USB_Device_StartOfFrame
                0x0000060c       0x18 Hoodloader.o
                0x0000060c                EVENT_USB_Device_StartOfFrame
 .text.CALLBACK_USB_GetDescriptor
                0x00000624       0xa2 Descriptors.o
                0x00000624                CALLBACK_USB_GetDescriptor
 .text.CALLBACK_HID_Device_CreateHIDReport
                0x000006c6       0x74 Lib/HID.o
                0x000006c6                CALLBACK_HID_Device_CreateHIDReport
 .text.CALLBACK_HID_Device_ProcessHIDReport
                0x0000073a       0x24 Lib/HID.o
                0x0000073a                CALLBACK_HID_Device_ProcessHIDReport
 .text.flushHID
                0x0000075e       0x20 Lib/HID.o
                0x0000075e                flushHID
 .text.getHIDReportLength
                0x0000077e       0x18 Lib/HID.o
                0x0000077e                getHIDReportLength
 .text.writeToCDC
                0x00000796       0x2a Lib/HID.o
                0x00000796                writeToCDC
 .text.checkNHPControlAddressError
                0x000007c0       0x54 Lib/HID.o
                0x000007c0                checkNHPControlAddressError
 .text.checkNHPProtocol
                0x00000814       0xee Lib/HID.o
                0x00000814                checkNHPProtocol
 .text.LEDs_TurnOnLEDs
                0x00000902        0xa Lib/ISP.o
 .text.sendCDCbyte
                0x0000090c       0x4a Lib/ISP.o
                0x0000090c                sendCDCbyte
 .text.getch    0x00000956        0xe Lib/ISP.o
                0x00000956                getch
 .text.fill     0x00000964       0x36 Lib/ISP.o
                0x00000964                fill
 .text.set_parameters
                0x0000099a       0x2e Lib/ISP.o
                0x0000099a                set_parameters
 .text.breply   0x000009c8       0x32 Lib/ISP.o
                0x000009c8                breply
 .text.get_parameters
                0x000009fa       0x2a Lib/ISP.o
                0x000009fa                get_parameters
 .text.replyOK  0x00000a24       0x68 Lib/ISP.o
                0x00000a24                replyOK
 .text.spi_init
                0x00000a8c        0xa Lib/ISP.o
                0x00000a8c                spi_init
 .text.spi_wait
                0x00000a96        0x8 Lib/ISP.o
                0x00000a96                spi_wait
 .text.spi_send
                0x00000a9e        0x8 Lib/ISP.o
                0x00000a9e                spi_send
 .text.spi_transaction
                0x00000aa6       0x30 Lib/ISP.o
                0x00000aa6                spi_transaction
 .text.start_pmode
                0x00000ad6       0x54 Lib/ISP.o
                0x00000ad6                start_pmode
 .text.flash_read
                0x00000b2a       0x10 Lib/ISP.o
                0x00000b2a                flash_read
 .text.flash_read_page
                0x00000b3a       0x54 Lib/ISP.o
                0x00000b3a                flash_read_page
 .text.universal
                0x00000b8e       0x1a Lib/ISP.o
                0x00000b8e                universal
 .text.read_signature
                0x00000ba8       0x48 Lib/ISP.o
                0x00000ba8                read_signature
 .text.end_pmode
                0x00000bf0       0x48 Lib/ISP.o
                0x00000bf0                end_pmode
 .text.write_eeprom_chunk
                0x00000c38       0x72 Lib/ISP.o
                0x00000c38                write_eeprom_chunk
 .text.write_eeprom
                0x00000caa       0x62 Lib/ISP.o
                0x00000caa                write_eeprom
 .text.eeprom_read_page
                0x00000d0c       0x48 Lib/ISP.o
                0x00000d0c                eeprom_read_page
 .text.read_page
                0x00000d54       0x5c Lib/ISP.o
                0x00000d54                read_page
 .text.commit   0x00000db0       0x22 Lib/ISP.o
                0x00000db0                commit
 .text.current_page
                0x00000dd2       0x3a Lib/ISP.o
                0x00000dd2                current_page
 .text.flash    0x00000e0c       0x12 Lib/ISP.o
                0x00000e0c                flash
 .text.write_flash_pages
                0x00000e1e       0x8c Lib/ISP.o
                0x00000e1e                write_flash_pages
 .text.write_flash
                0x00000eaa       0x32 Lib/ISP.o
                0x00000eaa                write_flash
 .text.program_page
                0x00000edc       0x7c Lib/ISP.o
                0x00000edc                program_page
 .text.avrisp   0x00000f58      0x190 Lib/ISP.o
                0x00000f58                avrisp
 .text.NHPread  0x000010e8      0x15a Lib/NHP.o
                0x000010e8                NHPread
 .text.NHPreadChecksum
                0x00001242       0x46 Lib/NHP.o
                0x00001242                NHPreadChecksum
 .text.NHPwriteChecksum
                0x00001288       0x84 Lib/NHP.o
                0x00001288                NHPwriteChecksum
 .text.EVENT_CDC_Device_ControLineStateChanged
                0x0000130c       0x16 Lib/CDC.o
                0x0000130c                EVENT_CDC_Device_ControLineStateChanged
 .text.SerialInitHID
                0x00001322       0x2c Lib/CDC.o
                0x00001322                SerialInitHID
 .text.EVENT_CDC_Device_LineEncodingChanged
                0x0000134e      0x124 Lib/CDC.o
                0x0000134e                EVENT_CDC_Device_LineEncodingChanged
 .text.Serial_SendData
                0x00001472       0x20 lufa-LUFA-140302/LUFA/Drivers/Peripheral/AVR8/Serial_AVR8.o
                0x00001472                Serial_SendData
 .text.Endpoint_Write_Stream_LE
                0x00001492       0x9a lufa-LUFA-140302/LUFA/Drivers/USB/Core/AVR8/EndpointStream_AVR8.o
                0x00001492                Endpoint_Write_Stream_LE
 .text.Endpoint_Write_Control_Stream_LE
                0x0000152c       0xc0 lufa-LUFA-140302/LUFA/Drivers/USB/Core/AVR8/EndpointStream_AVR8.o
                0x0000152c                Endpoint_Write_Control_Stream_LE
 .text.Endpoint_Read_Control_Stream_LE
                0x000015ec       0x80 lufa-LUFA-140302/LUFA/Drivers/USB/Core/AVR8/EndpointStream_AVR8.o
                0x000015ec                Endpoint_Read_Control_Stream_LE
 .text.Endpoint_Write_Control_PStream_LE
                0x0000166c       0xc2 lufa-LUFA-140302/LUFA/Drivers/USB/Core/AVR8/EndpointStream_AVR8.o
                0x0000166c                Endpoint_Write_Control_PStream_LE
 .text.Endpoint_ConfigureEndpoint_Prv
                0x0000172e       0x6e lufa-LUFA-140302/LUFA/Drivers/USB/Core/AVR8/Endpoint_AVR8.o
                0x0000172e                Endpoint_ConfigureEndpoint_Prv
 .text.Endpoint_ConfigureEndpointTable
                0x0000179c       0x7c lufa-LUFA-140302/LUFA/Drivers/USB/Core/AVR8/Endpoint_AVR8.o
                0x0000179c                Endpoint_ConfigureEndpointTable
 .text.Endpoint_ClearStatusStage
                0x00001818       0x42 lufa-LUFA-140302/LUFA/Drivers/USB/Core/AVR8/Endpoint_AVR8.o
                0x00001818                Endpoint_ClearStatusStage
 .text.Endpoint_WaitUntilReady
                0x0000185a       0x64 lufa-LUFA-140302/LUFA/Drivers/USB/Core/AVR8/Endpoint_AVR8.o
                0x0000185a                Endpoint_WaitUntilReady
 .text.USB_ResetInterface
                0x000018be       0x72 lufa-LUFA-140302/LUFA/Drivers/USB/Core/AVR8/USBController_AVR8.o
                0x000018be                USB_ResetInterface
 .text.USB_Init
                0x00001930       0x12 lufa-LUFA-140302/LUFA/Drivers/USB/Core/AVR8/USBController_AVR8.o
                0x00001930                USB_Init
 .text.USB_INT_DisableAllInterrupts
                0x00001942        0x6 lufa-LUFA-140302/LUFA/Drivers/USB/Core/AVR8/USBInterrupt_AVR8.o
                0x00001942                USB_INT_DisableAllInterrupts
 .text.USB_INT_ClearAllInterrupts
                0x00001948        0x6 lufa-LUFA-140302/LUFA/Drivers/USB/Core/AVR8/USBInterrupt_AVR8.o
                0x00001948                USB_INT_ClearAllInterrupts
 .text.__vector_11
                0x0000194e      0x158 lufa-LUFA-140302/LUFA/Drivers/USB/Core/AVR8/USBInterrupt_AVR8.o
                0x0000194e                __vector_11
 .text.__vector_12
                0x00001aa6       0x86 lufa-LUFA-140302/LUFA/Drivers/USB/Core/AVR8/USBInterrupt_AVR8.o
                0x00001aa6                __vector_12
 .text.USB_Device_ProcessControlRequest
                0x00001b2c      0x2c8 lufa-LUFA-140302/LUFA/Drivers/USB/Core/DeviceStandardReq.o
                0x00001b2c                USB_Device_ProcessControlRequest
 .text.USB_Event_Stub
                0x00001df4        0x2 lufa-LUFA-140302/LUFA/Drivers/USB/Core/Events.o
                0x00001df4                EVENT_USB_Device_WakeUp
                0x00001df4                USB_Event_Stub
                0x00001df4                EVENT_USB_Device_Suspend
                0x00001df4                EVENT_USB_Device_Reset
 .text.USB_USBTask
                0x00001df6       0x38 lufa-LUFA-140302/LUFA/Drivers/USB/Core/USBTask.o
                0x00001df6                USB_USBTask
 .text.CDC_Device_ConfigureEndpoints
                0x00001e2e       0x4a lufa-LUFA-140302/LUFA/Drivers/USB/Class/Device/CDCClassDevice.o
                0x00001e2e                CDC_Device_ConfigureEndpoints
 .text.CDC_Device_SendData
                0x00001e78       0x3c lufa-LUFA-140302/LUFA/Drivers/USB/Class/Device/CDCClassDevice.o
                0x00001e78                CDC_Device_SendData
 .text.CDC_Device_SendByte
                0x00001eb4       0x4e lufa-LUFA-140302/LUFA/Drivers/USB/Class/Device/CDCClassDevice.o
                0x00001eb4                CDC_Device_SendByte
 .text.CDC_Device_Flush
                0x00001f02       0x56 lufa-LUFA-140302/LUFA/Drivers/USB/Class/Device/CDCClassDevice.o
                0x00001f02                CDC_Device_Flush
 .text.CDC_Device_USBTask
                0x00001f58       0x2c lufa-LUFA-140302/LUFA/Drivers/USB/Class/Device/CDCClassDevice.o
                0x00001f58                CDC_Device_USBTask
 .text.CDC_Device_ReceiveByte
                0x00001f84       0x5a lufa-LUFA-140302/LUFA/Drivers/USB/Class/Device/CDCClassDevice.o
                0x00001f84                CDC_Device_ReceiveByte
 .text.CDC_Device_Event_Stub
                0x00001fde        0x2 lufa-LUFA-140302/LUFA/Drivers/USB/Class/Device/CDCClassDevice.o
                0x00001fde                EVENT_CDC_Device_BreakSent
                0x00001fde                CDC_Device_Event_Stub
 .text.CDC_Device_ProcessControlRequest
                0x00001fe0      0x162 lufa-LUFA-140302/LUFA/Drivers/USB/Class/Device/CDCClassDevice.o
                0x00001fe0                CDC_Device_ProcessControlRequest
 .text.HID_Device_ProcessControlRequest
                0x00002142      0x26e lufa-LUFA-140302/LUFA/Drivers/USB/Class/Device/HIDClassDevice.o
                0x00002142                HID_Device_ProcessControlRequest
 .text.HID_Device_ConfigureEndpoints
                0x000023b0       0x2a lufa-LUFA-140302/LUFA/Drivers/USB/Class/Device/HIDClassDevice.o
                0x000023b0                HID_Device_ConfigureEndpoints
 .text.HID_Device_USBTask
                0x000023da      0x188 lufa-LUFA-140302/LUFA/Drivers/USB/Class/Device/HIDClassDevice.o
                0x000023da                HID_Device_USBTask
 .text.libgcc.div
                0x00002562       0x44 /usr/lib/gcc/avr/4.7.2/avr35/libgcc.a(_udivmodsi4.o)
                0x00002562                __udivmodsi4
 .text.avr-libc
                0x000025a6       0x1a /usr/lib/gcc/avr/4.7.2/../../../avr/lib/avr35/libc.a(memcmp.o)
                0x000025a6                memcmp
 .text.avr-libc
                0x000025c0       0x12 /usr/lib/gcc/avr/4.7.2/../../../avr/lib/avr35/libc.a(memcpy.o)
                0x000025c0                memcpy
 .text.avr-libc
                0x000025d2        0xe /usr/lib/gcc/avr/4.7.2/../../../avr/lib/avr35/libc.a(memset.o)
                0x000025d2                memset
                0x000025e0                . = ALIGN (0x2)
 *(.fini9)
 .fini9         0x000025e0        0x0 /usr/lib/gcc/avr/4.7.2/avr35/libgcc.a(_exit.o)
                0x000025e0                exit
                0x000025e0                _exit
 *(.fini9)
 *(.fini8)
 *(.fini8)
 *(.fini7)
 *(.fini7)
 *(.fini6)
 *(.fini6)
 *(.fini5)
 *(.fini5)
 *(.fini4)
 *(.fini4)
 *(.fini3)
 *(.fini3)
 *(.fini2)
 *(.fini2)
 *(.fini1)
 *(.fini1)
 *(.fini0)
 .fini0         0x000025e0        0x4 /usr/lib/gcc/avr/4.7.2/avr35/libgcc.a(_exit.o)
 *(.fini0)
                0x000025e4                _etext = .

.data           0x00800100       0x36 load address 0x000025e4
                0x00800100                PROVIDE (__data_start, .)
 *(.data)
 .data          0x00800100       0x10 Lib/HID.o
                0x00800100                Device_HID_Interface
 .data          0x00800110       0x1b Lib/CDC.o
                0x00800110                VirtualSerial_CDC_Interface
 *(.data*)
 *(.rodata)
 .rodata        0x0080012b        0x9 Lib/HID.o
 .rodata        0x00800134        0x2 Lib/CDC.o
 *(.rodata*)
 *(.gnu.linkonce.d*)
                0x00800136                . = ALIGN (0x2)
                0x00800136                _edata = .
                0x00800136                PROVIDE (__data_end, .)

.bss            0x00800136      0x119
                0x00800136                PROVIDE (__bss_start, .)
 *(.bss)
 *(.bss*)
 *(COMMON)
 COMMON         0x00800136      0x10c Lib/Ram.o
                0x00800136                ram
 COMMON         0x00800242        0x3 lufa-LUFA-140302/LUFA/Drivers/USB/Core/DeviceStandardReq.o
                0x00800242                USB_Device_ConfigurationNumber
                0x00800243                USB_Device_CurrentlySelfPowered
                0x00800244                USB_Device_RemoteWakeupEnabled
 COMMON         0x00800245        0xa lufa-LUFA-140302/LUFA/Drivers/USB/Core/USBTask.o
                0x00800245                USB_IsInitialized
                0x00800246                USB_DeviceState
                0x00800247                USB_ControlRequest
                0x0080024f                PROVIDE (__bss_end, .)
                0x000025e4                __data_load_start = LOADADDR (.data)
                0x0000261a                __data_load_end = (__data_load_start + SIZEOF (.data))

.noinit         0x0080024f        0x0
                0x0080024f                PROVIDE (__noinit_start, .)
 *(.noinit*)
                0x0080024f                PROVIDE (__noinit_end, .)
                0x0080024f                _end = .
                0x0080024f                PROVIDE (__heap_start, .)

.eeprom         0x00810000        0x0
 *(.eeprom*)
                0x00810000                __eeprom_end = .

.fuse
 *(.fuse)
 *(.lfuse)
 *(.hfuse)
 *(.efuse)

.lock
 *(.lock*)

.signature
 *(.signature*)

.stab           0x00000000      0xd98
 *(.stab)
 .stab          0x00000000      0x6cc /usr/lib/gcc/avr/4.7.2/../../../avr/lib/avr35/crtm16u2.o
 .stab          0x000006cc       0x84 /usr/lib/gcc/avr/4.7.2/../../../avr/lib/avr35/libc.a(memcpy_P.o)
                                 0x90 (size before relaxing)
 .stab          0x00000750       0xb4 /usr/lib/gcc/avr/4.7.2/../../../avr/lib/avr35/libc.a(memcmp.o)
                                 0xc0 (size before relaxing)
 .stab          0x00000804       0x84 /usr/lib/gcc/avr/4.7.2/../../../avr/lib/avr35/libc.a(memcpy.o)
                                 0x90 (size before relaxing)
 .stab          0x00000888       0x6c /usr/lib/gcc/avr/4.7.2/../../../avr/lib/avr35/libc.a(memset.o)
                                 0x78 (size before relaxing)
 .stab          0x000008f4      0x300 /usr/lib/gcc/avr/4.7.2/../../../avr/lib/avr35/libc.a(iob.o)
                                0x30c (size before relaxing)
 .stab          0x00000bf4       0x90 /usr/lib/gcc/avr/4.7.2/../../../avr/lib/avr35/libc.a(eerd_byte_atmega16u2.o)
                                 0x9c (size before relaxing)
 .stab          0x00000c84      0x114 /usr/lib/gcc/avr/4.7.2/../../../avr/lib/avr35/libc.a(eeupd_byte_atmega16u2.o)
                                0x120 (size before relaxing)

.stabstr        0x00000000      0x91f
 *(.stabstr)
 .stabstr       0x00000000      0x91f /usr/lib/gcc/avr/4.7.2/../../../avr/lib/avr35/crtm16u2.o

.stab.excl
 *(.stab.excl)

.stab.exclstr
 *(.stab.exclstr)

.stab.index
 *(.stab.index)

.stab.indexstr
 *(.stab.indexstr)

.comment        0x00000000       0x22
 *(.comment)
 .comment       0x00000000       0x11 Hoodloader.o
                                 0x12 (size before relaxing)
 .comment       0x00000000       0x12 Descriptors.o
 .comment       0x00000000       0x12 Lib/HID.o
 .comment       0x00000000       0x12 Lib/Ram.o
 .comment       0x00000000       0x12 Lib/ISP.o
 .comment       0x00000000       0x12 Lib/NHP.o
 .comment       0x00000000       0x12 Lib/CDC.o
 .comment       0x00000000       0x12 lufa-LUFA-140302/LUFA/Drivers/Peripheral/AVR8/Serial_AVR8.o
 .comment       0x00000000       0x12 lufa-LUFA-140302/LUFA/Drivers/USB/Class/Common/HIDParser.o
 .comment       0x00000000       0x12 lufa-LUFA-140302/LUFA/Drivers/USB/Core/AVR8/Device_AVR8.o
 .comment       0x00000000       0x12 lufa-LUFA-140302/LUFA/Drivers/USB/Core/AVR8/EndpointStream_AVR8.o
 .comment       0x00000000       0x12 lufa-LUFA-140302/LUFA/Drivers/USB/Core/AVR8/Endpoint_AVR8.o
 .comment       0x00000000       0x12 lufa-LUFA-140302/LUFA/Drivers/USB/Core/AVR8/Host_AVR8.o
 .comment       0x00000000       0x12 lufa-LUFA-140302/LUFA/Drivers/USB/Core/AVR8/PipeStream_AVR8.o
 .comment       0x00000000       0x12 lufa-LUFA-140302/LUFA/Drivers/USB/Core/AVR8/Pipe_AVR8.o
 .comment       0x00000000       0x12 lufa-LUFA-140302/LUFA/Drivers/USB/Core/AVR8/USBController_AVR8.o
 .comment       0x00000000       0x12 lufa-LUFA-140302/LUFA/Drivers/USB/Core/AVR8/USBInterrupt_AVR8.o
 .comment       0x00000000       0x12 lufa-LUFA-140302/LUFA/Drivers/USB/Core/ConfigDescriptors.o
 .comment       0x00000000       0x12 lufa-LUFA-140302/LUFA/Drivers/USB/Core/DeviceStandardReq.o
 .comment       0x00000000       0x12 lufa-LUFA-140302/LUFA/Drivers/USB/Core/Events.o
 .comment       0x00000000       0x12 lufa-LUFA-140302/LUFA/Drivers/USB/Core/HostStandardReq.o
 .comment       0x00000000       0x12 lufa-LUFA-140302/LUFA/Drivers/USB/Core/USBTask.o
 .comment       0x00000000       0x12 lufa-LUFA-140302/LUFA/Drivers/USB/Class/Device/AudioClassDevice.o
 .comment       0x00000000       0x12 lufa-LUFA-140302/LUFA/Drivers/USB/Class/Device/CDCClassDevice.o
 .comment       0x00000000       0x12 lufa-LUFA-140302/LUFA/Drivers/USB/Class/Device/HIDClassDevice.o
 .comment       0x00000000       0x12 lufa-LUFA-140302/LUFA/Drivers/USB/Class/Device/MassStorageClassDevice.o
 .comment       0x00000000       0x12 lufa-LUFA-140302/LUFA/Drivers/USB/Class/Device/MIDIClassDevice.o
 .comment       0x00000000       0x12 lufa-LUFA-140302/LUFA/Drivers/USB/Class/Device/PrinterClassDevice.o
 .comment       0x00000000       0x12 lufa-LUFA-140302/LUFA/Drivers/USB/Class/Device/RNDISClassDevice.o
 .comment       0x00000000       0x12 lufa-LUFA-140302/LUFA/Drivers/USB/Class/Host/AndroidAccessoryClassHost.o
 .comment       0x00000000       0x12 lufa-LUFA-140302/LUFA/Drivers/USB/Class/Host/AudioClassHost.o
 .comment       0x00000000       0x12 lufa-LUFA-140302/LUFA/Drivers/USB/Class/Host/CDCClassHost.o
 .comment       0x00000000       0x12 lufa-LUFA-140302/LUFA/Drivers/USB/Class/Host/HIDClassHost.o
 .comment       0x00000000       0x12 lufa-LUFA-140302/LUFA/Drivers/USB/Class/Host/MassStorageClassHost.o
 .comment       0x00000000       0x12 lufa-LUFA-140302/LUFA/Drivers/USB/Class/Host/MIDIClassHost.o
 .comment       0x00000000       0x12 lufa-LUFA-140302/LUFA/Drivers/USB/Class/Host/PrinterClassHost.o
 .comment       0x00000000       0x12 lufa-LUFA-140302/LUFA/Drivers/USB/Class/Host/RNDISClassHost.o
 .comment       0x00000000       0x12 lufa-LUFA-140302/LUFA/Drivers/USB/Class/Host/StillImageClassHost.o
 .comment       0x00000011       0x11 /usr/lib/gcc/avr/4.7.2/../../../avr/lib/avr35/libc.a(iob.o)
                                 0x12 (size before relaxing)

.debug
 *(.debug)

.line
 *(.line)

.debug_srcinfo
 *(.debug_srcinfo)

.debug_sfnames
 *(.debug_sfnames)

.debug_aranges  0x00000000      0x8a0
 *(.debug_aranges)
 .debug_aranges
                0x00000000       0x58 Hoodloader.o
 .debug_aranges
                0x00000058       0x20 Descriptors.o
 .debug_aranges
                0x00000078       0x60 Lib/HID.o
 .debug_aranges
                0x000000d8       0x18 Lib/Ram.o
 .debug_aranges
                0x000000f0      0x110 Lib/ISP.o
 .debug_aranges
                0x00000200       0x38 Lib/NHP.o
 .debug_aranges
                0x00000238       0x30 Lib/CDC.o
 .debug_aranges
                0x00000268       0x58 lufa-LUFA-140302/LUFA/Drivers/Peripheral/AVR8/Serial_AVR8.o
 .debug_aranges
                0x000002c0       0x38 lufa-LUFA-140302/LUFA/Drivers/USB/Class/Common/HIDParser.o
 .debug_aranges
                0x000002f8       0x20 lufa-LUFA-140302/LUFA/Drivers/USB/Core/AVR8/Device_AVR8.o
 .debug_aranges
                0x00000318       0xc8 lufa-LUFA-140302/LUFA/Drivers/USB/Core/AVR8/EndpointStream_AVR8.o
 .debug_aranges
                0x000003e0       0x40 lufa-LUFA-140302/LUFA/Drivers/USB/Core/AVR8/Endpoint_AVR8.o
 .debug_aranges
                0x00000420       0x18 lufa-LUFA-140302/LUFA/Drivers/USB/Core/AVR8/Host_AVR8.o
 .debug_aranges
                0x00000438       0x18 lufa-LUFA-140302/LUFA/Drivers/USB/Core/AVR8/PipeStream_AVR8.o
 .debug_aranges
                0x00000450       0x18 lufa-LUFA-140302/LUFA/Drivers/USB/Core/AVR8/Pipe_AVR8.o
 .debug_aranges
                0x00000468       0x30 lufa-LUFA-140302/LUFA/Drivers/USB/Core/AVR8/USBController_AVR8.o
 .debug_aranges
                0x00000498       0x38 lufa-LUFA-140302/LUFA/Drivers/USB/Core/AVR8/USBInterrupt_AVR8.o
 .debug_aranges
                0x000004d0       0x40 lufa-LUFA-140302/LUFA/Drivers/USB/Core/ConfigDescriptors.o
 .debug_aranges
                0x00000510       0x20 lufa-LUFA-140302/LUFA/Drivers/USB/Core/DeviceStandardReq.o
 .debug_aranges
                0x00000530       0x20 lufa-LUFA-140302/LUFA/Drivers/USB/Core/Events.o
 .debug_aranges
                0x00000550       0x18 lufa-LUFA-140302/LUFA/Drivers/USB/Core/HostStandardReq.o
 .debug_aranges
                0x00000568       0x20 lufa-LUFA-140302/LUFA/Drivers/USB/Core/USBTask.o
 .debug_aranges
                0x00000588       0x30 lufa-LUFA-140302/LUFA/Drivers/USB/Class/Device/AudioClassDevice.o
 .debug_aranges
                0x000005b8       0x98 lufa-LUFA-140302/LUFA/Drivers/USB/Class/Device/CDCClassDevice.o
 .debug_aranges
                0x00000650       0x30 lufa-LUFA-140302/LUFA/Drivers/USB/Class/Device/HIDClassDevice.o
 .debug_aranges
                0x00000680       0x30 lufa-LUFA-140302/LUFA/Drivers/USB/Class/Device/MassStorageClassDevice.o
 .debug_aranges
                0x000006b0       0x40 lufa-LUFA-140302/LUFA/Drivers/USB/Class/Device/MIDIClassDevice.o
 .debug_aranges
                0x000006f0       0x90 lufa-LUFA-140302/LUFA/Drivers/USB/Class/Device/PrinterClassDevice.o
 .debug_aranges
                0x00000780       0x48 lufa-LUFA-140302/LUFA/Drivers/USB/Class/Device/RNDISClassDevice.o
 .debug_aranges
                0x000007c8       0x18 lufa-LUFA-140302/LUFA/Drivers/USB/Class/Host/AndroidAccessoryClassHost.o
 .debug_aranges
                0x000007e0       0x18 lufa-LUFA-140302/LUFA/Drivers/USB/Class/Host/AudioClassHost.o
 .debug_aranges
                0x000007f8       0x18 lufa-LUFA-140302/LUFA/Drivers/USB/Class/Host/CDCClassHost.o
 .debug_aranges
                0x00000810       0x18 lufa-LUFA-140302/LUFA/Drivers/USB/Class/Host/HIDClassHost.o
 .debug_aranges
                0x00000828       0x18 lufa-LUFA-140302/LUFA/Drivers/USB/Class/Host/MassStorageClassHost.o
 .debug_aranges
                0x00000840       0x18 lufa-LUFA-140302/LUFA/Drivers/USB/Class/Host/MIDIClassHost.o
 .debug_aranges
                0x00000858       0x18 lufa-LUFA-140302/LUFA/Drivers/USB/Class/Host/PrinterClassHost.o
 .debug_aranges
                0x00000870       0x18 lufa-LUFA-140302/LUFA/Drivers/USB/Class/Host/RNDISClassHost.o
 .debug_aranges
                0x00000888       0x18 lufa-LUFA-140302/LUFA/Drivers/USB/Class/Host/StillImageClassHost.o

.debug_pubnames
 *(.debug_pubnames)

.debug_info     0x00000000     0xe5da
 *(.debug_info)
 .debug_info    0x00000000      0xeb5 Hoodloader.o
 .debug_info    0x00000eb5      0x9e0 Descriptors.o
 .debug_info    0x00001895      0xb58 Lib/HID.o
 .debug_info    0x000023ed      0x38f Lib/Ram.o
 .debug_info    0x0000277c     0x1889 Lib/ISP.o
 .debug_info    0x00004005      0x343 Lib/NHP.o
 .debug_info    0x00004348      0x8b9 Lib/CDC.o
 .debug_info    0x00004c01      0x441 lufa-LUFA-140302/LUFA/Drivers/Peripheral/AVR8/Serial_AVR8.o
 .debug_info    0x00005042      0x73a lufa-LUFA-140302/LUFA/Drivers/USB/Class/Common/HIDParser.o
 .debug_info    0x0000577c       0xd2 lufa-LUFA-140302/LUFA/Drivers/USB/Core/AVR8/Device_AVR8.o
 .debug_info    0x0000584e     0x1746 lufa-LUFA-140302/LUFA/Drivers/USB/Core/AVR8/EndpointStream_AVR8.o
 .debug_info    0x00006f94      0x61b lufa-LUFA-140302/LUFA/Drivers/USB/Core/AVR8/Endpoint_AVR8.o
 .debug_info    0x000075af       0x56 lufa-LUFA-140302/LUFA/Drivers/USB/Core/AVR8/Host_AVR8.o
 .debug_info    0x00007605       0x56 lufa-LUFA-140302/LUFA/Drivers/USB/Core/AVR8/PipeStream_AVR8.o
 .debug_info    0x0000765b       0x56 lufa-LUFA-140302/LUFA/Drivers/USB/Core/AVR8/Pipe_AVR8.o
 .debug_info    0x000076b1      0x46a lufa-LUFA-140302/LUFA/Drivers/USB/Core/AVR8/USBController_AVR8.o
 .debug_info    0x00007b1b      0x70e lufa-LUFA-140302/LUFA/Drivers/USB/Core/AVR8/USBInterrupt_AVR8.o
 .debug_info    0x00008229      0x3cd lufa-LUFA-140302/LUFA/Drivers/USB/Core/ConfigDescriptors.o
 .debug_info    0x000085f6      0xa54 lufa-LUFA-140302/LUFA/Drivers/USB/Core/DeviceStandardReq.o
 .debug_info    0x0000904a       0x78 lufa-LUFA-140302/LUFA/Drivers/USB/Core/Events.o
 .debug_info    0x000090c2       0x56 lufa-LUFA-140302/LUFA/Drivers/USB/Core/HostStandardReq.o
 .debug_info    0x00009118      0x26d lufa-LUFA-140302/LUFA/Drivers/USB/Core/USBTask.o
 .debug_info    0x00009385      0x8f0 lufa-LUFA-140302/LUFA/Drivers/USB/Class/Device/AudioClassDevice.o
 .debug_info    0x00009c75      0xe82 lufa-LUFA-140302/LUFA/Drivers/USB/Class/Device/CDCClassDevice.o
 .debug_info    0x0000aaf7      0x9e1 lufa-LUFA-140302/LUFA/Drivers/USB/Class/Device/HIDClassDevice.o
 .debug_info    0x0000b4d8      0x957 lufa-LUFA-140302/LUFA/Drivers/USB/Class/Device/MassStorageClassDevice.o
 .debug_info    0x0000be2f      0x631 lufa-LUFA-140302/LUFA/Drivers/USB/Class/Device/MIDIClassDevice.o
 .debug_info    0x0000c460      0xce5 lufa-LUFA-140302/LUFA/Drivers/USB/Class/Device/PrinterClassDevice.o
 .debug_info    0x0000d145     0x118f lufa-LUFA-140302/LUFA/Drivers/USB/Class/Device/RNDISClassDevice.o
 .debug_info    0x0000e2d4       0x56 lufa-LUFA-140302/LUFA/Drivers/USB/Class/Host/AndroidAccessoryClassHost.o
 .debug_info    0x0000e32a       0x56 lufa-LUFA-140302/LUFA/Drivers/USB/Class/Host/AudioClassHost.o
 .debug_info    0x0000e380       0x56 lufa-LUFA-140302/LUFA/Drivers/USB/Class/Host/CDCClassHost.o
 .debug_info    0x0000e3d6       0x56 lufa-LUFA-140302/LUFA/Drivers/USB/Class/Host/HIDClassHost.o
 .debug_info    0x0000e42c       0x56 lufa-LUFA-140302/LUFA/Drivers/USB/Class/Host/MassStorageClassHost.o
 .debug_info    0x0000e482       0x56 lufa-LUFA-140302/LUFA/Drivers/USB/Class/Host/MIDIClassHost.o
 .debug_info    0x0000e4d8       0x56 lufa-LUFA-140302/LUFA/Drivers/USB/Class/Host/PrinterClassHost.o
 .debug_info    0x0000e52e       0x56 lufa-LUFA-140302/LUFA/Drivers/USB/Class/Host/RNDISClassHost.o
 .debug_info    0x0000e584       0x56 lufa-LUFA-140302/LUFA/Drivers/USB/Class/Host/StillImageClassHost.o
 *(.gnu.linkonce.wi.*)

.debug_abbrev   0x00000000     0x3b7e
 *(.debug_abbrev)
 .debug_abbrev  0x00000000      0x409 Hoodloader.o
 .debug_abbrev  0x00000409      0x184 Descriptors.o
 .debug_abbrev  0x0000058d      0x36f Lib/HID.o
 .debug_abbrev  0x000008fc       0xfb Lib/Ram.o
 .debug_abbrev  0x000009f7      0x4e6 Lib/ISP.o
 .debug_abbrev  0x00000edd      0x144 Lib/NHP.o
 .debug_abbrev  0x00001021      0x2ae Lib/CDC.o
 .debug_abbrev  0x000012cf      0x1da lufa-LUFA-140302/LUFA/Drivers/Peripheral/AVR8/Serial_AVR8.o
 .debug_abbrev  0x000014a9      0x22b lufa-LUFA-140302/LUFA/Drivers/USB/Class/Common/HIDParser.o
 .debug_abbrev  0x000016d4       0x80 lufa-LUFA-140302/LUFA/Drivers/USB/Core/AVR8/Device_AVR8.o
 .debug_abbrev  0x00001754      0x21a lufa-LUFA-140302/LUFA/Drivers/USB/Core/AVR8/EndpointStream_AVR8.o
 .debug_abbrev  0x0000196e      0x222 lufa-LUFA-140302/LUFA/Drivers/USB/Core/AVR8/Endpoint_AVR8.o
 .debug_abbrev  0x00001b90       0x26 lufa-LUFA-140302/LUFA/Drivers/USB/Core/AVR8/Host_AVR8.o
 .debug_abbrev  0x00001bb6       0x26 lufa-LUFA-140302/LUFA/Drivers/USB/Core/AVR8/PipeStream_AVR8.o
 .debug_abbrev  0x00001bdc       0x26 lufa-LUFA-140302/LUFA/Drivers/USB/Core/AVR8/Pipe_AVR8.o
 .debug_abbrev  0x00001c02      0x18d lufa-LUFA-140302/LUFA/Drivers/USB/Core/AVR8/USBController_AVR8.o
 .debug_abbrev  0x00001d8f      0x22f lufa-LUFA-140302/LUFA/Drivers/USB/Core/AVR8/USBInterrupt_AVR8.o
 .debug_abbrev  0x00001fbe      0x183 lufa-LUFA-140302/LUFA/Drivers/USB/Core/ConfigDescriptors.o
 .debug_abbrev  0x00002141      0x2c7 lufa-LUFA-140302/LUFA/Drivers/USB/Core/DeviceStandardReq.o
 .debug_abbrev  0x00002408       0x44 lufa-LUFA-140302/LUFA/Drivers/USB/Core/Events.o
 .debug_abbrev  0x0000244c       0x26 lufa-LUFA-140302/LUFA/Drivers/USB/Core/HostStandardReq.o
 .debug_abbrev  0x00002472      0x16a lufa-LUFA-140302/LUFA/Drivers/USB/Core/USBTask.o
 .debug_abbrev  0x000025dc      0x20a lufa-LUFA-140302/LUFA/Drivers/USB/Class/Device/AudioClassDevice.o
 .debug_abbrev  0x000027e6      0x41d lufa-LUFA-140302/LUFA/Drivers/USB/Class/Device/CDCClassDevice.o
 .debug_abbrev  0x00002c03      0x27f lufa-LUFA-140302/LUFA/Drivers/USB/Class/Device/HIDClassDevice.o
 .debug_abbrev  0x00002e82      0x2af lufa-LUFA-140302/LUFA/Drivers/USB/Class/Device/MassStorageClassDevice.o
 .debug_abbrev  0x00003131      0x245 lufa-LUFA-140302/LUFA/Drivers/USB/Class/Device/MIDIClassDevice.o
 .debug_abbrev  0x00003376      0x343 lufa-LUFA-140302/LUFA/Drivers/USB/Class/Device/PrinterClassDevice.o
 .debug_abbrev  0x000036b9      0x36f lufa-LUFA-140302/LUFA/Drivers/USB/Class/Device/RNDISClassDevice.o
 .debug_abbrev  0x00003a28       0x26 lufa-LUFA-140302/LUFA/Drivers/USB/Class/Host/AndroidAccessoryClassHost.o
 .debug_abbrev  0x00003a4e       0x26 lufa-LUFA-140302/LUFA/Drivers/USB/Class/Host/AudioClassHost.o
 .debug_abbrev  0x00003a74       0x26 lufa-LUFA-140302/LUFA/Drivers/USB/Class/Host/CDCClassHost.o
 .debug_abbrev  0x00003a9a       0x26 lufa-LUFA-140302/LUFA/Drivers/USB/Class/Host/HIDClassHost.o
 .debug_abbrev  0x00003ac0       0x26 lufa-LUFA-140302/LUFA/Drivers/USB/Class/Host/MassStorageClassHost.o
 .debug_abbrev  0x00003ae6       0x26 lufa-LUFA-140302/LUFA/Drivers/USB/Class/Host/MIDIClassHost.o
 .debug_abbrev  0x00003b0c       0x26 lufa-LUFA-140302/LUFA/Drivers/USB/Class/Host/PrinterClassHost.o
 .debug_abbrev  0x00003b32       0x26 lufa-LUFA-140302/LUFA/Drivers/USB/Class/Host/RNDISClassHost.o
 .debug_abbrev  0x00003b58       0x26 lufa-LUFA-140302/LUFA/Drivers/USB/Class/Host/StillImageClassHost.o

.debug_line     0x00000000     0x5970
 *(.debug_line)
 .debug_line    0x00000000      0x5a1 Hoodloader.o
 .debug_line    0x000005a1      0x1e4 Descriptors.o
 .debug_line    0x00000785      0x3de Lib/HID.o
 .debug_line    0x00000b63       0xdf Lib/Ram.o
 .debug_line    0x00000c42      0x7c3 Lib/ISP.o
 .debug_line    0x00001405      0x116 Lib/NHP.o
 .debug_line    0x0000151b      0x37f Lib/CDC.o
 .debug_line    0x0000189a      0x200 lufa-LUFA-140302/LUFA/Drivers/Peripheral/AVR8/Serial_AVR8.o
 .debug_line    0x00001a9a      0x27c lufa-LUFA-140302/LUFA/Drivers/USB/Class/Common/HIDParser.o
 .debug_line    0x00001d16      0x115 lufa-LUFA-140302/LUFA/Drivers/USB/Core/AVR8/Device_AVR8.o
 .debug_line    0x00001e2b      0xca5 lufa-LUFA-140302/LUFA/Drivers/USB/Core/AVR8/EndpointStream_AVR8.o
 .debug_line    0x00002ad0      0x384 lufa-LUFA-140302/LUFA/Drivers/USB/Core/AVR8/Endpoint_AVR8.o
 .debug_line    0x00002e54       0x1a lufa-LUFA-140302/LUFA/Drivers/USB/Core/AVR8/Host_AVR8.o
 .debug_line    0x00002e6e       0x1a lufa-LUFA-140302/LUFA/Drivers/USB/Core/AVR8/PipeStream_AVR8.o
 .debug_line    0x00002e88       0x1a lufa-LUFA-140302/LUFA/Drivers/USB/Core/AVR8/Pipe_AVR8.o
 .debug_line    0x00002ea2      0x27a lufa-LUFA-140302/LUFA/Drivers/USB/Core/AVR8/USBController_AVR8.o
 .debug_line    0x0000311c      0x406 lufa-LUFA-140302/LUFA/Drivers/USB/Core/AVR8/USBInterrupt_AVR8.o
 .debug_line    0x00003522      0x17b lufa-LUFA-140302/LUFA/Drivers/USB/Core/ConfigDescriptors.o
 .debug_line    0x0000369d      0x33d lufa-LUFA-140302/LUFA/Drivers/USB/Core/DeviceStandardReq.o
 .debug_line    0x000039da       0x5c lufa-LUFA-140302/LUFA/Drivers/USB/Core/Events.o
 .debug_line    0x00003a36       0x1a lufa-LUFA-140302/LUFA/Drivers/USB/Core/HostStandardReq.o
 .debug_line    0x00003a50      0x16b lufa-LUFA-140302/LUFA/Drivers/USB/Core/USBTask.o
 .debug_line    0x00003bbb      0x317 lufa-LUFA-140302/LUFA/Drivers/USB/Class/Device/AudioClassDevice.o
 .debug_line    0x00003ed2      0x5b9 lufa-LUFA-140302/LUFA/Drivers/USB/Class/Device/CDCClassDevice.o
 .debug_line    0x0000448b      0x3d1 lufa-LUFA-140302/LUFA/Drivers/USB/Class/Device/HIDClassDevice.o
 .debug_line    0x0000485c      0x3a2 lufa-LUFA-140302/LUFA/Drivers/USB/Class/Device/MassStorageClassDevice.o
 .debug_line    0x00004bfe      0x30e lufa-LUFA-140302/LUFA/Drivers/USB/Class/Device/MIDIClassDevice.o
 .debug_line    0x00004f0c      0x505 lufa-LUFA-140302/LUFA/Drivers/USB/Class/Device/PrinterClassDevice.o
 .debug_line    0x00005411      0x475 lufa-LUFA-140302/LUFA/Drivers/USB/Class/Device/RNDISClassDevice.o
 .debug_line    0x00005886       0x1a lufa-LUFA-140302/LUFA/Drivers/USB/Class/Host/AndroidAccessoryClassHost.o
 .debug_line    0x000058a0       0x1a lufa-LUFA-140302/LUFA/Drivers/USB/Class/Host/AudioClassHost.o
 .debug_line    0x000058ba       0x1a lufa-LUFA-140302/LUFA/Drivers/USB/Class/Host/CDCClassHost.o
 .debug_line    0x000058d4       0x1a lufa-LUFA-140302/LUFA/Drivers/USB/Class/Host/HIDClassHost.o
 .debug_line    0x000058ee       0x1a lufa-LUFA-140302/LUFA/Drivers/USB/Class/Host/MassStorageClassHost.o
 .debug_line    0x00005908       0x1a lufa-LUFA-140302/LUFA/Drivers/USB/Class/Host/MIDIClassHost.o
 .debug_line    0x00005922       0x1a lufa-LUFA-140302/LUFA/Drivers/USB/Class/Host/PrinterClassHost.o
 .debug_line    0x0000593c       0x1a lufa-LUFA-140302/LUFA/Drivers/USB/Class/Host/RNDISClassHost.o
 .debug_line    0x00005956       0x1a lufa-LUFA-140302/LUFA/Drivers/USB/Class/Host/StillImageClassHost.o

.debug_frame    0x00000000     0x1564
 *(.debug_frame)
 .debug_frame   0x00000000       0xc8 Hoodloader.o
 .debug_frame   0x000000c8       0x24 Descriptors.o
 .debug_frame   0x000000ec      0x108 Lib/HID.o
 .debug_frame   0x000001f4      0x330 Lib/ISP.o
 .debug_frame   0x00000524       0x94 Lib/NHP.o
 .debug_frame   0x000005b8       0x60 Lib/CDC.o
 .debug_frame   0x00000618       0x94 lufa-LUFA-140302/LUFA/Drivers/Peripheral/AVR8/Serial_AVR8.o
 .debug_frame   0x000006ac      0x114 lufa-LUFA-140302/LUFA/Drivers/USB/Class/Common/HIDParser.o
 .debug_frame   0x000007c0       0x24 lufa-LUFA-140302/LUFA/Drivers/USB/Core/AVR8/Device_AVR8.o
 .debug_frame   0x000007e4      0x40c lufa-LUFA-140302/LUFA/Drivers/USB/Core/AVR8/EndpointStream_AVR8.o
 .debug_frame   0x00000bf0       0x78 lufa-LUFA-140302/LUFA/Drivers/USB/Core/AVR8/Endpoint_AVR8.o
 .debug_frame   0x00000c68       0x44 lufa-LUFA-140302/LUFA/Drivers/USB/Core/AVR8/USBController_AVR8.o
 .debug_frame   0x00000cac       0xe8 lufa-LUFA-140302/LUFA/Drivers/USB/Core/AVR8/USBInterrupt_AVR8.o
 .debug_frame   0x00000d94      0x108 lufa-LUFA-140302/LUFA/Drivers/USB/Core/ConfigDescriptors.o
 .debug_frame   0x00000e9c       0x3c lufa-LUFA-140302/LUFA/Drivers/USB/Core/DeviceStandardReq.o
 .debug_frame   0x00000ed8       0x24 lufa-LUFA-140302/LUFA/Drivers/USB/Core/Events.o
 .debug_frame   0x00000efc       0x2c lufa-LUFA-140302/LUFA/Drivers/USB/Core/USBTask.o
 .debug_frame   0x00000f28       0xb0 lufa-LUFA-140302/LUFA/Drivers/USB/Class/Device/AudioClassDevice.o
 .debug_frame   0x00000fd8      0x168 lufa-LUFA-140302/LUFA/Drivers/USB/Class/Device/CDCClassDevice.o
 .debug_frame   0x00001140       0xe8 lufa-LUFA-140302/LUFA/Drivers/USB/Class/Device/HIDClassDevice.o
 .debug_frame   0x00001228       0x80 lufa-LUFA-140302/LUFA/Drivers/USB/Class/Device/MassStorageClassDevice.o
 .debug_frame   0x000012a8       0x70 lufa-LUFA-140302/LUFA/Drivers/USB/Class/Device/MIDIClassDevice.o
 .debug_frame   0x00001318      0x144 lufa-LUFA-140302/LUFA/Drivers/USB/Class/Device/PrinterClassDevice.o
 .debug_frame   0x0000145c      0x108 lufa-LUFA-140302/LUFA/Drivers/USB/Class/Device/RNDISClassDevice.o

.debug_str      0x00000000     0x4915
 *(.debug_str)
 .debug_str     0x00000000      0x826 Hoodloader.o
                                0x8f6 (size before relaxing)
 .debug_str     0x00000826      0xd7b Descriptors.o
                                0xef0 (size before relaxing)
 .debug_str     0x000015a1      0x17d Lib/HID.o
                                0x7a7 (size before relaxing)
 .debug_str     0x0000171e        0xa Lib/Ram.o
                                0x340 (size before relaxing)
 .debug_str     0x00001728      0x2c6 Lib/ISP.o
                                0x746 (size before relaxing)
 .debug_str     0x000019ee       0x52 Lib/NHP.o
                                0x1fd (size before relaxing)
 .debug_str     0x00001a40      0x164 Lib/CDC.o
                                0x733 (size before relaxing)
 .debug_str     0x00001ba4      0x13a lufa-LUFA-140302/LUFA/Drivers/Peripheral/AVR8/Serial_AVR8.o
                                0x269 (size before relaxing)
 .debug_str     0x00001cde      0x481 lufa-LUFA-140302/LUFA/Drivers/USB/Class/Common/HIDParser.o
                                0x609 (size before relaxing)
 .debug_str     0x0000215f       0x82 lufa-LUFA-140302/LUFA/Drivers/USB/Core/AVR8/Device_AVR8.o
                                0x145 (size before relaxing)
 .debug_str     0x000021e1      0x5da lufa-LUFA-140302/LUFA/Drivers/USB/Core/AVR8/EndpointStream_AVR8.o
                                0x7a8 (size before relaxing)
 .debug_str     0x000027bb      0x205 lufa-LUFA-140302/LUFA/Drivers/USB/Core/AVR8/Endpoint_AVR8.o
                                0x567 (size before relaxing)
 .debug_str     0x000029c0       0x38 lufa-LUFA-140302/LUFA/Drivers/USB/Core/AVR8/Host_AVR8.o
                                 0xe4 (size before relaxing)
 .debug_str     0x000029f8       0x3e lufa-LUFA-140302/LUFA/Drivers/USB/Core/AVR8/PipeStream_AVR8.o
                                 0xea (size before relaxing)
 .debug_str     0x00002a36       0x38 lufa-LUFA-140302/LUFA/Drivers/USB/Core/AVR8/Pipe_AVR8.o
                                 0xe4 (size before relaxing)
 .debug_str     0x00002a6e      0x1d0 lufa-LUFA-140302/LUFA/Drivers/USB/Core/AVR8/USBController_AVR8.o
                                0x47d (size before relaxing)
 .debug_str     0x00002c3e      0x11e lufa-LUFA-140302/LUFA/Drivers/USB/Core/AVR8/USBInterrupt_AVR8.o
                                0x4d2 (size before relaxing)
 .debug_str     0x00002d5c      0x232 lufa-LUFA-140302/LUFA/Drivers/USB/Core/ConfigDescriptors.o
                                0x32d (size before relaxing)
 .debug_str     0x00002f8e      0x39c lufa-LUFA-140302/LUFA/Drivers/USB/Core/DeviceStandardReq.o
                                0x919 (size before relaxing)
 .debug_str     0x0000332a       0x3f lufa-LUFA-140302/LUFA/Drivers/USB/Core/Events.o
                                 0xeb (size before relaxing)
 .debug_str     0x00003369       0x39 lufa-LUFA-140302/LUFA/Drivers/USB/Core/HostStandardReq.o
                                 0xe5 (size before relaxing)
 .debug_str     0x000033a2       0x4d lufa-LUFA-140302/LUFA/Drivers/USB/Core/USBTask.o
                                0x2cc (size before relaxing)
 .debug_str     0x000033ef      0x27f lufa-LUFA-140302/LUFA/Drivers/USB/Class/Device/AudioClassDevice.o
                                0x601 (size before relaxing)
 .debug_str     0x0000366e      0x256 lufa-LUFA-140302/LUFA/Drivers/USB/Class/Device/CDCClassDevice.o
                                0x956 (size before relaxing)
 .debug_str     0x000038c4      0x10b lufa-LUFA-140302/LUFA/Drivers/USB/Class/Device/HIDClassDevice.o
                                0x653 (size before relaxing)
 .debug_str     0x000039cf      0x26f lufa-LUFA-140302/LUFA/Drivers/USB/Class/Device/MassStorageClassDevice.o
                                0x74d (size before relaxing)
 .debug_str     0x00003c3e      0x123 lufa-LUFA-140302/LUFA/Drivers/USB/Class/Device/MIDIClassDevice.o
                                0x5c2 (size before relaxing)
 .debug_str     0x00003d61      0x277 lufa-LUFA-140302/LUFA/Drivers/USB/Class/Device/PrinterClassDevice.o
                                0x88b (size before relaxing)
 .debug_str     0x00003fd8      0x6fc lufa-LUFA-140302/LUFA/Drivers/USB/Class/Device/RNDISClassDevice.o
                                0xcb4 (size before relaxing)
 .debug_str     0x000046d4       0x49 lufa-LUFA-140302/LUFA/Drivers/USB/Class/Host/AndroidAccessoryClassHost.o
                                 0xf5 (size before relaxing)
 .debug_str     0x0000471d       0x3e lufa-LUFA-140302/LUFA/Drivers/USB/Class/Host/AudioClassHost.o
                                 0xea (size before relaxing)
 .debug_str     0x0000475b       0x3c lufa-LUFA-140302/LUFA/Drivers/USB/Class/Host/CDCClassHost.o
                                 0xe8 (size before relaxing)
 .debug_str     0x00004797       0x3c lufa-LUFA-140302/LUFA/Drivers/USB/Class/Host/HIDClassHost.o
                                 0xe8 (size before relaxing)
 .debug_str     0x000047d3       0x44 lufa-LUFA-140302/LUFA/Drivers/USB/Class/Host/MassStorageClassHost.o
                                 0xf0 (size before relaxing)
 .debug_str     0x00004817       0x3d lufa-LUFA-140302/LUFA/Drivers/USB/Class/Host/MIDIClassHost.o
                                 0xe9 (size before relaxing)
 .debug_str     0x00004854       0x40 lufa-LUFA-140302/LUFA/Drivers/USB/Class/Host/PrinterClassHost.o
                                 0xec (size before relaxing)
 .debug_str     0x00004894       0x3e lufa-LUFA-140302/LUFA/Drivers/USB/Class/Host/RNDISClassHost.o
                                 0xea (size before relaxing)
 .debug_str     0x000048d2       0x43 lufa-LUFA-140302/LUFA/Drivers/USB/Class/Host/StillImageClassHost.o
                                 0xef (size before relaxing)

.debug_loc      0x00000000     0x87c8
 *(.debug_loc)
 .debug_loc     0x00000000      0x33d Hoodloader.o
 .debug_loc     0x0000033d      0x29e Descriptors.o
 .debug_loc     0x000005db      0x4f6 Lib/HID.o
 .debug_loc     0x00000ad1      0xecc Lib/ISP.o
 .debug_loc     0x0000199d      0x4f5 Lib/NHP.o
 .debug_loc     0x00001e92      0x1c5 Lib/CDC.o
 .debug_loc     0x00002057      0x172 lufa-LUFA-140302/LUFA/Drivers/Peripheral/AVR8/Serial_AVR8.o
 .debug_loc     0x000021c9      0x9c5 lufa-LUFA-140302/LUFA/Drivers/USB/Class/Common/HIDParser.o
 .debug_loc     0x00002b8e     0x20c1 lufa-LUFA-140302/LUFA/Drivers/USB/Core/AVR8/EndpointStream_AVR8.o
 .debug_loc     0x00004c4f      0x403 lufa-LUFA-140302/LUFA/Drivers/USB/Core/AVR8/Endpoint_AVR8.o
 .debug_loc     0x00005052      0x31e lufa-LUFA-140302/LUFA/Drivers/USB/Core/AVR8/USBInterrupt_AVR8.o
 .debug_loc     0x00005370      0x5bd lufa-LUFA-140302/LUFA/Drivers/USB/Core/ConfigDescriptors.o
 .debug_loc     0x0000592d      0x284 lufa-LUFA-140302/LUFA/Drivers/USB/Core/DeviceStandardReq.o
 .debug_loc     0x00005bb1       0x49 lufa-LUFA-140302/LUFA/Drivers/USB/Core/USBTask.o
 .debug_loc     0x00005bfa      0x3c6 lufa-LUFA-140302/LUFA/Drivers/USB/Class/Device/AudioClassDevice.o
 .debug_loc     0x00005fc0      0x8c7 lufa-LUFA-140302/LUFA/Drivers/USB/Class/Device/CDCClassDevice.o
 .debug_loc     0x00006887      0x491 lufa-LUFA-140302/LUFA/Drivers/USB/Class/Device/HIDClassDevice.o
 .debug_loc     0x00006d18      0x29f lufa-LUFA-140302/LUFA/Drivers/USB/Class/Device/MassStorageClassDevice.o
 .debug_loc     0x00006fb7      0x2c4 lufa-LUFA-140302/LUFA/Drivers/USB/Class/Device/MIDIClassDevice.o
 .debug_loc     0x0000727b      0x88a lufa-LUFA-140302/LUFA/Drivers/USB/Class/Device/PrinterClassDevice.o
 .debug_loc     0x00007b05      0xcc3 lufa-LUFA-140302/LUFA/Drivers/USB/Class/Device/RNDISClassDevice.o

.debug_macinfo
 *(.debug_macinfo)
OUTPUT(Hoodloader.elf elf32-avr)
LOAD linker stubs

.debug_ranges   0x00000000      0xa58
 .debug_ranges  0x00000000       0xa8 Hoodloader.o
 .debug_ranges  0x000000a8       0x10 Descriptors.o
 .debug_ranges  0x000000b8       0x50 Lib/HID.o
 .debug_ranges  0x00000108      0x100 Lib/ISP.o
 .debug_ranges  0x00000208       0x28 Lib/NHP.o
 .debug_ranges  0x00000230       0x20 Lib/CDC.o
 .debug_ranges  0x00000250       0x60 lufa-LUFA-140302/LUFA/Drivers/Peripheral/AVR8/Serial_AVR8.o
 .debug_ranges  0x000002b0       0xc8 lufa-LUFA-140302/LUFA/Drivers/USB/Class/Common/HIDParser.o
 .debug_ranges  0x00000378       0x10 lufa-LUFA-140302/LUFA/Drivers/USB/Core/AVR8/Device_AVR8.o
 .debug_ranges  0x00000388      0x328 lufa-LUFA-140302/LUFA/Drivers/USB/Core/AVR8/EndpointStream_AVR8.o
 .debug_ranges  0x000006b0       0x98 lufa-LUFA-140302/LUFA/Drivers/USB/Core/AVR8/Endpoint_AVR8.o
 .debug_ranges  0x00000748       0x20 lufa-LUFA-140302/LUFA/Drivers/USB/Core/AVR8/USBController_AVR8.o
 .debug_ranges  0x00000768       0x28 lufa-LUFA-140302/LUFA/Drivers/USB/Core/AVR8/USBInterrupt_AVR8.o
 .debug_ranges  0x00000790       0x30 lufa-LUFA-140302/LUFA/Drivers/USB/Core/ConfigDescriptors.o
 .debug_ranges  0x000007c0       0x28 lufa-LUFA-140302/LUFA/Drivers/USB/Core/DeviceStandardReq.o
 .debug_ranges  0x000007e8       0x10 lufa-LUFA-140302/LUFA/Drivers/USB/Core/Events.o
 .debug_ranges  0x000007f8       0x10 lufa-LUFA-140302/LUFA/Drivers/USB/Core/USBTask.o
 .debug_ranges  0x00000808       0x20 lufa-LUFA-140302/LUFA/Drivers/USB/Class/Device/AudioClassDevice.o
 .debug_ranges  0x00000828       0x88 lufa-LUFA-140302/LUFA/Drivers/USB/Class/Device/CDCClassDevice.o
 .debug_ranges  0x000008b0       0x20 lufa-LUFA-140302/LUFA/Drivers/USB/Class/Device/HIDClassDevice.o
 .debug_ranges  0x000008d0       0x38 lufa-LUFA-140302/LUFA/Drivers/USB/Class/Device/MassStorageClassDevice.o
 .debug_ranges  0x00000908       0x30 lufa-LUFA-140302/LUFA/Drivers/USB/Class/Device/MIDIClassDevice.o
 .debug_ranges  0x00000938       0x80 lufa-LUFA-140302/LUFA/Drivers/USB/Class/Device/PrinterClassDevice.o
 .debug_ranges  0x000009b8       0xa0 lufa-LUFA-140302/LUFA/Drivers/USB/Class/Device/RNDISClassDevice.o

Cross Reference Table

Symbol                                            File
Audio_Device_ConfigureEndpoints                   lufa-LUFA-140302/LUFA/Drivers/USB/Class/Device/AudioClassDevice.o
Audio_Device_Event_Stub                           lufa-LUFA-140302/LUFA/Drivers/USB/Class/Device/AudioClassDevice.o
Audio_Device_ProcessControlRequest                lufa-LUFA-140302/LUFA/Drivers/USB/Class/Device/AudioClassDevice.o
CALLBACK_Audio_Device_GetSetEndpointProperty      lufa-LUFA-140302/LUFA/Drivers/USB/Class/Device/AudioClassDevice.o
CALLBACK_Audio_Device_GetSetInterfaceProperty     lufa-LUFA-140302/LUFA/Drivers/USB/Class/Device/AudioClassDevice.o
CALLBACK_HIDParser_FilterHIDReportItem            lufa-LUFA-140302/LUFA/Drivers/USB/Class/Common/HIDParser.o
CALLBACK_HID_Device_CreateHIDReport               Lib/HID.o
                                                  lufa-LUFA-140302/LUFA/Drivers/USB/Class/Device/HIDClassDevice.o
CALLBACK_HID_Device_ProcessHIDReport              Lib/HID.o
                                                  lufa-LUFA-140302/LUFA/Drivers/USB/Class/Device/HIDClassDevice.o
CALLBACK_MS_Device_SCSICommandReceived            lufa-LUFA-140302/LUFA/Drivers/USB/Class/Device/MassStorageClassDevice.o
CALLBACK_USB_GetDescriptor                        Descriptors.o
                                                  lufa-LUFA-140302/LUFA/Drivers/USB/Core/DeviceStandardReq.o
CDC_Device_BytesReceived                          lufa-LUFA-140302/LUFA/Drivers/USB/Class/Device/CDCClassDevice.o
CDC_Device_ConfigureEndpoints                     lufa-LUFA-140302/LUFA/Drivers/USB/Class/Device/CDCClassDevice.o
                                                  Hoodloader.o
CDC_Device_CreateBlockingStream                   lufa-LUFA-140302/LUFA/Drivers/USB/Class/Device/CDCClassDevice.o
CDC_Device_CreateStream                           lufa-LUFA-140302/LUFA/Drivers/USB/Class/Device/CDCClassDevice.o
CDC_Device_Event_Stub                             lufa-LUFA-140302/LUFA/Drivers/USB/Class/Device/CDCClassDevice.o
CDC_Device_Flush                                  lufa-LUFA-140302/LUFA/Drivers/USB/Class/Device/CDCClassDevice.o
CDC_Device_ProcessControlRequest                  lufa-LUFA-140302/LUFA/Drivers/USB/Class/Device/CDCClassDevice.o
                                                  Hoodloader.o
CDC_Device_ReceiveByte                            lufa-LUFA-140302/LUFA/Drivers/USB/Class/Device/CDCClassDevice.o
                                                  Lib/ISP.o
                                                  Hoodloader.o
CDC_Device_SendByte                               lufa-LUFA-140302/LUFA/Drivers/USB/Class/Device/CDCClassDevice.o
                                                  Lib/ISP.o
CDC_Device_SendControlLineStateChange             lufa-LUFA-140302/LUFA/Drivers/USB/Class/Device/CDCClassDevice.o
CDC_Device_SendData                               lufa-LUFA-140302/LUFA/Drivers/USB/Class/Device/CDCClassDevice.o
                                                  Lib/HID.o
CDC_Device_SendString                             lufa-LUFA-140302/LUFA/Drivers/USB/Class/Device/CDCClassDevice.o
CDC_Device_USBTask                                lufa-LUFA-140302/LUFA/Drivers/USB/Class/Device/CDCClassDevice.o
                                                  Lib/ISP.o
                                                  Hoodloader.o
ConfigurationDescriptor                           Descriptors.o
DeviceDescriptor                                  Descriptors.o
Device_HID_Interface                              Lib/HID.o
                                                  Hoodloader.o
EVENT_Audio_Device_StreamStartStop                lufa-LUFA-140302/LUFA/Drivers/USB/Class/Device/AudioClassDevice.o
EVENT_CDC_Device_BreakSent                        lufa-LUFA-140302/LUFA/Drivers/USB/Class/Device/CDCClassDevice.o
EVENT_CDC_Device_ControLineStateChanged           Lib/CDC.o
EVENT_CDC_Device_LineEncodingChanged              Lib/CDC.o
EVENT_PRNT_Device_SoftReset                       lufa-LUFA-140302/LUFA/Drivers/USB/Class/Device/PrinterClassDevice.o
EVENT_USB_Device_ConfigurationChanged             Hoodloader.o
                                                  lufa-LUFA-140302/LUFA/Drivers/USB/Core/DeviceStandardReq.o
EVENT_USB_Device_Connect                          Hoodloader.o
                                                  lufa-LUFA-140302/LUFA/Drivers/USB/Core/AVR8/USBInterrupt_AVR8.o
EVENT_USB_Device_ControlRequest                   Hoodloader.o
                                                  lufa-LUFA-140302/LUFA/Drivers/USB/Core/DeviceStandardReq.o
EVENT_USB_Device_Disconnect                       Hoodloader.o
                                                  lufa-LUFA-140302/LUFA/Drivers/USB/Core/AVR8/USBInterrupt_AVR8.o
EVENT_USB_Device_Reset                            lufa-LUFA-140302/LUFA/Drivers/USB/Core/Events.o
                                                  lufa-LUFA-140302/LUFA/Drivers/USB/Core/AVR8/USBInterrupt_AVR8.o
EVENT_USB_Device_StartOfFrame                     Hoodloader.o
                                                  lufa-LUFA-140302/LUFA/Drivers/USB/Core/AVR8/USBInterrupt_AVR8.o
EVENT_USB_Device_Suspend                          lufa-LUFA-140302/LUFA/Drivers/USB/Core/Events.o
EVENT_USB_Device_WakeUp                           lufa-LUFA-140302/LUFA/Drivers/USB/Core/Events.o
Endpoint_ClearEndpoints                           lufa-LUFA-140302/LUFA/Drivers/USB/Core/AVR8/Endpoint_AVR8.o
Endpoint_ClearStatusStage                         lufa-LUFA-140302/LUFA/Drivers/USB/Core/AVR8/Endpoint_AVR8.o
                                                  lufa-LUFA-140302/LUFA/Drivers/USB/Class/Device/PrinterClassDevice.o
                                                  lufa-LUFA-140302/LUFA/Drivers/USB/Class/Device/MassStorageClassDevice.o
                                                  lufa-LUFA-140302/LUFA/Drivers/USB/Class/Device/HIDClassDevice.o
                                                  lufa-LUFA-140302/LUFA/Drivers/USB/Class/Device/CDCClassDevice.o
                                                  lufa-LUFA-140302/LUFA/Drivers/USB/Class/Device/AudioClassDevice.o
                                                  lufa-LUFA-140302/LUFA/Drivers/USB/Core/DeviceStandardReq.o
Endpoint_ConfigureEndpointTable                   lufa-LUFA-140302/LUFA/Drivers/USB/Core/AVR8/Endpoint_AVR8.o
                                                  lufa-LUFA-140302/LUFA/Drivers/USB/Class/Device/RNDISClassDevice.o
                                                  lufa-LUFA-140302/LUFA/Drivers/USB/Class/Device/PrinterClassDevice.o
                                                  lufa-LUFA-140302/LUFA/Drivers/USB/Class/Device/MIDIClassDevice.o
                                                  lufa-LUFA-140302/LUFA/Drivers/USB/Class/Device/MassStorageClassDevice.o
                                                  lufa-LUFA-140302/LUFA/Drivers/USB/Class/Device/HIDClassDevice.o
                                                  lufa-LUFA-140302/LUFA/Drivers/USB/Class/Device/CDCClassDevice.o
                                                  lufa-LUFA-140302/LUFA/Drivers/USB/Class/Device/AudioClassDevice.o
Endpoint_ConfigureEndpoint_Prv                    lufa-LUFA-140302/LUFA/Drivers/USB/Core/AVR8/Endpoint_AVR8.o
                                                  lufa-LUFA-140302/LUFA/Drivers/USB/Core/AVR8/USBInterrupt_AVR8.o
                                                  lufa-LUFA-140302/LUFA/Drivers/USB/Core/AVR8/USBController_AVR8.o
Endpoint_Discard_Stream                           lufa-LUFA-140302/LUFA/Drivers/USB/Core/AVR8/EndpointStream_AVR8.o
Endpoint_Null_Stream                              lufa-LUFA-140302/LUFA/Drivers/USB/Core/AVR8/EndpointStream_AVR8.o
Endpoint_Read_Control_EStream_BE                  lufa-LUFA-140302/LUFA/Drivers/USB/Core/AVR8/EndpointStream_AVR8.o
Endpoint_Read_Control_EStream_LE                  lufa-LUFA-140302/LUFA/Drivers/USB/Core/AVR8/EndpointStream_AVR8.o
Endpoint_Read_Control_Stream_BE                   lufa-LUFA-140302/LUFA/Drivers/USB/Core/AVR8/EndpointStream_AVR8.o
Endpoint_Read_Control_Stream_LE                   lufa-LUFA-140302/LUFA/Drivers/USB/Core/AVR8/EndpointStream_AVR8.o
                                                  lufa-LUFA-140302/LUFA/Drivers/USB/Class/Device/RNDISClassDevice.o
                                                  lufa-LUFA-140302/LUFA/Drivers/USB/Class/Device/HIDClassDevice.o
                                                  lufa-LUFA-140302/LUFA/Drivers/USB/Class/Device/AudioClassDevice.o
Endpoint_Read_EStream_BE                          lufa-LUFA-140302/LUFA/Drivers/USB/Core/AVR8/EndpointStream_AVR8.o
Endpoint_Read_EStream_LE                          lufa-LUFA-140302/LUFA/Drivers/USB/Core/AVR8/EndpointStream_AVR8.o
Endpoint_Read_Stream_BE                           lufa-LUFA-140302/LUFA/Drivers/USB/Core/AVR8/EndpointStream_AVR8.o
Endpoint_Read_Stream_LE                           lufa-LUFA-140302/LUFA/Drivers/USB/Core/AVR8/EndpointStream_AVR8.o
                                                  lufa-LUFA-140302/LUFA/Drivers/USB/Class/Device/RNDISClassDevice.o
                                                  lufa-LUFA-140302/LUFA/Drivers/USB/Class/Device/MIDIClassDevice.o
                                                  lufa-LUFA-140302/LUFA/Drivers/USB/Class/Device/MassStorageClassDevice.o
Endpoint_WaitUntilReady                           lufa-LUFA-140302/LUFA/Drivers/USB/Core/AVR8/Endpoint_AVR8.o
                                                  lufa-LUFA-140302/LUFA/Drivers/USB/Class/Device/RNDISClassDevice.o
                                                  lufa-LUFA-140302/LUFA/Drivers/USB/Class/Device/PrinterClassDevice.o
                                                  lufa-LUFA-140302/LUFA/Drivers/USB/Class/Device/MIDIClassDevice.o
                                                  lufa-LUFA-140302/LUFA/Drivers/USB/Class/Device/CDCClassDevice.o
                                                  lufa-LUFA-140302/LUFA/Drivers/USB/Core/AVR8/EndpointStream_AVR8.o
Endpoint_Write_Control_EStream_BE                 lufa-LUFA-140302/LUFA/Drivers/USB/Core/AVR8/EndpointStream_AVR8.o
Endpoint_Write_Control_EStream_LE                 lufa-LUFA-140302/LUFA/Drivers/USB/Core/AVR8/EndpointStream_AVR8.o
Endpoint_Write_Control_PStream_BE                 lufa-LUFA-140302/LUFA/Drivers/USB/Core/AVR8/EndpointStream_AVR8.o
Endpoint_Write_Control_PStream_LE                 lufa-LUFA-140302/LUFA/Drivers/USB/Core/AVR8/EndpointStream_AVR8.o
                                                  lufa-LUFA-140302/LUFA/Drivers/USB/Core/DeviceStandardReq.o
Endpoint_Write_Control_Stream_BE                  lufa-LUFA-140302/LUFA/Drivers/USB/Core/AVR8/EndpointStream_AVR8.o
Endpoint_Write_Control_Stream_LE                  lufa-LUFA-140302/LUFA/Drivers/USB/Core/AVR8/EndpointStream_AVR8.o
                                                  lufa-LUFA-140302/LUFA/Drivers/USB/Class/Device/RNDISClassDevice.o
                                                  lufa-LUFA-140302/LUFA/Drivers/USB/Class/Device/PrinterClassDevice.o
                                                  lufa-LUFA-140302/LUFA/Drivers/USB/Class/Device/HIDClassDevice.o
                                                  lufa-LUFA-140302/LUFA/Drivers/USB/Class/Device/AudioClassDevice.o
                                                  lufa-LUFA-140302/LUFA/Drivers/USB/Core/DeviceStandardReq.o
Endpoint_Write_EStream_BE                         lufa-LUFA-140302/LUFA/Drivers/USB/Core/AVR8/EndpointStream_AVR8.o
Endpoint_Write_EStream_LE                         lufa-LUFA-140302/LUFA/Drivers/USB/Core/AVR8/EndpointStream_AVR8.o
Endpoint_Write_PStream_BE                         lufa-LUFA-140302/LUFA/Drivers/USB/Core/AVR8/EndpointStream_AVR8.o
Endpoint_Write_PStream_LE                         lufa-LUFA-140302/LUFA/Drivers/USB/Core/AVR8/EndpointStream_AVR8.o
Endpoint_Write_Stream_BE                          lufa-LUFA-140302/LUFA/Drivers/USB/Core/AVR8/EndpointStream_AVR8.o
Endpoint_Write_Stream_LE                          lufa-LUFA-140302/LUFA/Drivers/USB/Core/AVR8/EndpointStream_AVR8.o
                                                  lufa-LUFA-140302/LUFA/Drivers/USB/Class/Device/RNDISClassDevice.o
                                                  lufa-LUFA-140302/LUFA/Drivers/USB/Class/Device/PrinterClassDevice.o
                                                  lufa-LUFA-140302/LUFA/Drivers/USB/Class/Device/MIDIClassDevice.o
                                                  lufa-LUFA-140302/LUFA/Drivers/USB/Class/Device/MassStorageClassDevice.o
                                                  lufa-LUFA-140302/LUFA/Drivers/USB/Class/Device/HIDClassDevice.o
                                                  lufa-LUFA-140302/LUFA/Drivers/USB/Class/Device/CDCClassDevice.o
HIDReport                                         Descriptors.o
HID_Device_ConfigureEndpoints                     lufa-LUFA-140302/LUFA/Drivers/USB/Class/Device/HIDClassDevice.o
                                                  Hoodloader.o
HID_Device_ProcessControlRequest                  lufa-LUFA-140302/LUFA/Drivers/USB/Class/Device/HIDClassDevice.o
                                                  Hoodloader.o
HID_Device_USBTask                                lufa-LUFA-140302/LUFA/Drivers/USB/Class/Device/HIDClassDevice.o
                                                  Lib/HID.o
LanguageString                                    Descriptors.o
MIDI_Device_ConfigureEndpoints                    lufa-LUFA-140302/LUFA/Drivers/USB/Class/Device/MIDIClassDevice.o
MIDI_Device_Flush                                 lufa-LUFA-140302/LUFA/Drivers/USB/Class/Device/MIDIClassDevice.o
MIDI_Device_ReceiveEventPacket                    lufa-LUFA-140302/LUFA/Drivers/USB/Class/Device/MIDIClassDevice.o
MIDI_Device_SendEventPacket                       lufa-LUFA-140302/LUFA/Drivers/USB/Class/Device/MIDIClassDevice.o
MIDI_Device_USBTask                               lufa-LUFA-140302/LUFA/Drivers/USB/Class/Device/MIDIClassDevice.o
MS_Device_ConfigureEndpoints                      lufa-LUFA-140302/LUFA/Drivers/USB/Class/Device/MassStorageClassDevice.o
MS_Device_ProcessControlRequest                   lufa-LUFA-140302/LUFA/Drivers/USB/Class/Device/MassStorageClassDevice.o
MS_Device_USBTask                                 lufa-LUFA-140302/LUFA/Drivers/USB/Class/Device/MassStorageClassDevice.o
ManufacturerString                                Descriptors.o
NHPread                                           Lib/NHP.o
NHPreadChecksum                                   Lib/NHP.o
                                                  Lib/HID.o
NHPwrite                                          Lib/NHP.o
NHPwriteChecksum                                  Lib/NHP.o
                                                  Lib/HID.o
PRNT_Device_BytesReceived                         lufa-LUFA-140302/LUFA/Drivers/USB/Class/Device/PrinterClassDevice.o
PRNT_Device_ConfigureEndpoints                    lufa-LUFA-140302/LUFA/Drivers/USB/Class/Device/PrinterClassDevice.o
PRNT_Device_CreateBlockingStream                  lufa-LUFA-140302/LUFA/Drivers/USB/Class/Device/PrinterClassDevice.o
PRNT_Device_CreateStream                          lufa-LUFA-140302/LUFA/Drivers/USB/Class/Device/PrinterClassDevice.o
PRNT_Device_Event_Stub                            lufa-LUFA-140302/LUFA/Drivers/USB/Class/Device/PrinterClassDevice.o
PRNT_Device_Flush                                 lufa-LUFA-140302/LUFA/Drivers/USB/Class/Device/PrinterClassDevice.o
PRNT_Device_ProcessControlRequest                 lufa-LUFA-140302/LUFA/Drivers/USB/Class/Device/PrinterClassDevice.o
PRNT_Device_ReceiveByte                           lufa-LUFA-140302/LUFA/Drivers/USB/Class/Device/PrinterClassDevice.o
PRNT_Device_SendByte                              lufa-LUFA-140302/LUFA/Drivers/USB/Class/Device/PrinterClassDevice.o
PRNT_Device_SendData                              lufa-LUFA-140302/LUFA/Drivers/USB/Class/Device/PrinterClassDevice.o
PRNT_Device_SendString                            lufa-LUFA-140302/LUFA/Drivers/USB/Class/Device/PrinterClassDevice.o
PRNT_Device_USBTask                               lufa-LUFA-140302/LUFA/Drivers/USB/Class/Device/PrinterClassDevice.o
ProductString                                     Descriptors.o
RNDIS_Device_ConfigureEndpoints                   lufa-LUFA-140302/LUFA/Drivers/USB/Class/Device/RNDISClassDevice.o
RNDIS_Device_IsPacketReceived                     lufa-LUFA-140302/LUFA/Drivers/USB/Class/Device/RNDISClassDevice.o
RNDIS_Device_ProcessControlRequest                lufa-LUFA-140302/LUFA/Drivers/USB/Class/Device/RNDISClassDevice.o
RNDIS_Device_ReadPacket                           lufa-LUFA-140302/LUFA/Drivers/USB/Class/Device/RNDISClassDevice.o
RNDIS_Device_SendPacket                           lufa-LUFA-140302/LUFA/Drivers/USB/Class/Device/RNDISClassDevice.o
RNDIS_Device_USBTask                              lufa-LUFA-140302/LUFA/Drivers/USB/Class/Device/RNDISClassDevice.o
SerialInitHID                                     Lib/CDC.o
                                                  Hoodloader.o
Serial_CreateBlockingStream                       lufa-LUFA-140302/LUFA/Drivers/Peripheral/AVR8/Serial_AVR8.o
Serial_CreateStream                               lufa-LUFA-140302/LUFA/Drivers/Peripheral/AVR8/Serial_AVR8.o
Serial_SendData                                   lufa-LUFA-140302/LUFA/Drivers/Peripheral/AVR8/Serial_AVR8.o
                                                  Lib/HID.o
Serial_SendString                                 lufa-LUFA-140302/LUFA/Drivers/Peripheral/AVR8/Serial_AVR8.o
Serial_SendString_P                               lufa-LUFA-140302/LUFA/Drivers/Peripheral/AVR8/Serial_AVR8.o
Serial_getchar                                    lufa-LUFA-140302/LUFA/Drivers/Peripheral/AVR8/Serial_AVR8.o
Serial_getchar_Blocking                           lufa-LUFA-140302/LUFA/Drivers/Peripheral/AVR8/Serial_AVR8.o
Serial_putchar                                    lufa-LUFA-140302/LUFA/Drivers/Peripheral/AVR8/Serial_AVR8.o
SetupHardware                                     Hoodloader.o
USARTSerialStream                                 lufa-LUFA-140302/LUFA/Drivers/Peripheral/AVR8/Serial_AVR8.o
USB_ControlRequest                                lufa-LUFA-140302/LUFA/Drivers/USB/Class/Device/RNDISClassDevice.o
                                                  lufa-LUFA-140302/LUFA/Drivers/USB/Class/Device/PrinterClassDevice.o
                                                  lufa-LUFA-140302/LUFA/Drivers/USB/Class/Device/MassStorageClassDevice.o
                                                  lufa-LUFA-140302/LUFA/Drivers/USB/Class/Device/HIDClassDevice.o
                                                  lufa-LUFA-140302/LUFA/Drivers/USB/Class/Device/CDCClassDevice.o
                                                  lufa-LUFA-140302/LUFA/Drivers/USB/Class/Device/AudioClassDevice.o
                                                  lufa-LUFA-140302/LUFA/Drivers/USB/Core/USBTask.o
                                                  lufa-LUFA-140302/LUFA/Drivers/USB/Core/DeviceStandardReq.o
                                                  lufa-LUFA-140302/LUFA/Drivers/USB/Core/AVR8/Endpoint_AVR8.o
                                                  lufa-LUFA-140302/LUFA/Drivers/USB/Core/AVR8/EndpointStream_AVR8.o
USB_DeviceState                                   lufa-LUFA-140302/LUFA/Drivers/USB/Class/Device/RNDISClassDevice.o
                                                  lufa-LUFA-140302/LUFA/Drivers/USB/Class/Device/PrinterClassDevice.o
                                                  lufa-LUFA-140302/LUFA/Drivers/USB/Class/Device/MIDIClassDevice.o
                                                  lufa-LUFA-140302/LUFA/Drivers/USB/Class/Device/MassStorageClassDevice.o
                                                  lufa-LUFA-140302/LUFA/Drivers/USB/Class/Device/HIDClassDevice.o
                                                  lufa-LUFA-140302/LUFA/Drivers/USB/Class/Device/CDCClassDevice.o
                                                  lufa-LUFA-140302/LUFA/Drivers/USB/Core/USBTask.o
                                                  lufa-LUFA-140302/LUFA/Drivers/USB/Core/DeviceStandardReq.o
                                                  lufa-LUFA-140302/LUFA/Drivers/USB/Core/AVR8/USBInterrupt_AVR8.o
                                                  lufa-LUFA-140302/LUFA/Drivers/USB/Core/AVR8/USBController_AVR8.o
                                                  lufa-LUFA-140302/LUFA/Drivers/USB/Core/AVR8/Endpoint_AVR8.o
                                                  lufa-LUFA-140302/LUFA/Drivers/USB/Core/AVR8/EndpointStream_AVR8.o
                                                  Hoodloader.o
USB_Device_ConfigurationNumber                    lufa-LUFA-140302/LUFA/Drivers/USB/Core/DeviceStandardReq.o
                                                  lufa-LUFA-140302/LUFA/Drivers/USB/Core/AVR8/USBInterrupt_AVR8.o
                                                  lufa-LUFA-140302/LUFA/Drivers/USB/Core/AVR8/USBController_AVR8.o
USB_Device_CurrentlySelfPowered                   lufa-LUFA-140302/LUFA/Drivers/USB/Core/DeviceStandardReq.o
                                                  lufa-LUFA-140302/LUFA/Drivers/USB/Core/AVR8/USBController_AVR8.o
USB_Device_ProcessControlRequest                  lufa-LUFA-140302/LUFA/Drivers/USB/Core/DeviceStandardReq.o
                                                  lufa-LUFA-140302/LUFA/Drivers/USB/Core/USBTask.o
                                                  lufa-LUFA-140302/LUFA/Drivers/USB/Core/AVR8/USBInterrupt_AVR8.o
USB_Device_RemoteWakeupEnabled                    lufa-LUFA-140302/LUFA/Drivers/USB/Core/DeviceStandardReq.o
                                                  lufa-LUFA-140302/LUFA/Drivers/USB/Core/AVR8/USBController_AVR8.o
USB_Device_SendRemoteWakeup                       lufa-LUFA-140302/LUFA/Drivers/USB/Core/AVR8/Device_AVR8.o
USB_Disable                                       lufa-LUFA-140302/LUFA/Drivers/USB/Core/AVR8/USBController_AVR8.o
USB_Event_Stub                                    lufa-LUFA-140302/LUFA/Drivers/USB/Core/Events.o
USB_GetHIDReportItemInfo                          lufa-LUFA-140302/LUFA/Drivers/USB/Class/Common/HIDParser.o
USB_GetHIDReportSize                              lufa-LUFA-140302/LUFA/Drivers/USB/Class/Common/HIDParser.o
USB_GetNextDescriptorComp                         lufa-LUFA-140302/LUFA/Drivers/USB/Core/ConfigDescriptors.o
USB_GetNextDescriptorOfType                       lufa-LUFA-140302/LUFA/Drivers/USB/Core/ConfigDescriptors.o
USB_GetNextDescriptorOfTypeAfter                  lufa-LUFA-140302/LUFA/Drivers/USB/Core/ConfigDescriptors.o
USB_GetNextDescriptorOfTypeBefore                 lufa-LUFA-140302/LUFA/Drivers/USB/Core/ConfigDescriptors.o
USB_INT_ClearAllInterrupts                        lufa-LUFA-140302/LUFA/Drivers/USB/Core/AVR8/USBInterrupt_AVR8.o
                                                  lufa-LUFA-140302/LUFA/Drivers/USB/Core/AVR8/USBController_AVR8.o
USB_INT_DisableAllInterrupts                      lufa-LUFA-140302/LUFA/Drivers/USB/Core/AVR8/USBInterrupt_AVR8.o
                                                  lufa-LUFA-140302/LUFA/Drivers/USB/Core/AVR8/USBController_AVR8.o
USB_Init                                          lufa-LUFA-140302/LUFA/Drivers/USB/Core/AVR8/USBController_AVR8.o
                                                  Hoodloader.o
USB_IsInitialized                                 lufa-LUFA-140302/LUFA/Drivers/USB/Core/USBTask.o
                                                  lufa-LUFA-140302/LUFA/Drivers/USB/Core/AVR8/USBController_AVR8.o
USB_ProcessHIDReport                              lufa-LUFA-140302/LUFA/Drivers/USB/Class/Common/HIDParser.o
USB_ResetInterface                                lufa-LUFA-140302/LUFA/Drivers/USB/Core/AVR8/USBController_AVR8.o
USB_SetHIDReportItemInfo                          lufa-LUFA-140302/LUFA/Drivers/USB/Class/Common/HIDParser.o
USB_USBTask                                       lufa-LUFA-140302/LUFA/Drivers/USB/Core/USBTask.o
                                                  lufa-LUFA-140302/LUFA/Drivers/USB/Class/Device/PrinterClassDevice.o
                                                  lufa-LUFA-140302/LUFA/Drivers/USB/Class/Device/CDCClassDevice.o
                                                  Lib/ISP.o
                                                  Hoodloader.o
VirtualSerial_CDC_Interface                       Lib/CDC.o
                                                  Lib/ISP.o
                                                  Lib/HID.o
                                                  Hoodloader.o
__bad_interrupt                                   /usr/lib/gcc/avr/4.7.2/../../../avr/lib/avr35/crtm16u2.o
__bss_end                                         /usr/lib/gcc/avr/4.7.2/avr35/libgcc.a(_clear_bss.o)
__bss_start                                       /usr/lib/gcc/avr/4.7.2/avr35/libgcc.a(_clear_bss.o)
__data_end                                        /usr/lib/gcc/avr/4.7.2/avr35/libgcc.a(_copy_data.o)
__data_load_start                                 /usr/lib/gcc/avr/4.7.2/avr35/libgcc.a(_copy_data.o)
__data_start                                      /usr/lib/gcc/avr/4.7.2/avr35/libgcc.a(_copy_data.o)
__do_clear_bss                                    /usr/lib/gcc/avr/4.7.2/avr35/libgcc.a(_clear_bss.o)
                                                  /usr/lib/gcc/avr/4.7.2/../../../avr/lib/avr35/libc.a(iob.o)
                                                  lufa-LUFA-140302/LUFA/Drivers/USB/Core/USBTask.o
                                                  lufa-LUFA-140302/LUFA/Drivers/USB/Core/DeviceStandardReq.o
                                                  lufa-LUFA-140302/LUFA/Drivers/Peripheral/AVR8/Serial_AVR8.o
                                                  Lib/Ram.o
__do_copy_data                                    /usr/lib/gcc/avr/4.7.2/avr35/libgcc.a(_copy_data.o)
                                                  lufa-LUFA-140302/LUFA/Drivers/USB/Class/Device/RNDISClassDevice.o
                                                  lufa-LUFA-140302/LUFA/Drivers/USB/Class/Device/CDCClassDevice.o
                                                  Lib/CDC.o
                                                  Lib/HID.o
__eerd_byte_m16u2                                 /usr/lib/gcc/avr/4.7.2/../../../avr/lib/avr35/libc.a(eerd_byte_atmega16u2.o)
                                                  lufa-LUFA-140302/LUFA/Drivers/USB/Core/AVR8/EndpointStream_AVR8.o
__eeupd_byte_m16u2                                /usr/lib/gcc/avr/4.7.2/../../../avr/lib/avr35/libc.a(eeupd_byte_atmega16u2.o)
                                                  lufa-LUFA-140302/LUFA/Drivers/USB/Core/AVR8/EndpointStream_AVR8.o
__eeupd_r18_m16u2                                 /usr/lib/gcc/avr/4.7.2/../../../avr/lib/avr35/libc.a(eeupd_byte_atmega16u2.o)
__heap_end                                        /usr/lib/gcc/avr/4.7.2/../../../avr/lib/avr35/crtm16u2.o
__init                                            /usr/lib/gcc/avr/4.7.2/../../../avr/lib/avr35/crtm16u2.o
__iob                                             /usr/lib/gcc/avr/4.7.2/../../../avr/lib/avr35/libc.a(iob.o)
                                                  lufa-LUFA-140302/LUFA/Drivers/Peripheral/AVR8/Serial_AVR8.o
__mulhi3                                          /usr/lib/gcc/avr/4.7.2/avr35/libgcc.a(_mulhi3.o)
                                                  lufa-LUFA-140302/LUFA/Drivers/USB/Class/Common/HIDParser.o
__stack                                           /usr/lib/gcc/avr/4.7.2/../../../avr/lib/avr35/crtm16u2.o
__udivmodsi4                                      /usr/lib/gcc/avr/4.7.2/avr35/libgcc.a(_udivmodsi4.o)
                                                  Lib/CDC.o
__vector_1                                        /usr/lib/gcc/avr/4.7.2/../../../avr/lib/avr35/crtm16u2.o
__vector_10                                       /usr/lib/gcc/avr/4.7.2/../../../avr/lib/avr35/crtm16u2.o
__vector_11                                       lufa-LUFA-140302/LUFA/Drivers/USB/Core/AVR8/USBInterrupt_AVR8.o
                                                  /usr/lib/gcc/avr/4.7.2/../../../avr/lib/avr35/crtm16u2.o
__vector_12                                       lufa-LUFA-140302/LUFA/Drivers/USB/Core/AVR8/USBInterrupt_AVR8.o
                                                  /usr/lib/gcc/avr/4.7.2/../../../avr/lib/avr35/crtm16u2.o
__vector_13                                       /usr/lib/gcc/avr/4.7.2/../../../avr/lib/avr35/crtm16u2.o
__vector_14                                       /usr/lib/gcc/avr/4.7.2/../../../avr/lib/avr35/crtm16u2.o
__vector_15                                       /usr/lib/gcc/avr/4.7.2/../../../avr/lib/avr35/crtm16u2.o
__vector_16                                       /usr/lib/gcc/avr/4.7.2/../../../avr/lib/avr35/crtm16u2.o
__vector_17                                       /usr/lib/gcc/avr/4.7.2/../../../avr/lib/avr35/crtm16u2.o
__vector_18                                       /usr/lib/gcc/avr/4.7.2/../../../avr/lib/avr35/crtm16u2.o
__vector_19                                       /usr/lib/gcc/avr/4.7.2/../../../avr/lib/avr35/crtm16u2.o
__vector_2                                        /usr/lib/gcc/avr/4.7.2/../../../avr/lib/avr35/crtm16u2.o
__vector_20                                       /usr/lib/gcc/avr/4.7.2/../../../avr/lib/avr35/crtm16u2.o
__vector_21                                       /usr/lib/gcc/avr/4.7.2/../../../avr/lib/avr35/crtm16u2.o
__vector_22                                       /usr/lib/gcc/avr/4.7.2/../../../avr/lib/avr35/crtm16u2.o
__vector_23                                       Hoodloader.o
                                                  /usr/lib/gcc/avr/4.7.2/../../../avr/lib/avr35/crtm16u2.o
__vector_24                                       /usr/lib/gcc/avr/4.7.2/../../../avr/lib/avr35/crtm16u2.o
__vector_25                                       /usr/lib/gcc/avr/4.7.2/../../../avr/lib/avr35/crtm16u2.o
__vector_26                                       /usr/lib/gcc/avr/4.7.2/../../../avr/lib/avr35/crtm16u2.o
__vector_27                                       /usr/lib/gcc/avr/4.7.2/../../../avr/lib/avr35/crtm16u2.o
__vector_28                                       /usr/lib/gcc/avr/4.7.2/../../../avr/lib/avr35/crtm16u2.o
__vector_3                                        /usr/lib/gcc/avr/4.7.2/../../../avr/lib/avr35/crtm16u2.o
__vector_4                                        /usr/lib/gcc/avr/4.7.2/../../../avr/lib/avr35/crtm16u2.o
__vector_5                                        /usr/lib/gcc/avr/4.7.2/../../../avr/lib/avr35/crtm16u2.o
__vector_6                                        /usr/lib/gcc/avr/4.7.2/../../../avr/lib/avr35/crtm16u2.o
__vector_7                                        /usr/lib/gcc/avr/4.7.2/../../../avr/lib/avr35/crtm16u2.o
__vector_8                                        /usr/lib/gcc/avr/4.7.2/../../../avr/lib/avr35/crtm16u2.o
__vector_9                                        /usr/lib/gcc/avr/4.7.2/../../../avr/lib/avr35/crtm16u2.o
__vector_default                                  /usr/lib/gcc/avr/4.7.2/../../../avr/lib/avr35/crtm16u2.o
__vectors                                         /usr/lib/gcc/avr/4.7.2/../../../avr/lib/avr35/crtm16u2.o
_exit                                             /usr/lib/gcc/avr/4.7.2/avr35/libgcc.a(_exit.o)
avrisp                                            Lib/ISP.o
                                                  Hoodloader.o
breply                                            Lib/ISP.o
checkNHPControlAddressError                       Lib/HID.o
                                                  Hoodloader.o
checkNHPProtocol                                  Lib/HID.o
                                                  Hoodloader.o
clearHIDReport                                    Lib/HID.o
clearHIDReports                                   Lib/HID.o
commit                                            Lib/ISP.o
current_page                                      Lib/ISP.o
delay                                             Lib/ISP.o
delayMicroseconds                                 Lib/ISP.o
eeprom_read_page                                  Lib/ISP.o
end_pmode                                         Lib/ISP.o
exit                                              /usr/lib/gcc/avr/4.7.2/avr35/libgcc.a(_exit.o)
                                                  /usr/lib/gcc/avr/4.7.2/../../../avr/lib/avr35/crtm16u2.o
fill                                              Lib/ISP.o
flash                                             Lib/ISP.o
flash_read                                        Lib/ISP.o
flash_read_page                                   Lib/ISP.o
flushHID                                          Lib/HID.o
getHIDReportLength                                Lib/HID.o
get_parameters                                    Lib/ISP.o
getch                                             Lib/ISP.o
main                                              Hoodloader.o
                                                  /usr/lib/gcc/avr/4.7.2/../../../avr/lib/avr35/crtm16u2.o
memcmp                                            /usr/lib/gcc/avr/4.7.2/../../../avr/lib/avr35/libc.a(memcmp.o)
                                                  lufa-LUFA-140302/LUFA/Drivers/USB/Class/Device/HIDClassDevice.o
memcpy                                            /usr/lib/gcc/avr/4.7.2/../../../avr/lib/avr35/libc.a(memcpy.o)
                                                  lufa-LUFA-140302/LUFA/Drivers/USB/Class/Device/RNDISClassDevice.o
                                                  lufa-LUFA-140302/LUFA/Drivers/USB/Class/Device/HIDClassDevice.o
                                                  Lib/HID.o
memcpy_P                                          /usr/lib/gcc/avr/4.7.2/../../../avr/lib/avr35/libc.a(memcpy_P.o)
                                                  lufa-LUFA-140302/LUFA/Drivers/USB/Class/Device/RNDISClassDevice.o
memset                                            /usr/lib/gcc/avr/4.7.2/../../../avr/lib/avr35/libc.a(memset.o)
                                                  lufa-LUFA-140302/LUFA/Drivers/USB/Class/Device/HIDClassDevice.o
                                                  Lib/HID.o
                                                  Hoodloader.o
program_page                                      Lib/ISP.o
ram                                               Lib/CDC.o
                                                  Lib/ISP.o
                                                  Lib/Ram.o
                                                  Lib/HID.o
                                                  Hoodloader.o
read_page                                         Lib/ISP.o
read_signature                                    Lib/ISP.o
replyOK                                           Lib/ISP.o
sendCDCbyte                                       Lib/ISP.o
set_parameters                                    Lib/ISP.o
spi_init                                          Lib/ISP.o
spi_send                                          Lib/ISP.o
spi_transaction                                   Lib/ISP.o
spi_wait                                          Lib/ISP.o
start_pmode                                       Lib/ISP.o
universal                                         Lib/ISP.o
writeToCDC                                        Lib/HID.o
                                                  Hoodloader.o
write_eeprom                                      Lib/ISP.o
write_eeprom_chunk                                Lib/ISP.o
write_flash                                       Lib/ISP.o
write_flash_pages                                 Lib/ISP.o
