Archive member included because of file (symbol)

/usr/lib/gcc/avr/4.7.2/avr35/libgcc.a(_mulhi3.o)
                              ../../lufa-LUFA-140302/LUFA/Drivers/USB/Class/Common/HIDParser.o (__mulhi3)
/usr/lib/gcc/avr/4.7.2/avr35/libgcc.a(_udivmodsi4.o)
                              Lib/CDC.o (__udivmodsi4)
/usr/lib/gcc/avr/4.7.2/avr35/libgcc.a(_exit.o)
                              /usr/lib/gcc/avr/4.7.2/../../../avr/lib/avr35/crtm16u2.o (exit)
/usr/lib/gcc/avr/4.7.2/avr35/libgcc.a(_copy_data.o)
                              Lib/HID.o (__do_copy_data)
/usr/lib/gcc/avr/4.7.2/avr35/libgcc.a(_clear_bss.o)
                              Lib/Ram.o (__do_clear_bss)
/usr/lib/gcc/avr/4.7.2/../../../avr/lib/avr35/libc.a(memcpy_P.o)
                              ../../lufa-LUFA-140302/LUFA/Drivers/USB/Class/Device/RNDISClassDevice.o (memcpy_P)
/usr/lib/gcc/avr/4.7.2/../../../avr/lib/avr35/libc.a(memcmp.o)
                              ../../lufa-LUFA-140302/LUFA/Drivers/USB/Class/Device/HIDClassDevice.o (memcmp)
/usr/lib/gcc/avr/4.7.2/../../../avr/lib/avr35/libc.a(memcpy.o)
                              Lib/HID.o (memcpy)
/usr/lib/gcc/avr/4.7.2/../../../avr/lib/avr35/libc.a(memset.o)
                              Lib/HID.o (memset)
/usr/lib/gcc/avr/4.7.2/../../../avr/lib/avr35/libc.a(iob.o)
                              ../../lufa-LUFA-140302/LUFA/Drivers/Peripheral/AVR8/Serial_AVR8.o (__iob)
/usr/lib/gcc/avr/4.7.2/../../../avr/lib/avr35/libc.a(eerd_byte_atmega16u2.o)
                              ../../lufa-LUFA-140302/LUFA/Drivers/USB/Core/AVR8/EndpointStream_AVR8.o (__eerd_byte_m16u2)
/usr/lib/gcc/avr/4.7.2/../../../avr/lib/avr35/libc.a(eeupd_byte_atmega16u2.o)
                              ../../lufa-LUFA-140302/LUFA/Drivers/USB/Core/AVR8/EndpointStream_AVR8.o (__eeupd_byte_m16u2)

Allocating common symbols
Common symbol       size              file

USB_IsInitialized   0x1               ../../lufa-LUFA-140302/LUFA/Drivers/USB/Core/USBTask.o
USB_DeviceState     0x1               ../../lufa-LUFA-140302/LUFA/Drivers/USB/Core/USBTask.o
USB_Device_ConfigurationNumber
                    0x1               ../../lufa-LUFA-140302/LUFA/Drivers/USB/Core/DeviceStandardReq.o
USB_Device_CurrentlySelfPowered
                    0x1               ../../lufa-LUFA-140302/LUFA/Drivers/USB/Core/DeviceStandardReq.o
USARTSerialStream   0xe               ../../lufa-LUFA-140302/LUFA/Drivers/Peripheral/AVR8/Serial_AVR8.o
USB_ControlRequest  0x8               ../../lufa-LUFA-140302/LUFA/Drivers/USB/Core/USBTask.o
ram                 0xab              Lib/Ram.o
USB_Device_RemoteWakeupEnabled
                    0x1               ../../lufa-LUFA-140302/LUFA/Drivers/USB/Core/DeviceStandardReq.o
__iob               0x6               /usr/lib/gcc/avr/4.7.2/../../../avr/lib/avr35/libc.a(iob.o)

Discarded input sections

 .data          0x00000000        0x0 /usr/lib/gcc/avr/4.7.2/../../../avr/lib/avr35/crtm16u2.o
 .bss           0x00000000        0x0 /usr/lib/gcc/avr/4.7.2/../../../avr/lib/avr35/crtm16u2.o
 .text          0x00000000        0x0 Hoodloader.o
 .data          0x00000000        0x0 Hoodloader.o
 .bss           0x00000000        0x0 Hoodloader.o
 .text          0x00000000        0x0 Descriptors.o
 .data          0x00000000        0x0 Descriptors.o
 .bss           0x00000000        0x0 Descriptors.o
 .text          0x00000000        0x0 Lib/HID.o
 .bss           0x00000000        0x0 Lib/HID.o
 .text          0x00000000        0x0 Lib/Ram.o
 .data          0x00000000        0x0 Lib/Ram.o
 .bss           0x00000000        0x0 Lib/Ram.o
 .text          0x00000000        0x0 Lib/ISP.o
 .data          0x00000000        0x0 Lib/ISP.o
 .bss           0x00000000        0x0 Lib/ISP.o
 .text.avrispReset
                0x00000000        0xe Lib/ISP.o
 .text          0x00000000        0x0 Lib/NHP.o
 .data          0x00000000        0x0 Lib/NHP.o
 .bss           0x00000000        0x0 Lib/NHP.o
 .text.NHPwrite
                0x00000000       0x3c Lib/NHP.o
 .text          0x00000000        0x0 Lib/CDC.o
 .bss           0x00000000        0x0 Lib/CDC.o
 .text          0x00000000        0x0 ../../lufa-LUFA-140302/LUFA/Drivers/Peripheral/AVR8/Serial_AVR8.o
 .data          0x00000000        0x0 ../../lufa-LUFA-140302/LUFA/Drivers/Peripheral/AVR8/Serial_AVR8.o
 .bss           0x00000000        0x0 ../../lufa-LUFA-140302/LUFA/Drivers/Peripheral/AVR8/Serial_AVR8.o
 .text.Serial_putchar
                0x00000000       0x12 ../../lufa-LUFA-140302/LUFA/Drivers/Peripheral/AVR8/Serial_AVR8.o
 .text.Serial_getchar
                0x00000000       0x26 ../../lufa-LUFA-140302/LUFA/Drivers/Peripheral/AVR8/Serial_AVR8.o
 .text.Serial_getchar_Blocking
                0x00000000       0x20 ../../lufa-LUFA-140302/LUFA/Drivers/Peripheral/AVR8/Serial_AVR8.o
 .text.Serial_SendString_P
                0x00000000       0x1a ../../lufa-LUFA-140302/LUFA/Drivers/Peripheral/AVR8/Serial_AVR8.o
 .text.Serial_SendString
[...]
Memory Configuration

Name             Origin             Length             Attributes
text             0x00000000         0x00010000         xr
data             0x00800060         0x0000ffa0         rw !x
eeprom           0x00810000         0x00010000         rw !x
fuse             0x00820000         0x00000400         rw !x
lock             0x00830000         0x00000400         rw !x
signature        0x00840000         0x00000400         rw !x
*default*        0x00000000         0xffffffff

Linker script and memory map

Address of section .data set to 0x800100
LOAD /usr/lib/gcc/avr/4.7.2/../../../avr/lib/avr35/crtm16u2.o
LOAD Hoodloader.o
LOAD Descriptors.o
LOAD Lib/HID.o
LOAD Lib/Ram.o
LOAD Lib/ISP.o
LOAD Lib/NHP.o
LOAD Lib/CDC.o
LOAD ../../lufa-LUFA-140302/LUFA/Drivers/Peripheral/AVR8/Serial_AVR8.o
LOAD ../../lufa-LUFA-140302/LUFA/Drivers/USB/Class/Common/HIDParser.o
LOAD ../../lufa-LUFA-140302/LUFA/Drivers/USB/Core/AVR8/Device_AVR8.o
LOAD ../../lufa-LUFA-140302/LUFA/Drivers/USB/Core/AVR8/EndpointStream_AVR8.o
LOAD ../../lufa-LUFA-140302/LUFA/Drivers/USB/Core/AVR8/Endpoint_AVR8.o
LOAD ../../lufa-LUFA-140302/LUFA/Drivers/USB/Core/AVR8/Host_AVR8.o
LOAD ../../lufa-LUFA-140302/LUFA/Drivers/USB/Core/AVR8/PipeStream_AVR8.o
LOAD ../../lufa-LUFA-140302/LUFA/Drivers/USB/Core/AVR8/Pipe_AVR8.o
LOAD ../../lufa-LUFA-140302/LUFA/Drivers/USB/Core/AVR8/USBController_AVR8.o
LOAD ../../lufa-LUFA-140302/LUFA/Drivers/USB/Core/AVR8/USBInterrupt_AVR8.o
LOAD ../../lufa-LUFA-140302/LUFA/Drivers/USB/Core/ConfigDescriptors.o
LOAD ../../lufa-LUFA-140302/LUFA/Drivers/USB/Core/DeviceStandardReq.o
LOAD ../../lufa-LUFA-140302/LUFA/Drivers/USB/Core/Events.o
LOAD ../../lufa-LUFA-140302/LUFA/Drivers/USB/Core/HostStandardReq.o
LOAD ../../lufa-LUFA-140302/LUFA/Drivers/USB/Core/USBTask.o
LOAD ../../lufa-LUFA-140302/LUFA/Drivers/USB/Class/Device/AudioClassDevice.o
LOAD ../../lufa-LUFA-140302/LUFA/Drivers/USB/Class/Device/CDCClassDevice.o
LOAD ../../lufa-LUFA-140302/LUFA/Drivers/USB/Class/Device/HIDClassDevice.o
LOAD ../../lufa-LUFA-140302/LUFA/Drivers/USB/Class/Device/MassStorageClassDevice.o
LOAD ../../lufa-LUFA-140302/LUFA/Drivers/USB/Class/Device/MIDIClassDevice.o
LOAD ../../lufa-LUFA-140302/LUFA/Drivers/USB/Class/Device/PrinterClassDevice.o
LOAD ../../lufa-LUFA-140302/LUFA/Drivers/USB/Class/Device/RNDISClassDevice.o
LOAD ../../lufa-LUFA-140302/LUFA/Drivers/USB/Class/Host/AndroidAccessoryClassHost.o
LOAD ../../lufa-LUFA-140302/LUFA/Drivers/USB/Class/Host/AudioClassHost.o
LOAD ../../lufa-LUFA-140302/LUFA/Drivers/USB/Class/Host/CDCClassHost.o
LOAD ../../lufa-LUFA-140302/LUFA/Drivers/USB/Class/Host/HIDClassHost.o
LOAD ../../lufa-LUFA-140302/LUFA/Drivers/USB/Class/Host/MassStorageClassHost.o
LOAD ../../lufa-LUFA-140302/LUFA/Drivers/USB/Class/Host/MIDIClassHost.o
LOAD ../../lufa-LUFA-140302/LUFA/Drivers/USB/Class/Host/PrinterClassHost.o
LOAD ../../lufa-LUFA-140302/LUFA/Drivers/USB/Class/Host/RNDISClassHost.o
LOAD ../../lufa-LUFA-140302/LUFA/Drivers/USB/Class/Host/StillImageClassHost.o
LOAD /usr/lib/gcc/avr/4.7.2/../../../avr/lib/avr35/libm.a
LOAD /usr/lib/gcc/avr/4.7.2/avr35/libgcc.a
LOAD /usr/lib/gcc/avr/4.7.2/../../../avr/lib/avr35/libc.a
LOAD /usr/lib/gcc/avr/4.7.2/avr35/libgcc.a

.hash
 *(.hash)

.dynsym
 *(.dynsym)

.dynstr
 *(.dynstr)

.gnu.version
 *(.gnu.version)

.gnu.version_d
 *(.gnu.version_d)

.gnu.version_r
 *(.gnu.version_r)

.rel.init
 *(.rel.init)

.rela.init
 *(.rela.init)

.rel.text
 *(.rel.text)
 *(.rel.text.*)
 *(.rel.gnu.linkonce.t*)

.rela.text
 *(.rela.text)
 *(.rela.text.*)
 *(.rela.gnu.linkonce.t*)

.rel.fini
 *(.rel.fini)

.rela.fini
 *(.rela.fini)

.rel.rodata
 *(.rel.rodata)
 *(.rel.rodata.*)
 *(.rel.gnu.linkonce.r*)

.rela.rodata
 *(.rela.rodata)
 *(.rela.rodata.*)
 *(.rela.gnu.linkonce.r*)

.rel.data
 *(.rel.data)
 *(.rel.data.*)
 *(.rel.gnu.linkonce.d*)

.rela.data
 *(.rela.data)
 *(.rela.data.*)
 *(.rela.gnu.linkonce.d*)

.rel.ctors
 *(.rel.ctors)

.rela.ctors
 *(.rela.ctors)

.rel.dtors
 *(.rel.dtors)

.rela.dtors
 *(.rela.dtors)

.rel.got
 *(.rel.got)

.rela.got
 *(.rela.got)

.rel.bss
 *(.rel.bss)

.rela.bss
 *(.rela.bss)

.rel.plt
 *(.rel.plt)

.rela.plt
 *(.rela.plt)

.text           0x00000000     0x27ca
 *(.vectors)
 .vectors       0x00000000       0x74 /usr/lib/gcc/avr/4.7.2/../../../avr/lib/avr35/crtm16u2.o
                0x00000000                __vectors
                0x00000000                __vector_default
 *(.vectors)
 *(.progmem.gcc*)
 *(.progmem*)
 .progmem.data  0x00000074      0x2bf Descriptors.o
                0x00000074                ProductString
                0x000000a6                ManufacturerString
                0x000000ba                LanguageString
                0x000000be                ConfigurationDescriptor
                0x0000011d                DeviceDescriptor
                0x0000012f                HIDReport
                0x00000334                . = ALIGN (0x2)
 *fill*         0x00000333        0x1 00
                0x00000334                __trampolines_start = .
 *(.trampolines)
 .trampolines   0x00000334        0x0 linker stubs
 *(.trampolines*)
                0x00000334                __trampolines_end = .
 *(.jumptables)
 *(.jumptables*)
 *(.lowtext)
 *(.lowtext*)
                0x00000334                __ctors_start = .
 *(.ctors)
                0x00000334                __ctors_end = .
                0x00000334                __dtors_start = .
 *(.dtors)
                0x00000334                __dtors_end = .
 SORT(*)(.ctors)
 SORT(*)(.dtors)
 *(.init0)
 .init0         0x00000334        0x0 /usr/lib/gcc/avr/4.7.2/../../../avr/lib/avr35/crtm16u2.o
                0x00000334                __init
 *(.init0)
 *(.init1)
 *(.init1)
 *(.init2)
 .init2         0x00000334        0xc /usr/lib/gcc/avr/4.7.2/../../../avr/lib/avr35/crtm16u2.o
 *(.init2)
 *(.init3)
 *(.init3)
 *(.init4)
 .init4         0x00000340       0x16 /usr/lib/gcc/avr/4.7.2/avr35/libgcc.a(_copy_data.o)
                0x00000340                __do_copy_data
 .init4         0x00000356       0x10 /usr/lib/gcc/avr/4.7.2/avr35/libgcc.a(_clear_bss.o)
                0x00000356                __do_clear_bss
 *(.init4)
 *(.init5)
 *(.init5)
 *(.init6)
 *(.init6)
 *(.init7)
 *(.init7)
 *(.init8)
 *(.init8)
 *(.init9)
 .init9         0x00000366        0x6 /usr/lib/gcc/avr/4.7.2/../../../avr/lib/avr35/crtm16u2.o
 *(.init9)
 *(.text)
 .text          0x0000036c        0x2 /usr/lib/gcc/avr/4.7.2/../../../avr/lib/avr35/crtm16u2.o
                0x0000036c                __vector_22
                0x0000036c                __vector_28
                0x0000036c                __vector_1
                0x0000036c                __vector_24
                0x0000036c                __bad_interrupt
                0x0000036c                __vector_6
                0x0000036c                __vector_3
                0x0000036c                __vector_25
                0x0000036c                __vector_13
                0x0000036c                __vector_17
                0x0000036c                __vector_19
                0x0000036c                __vector_7
                0x0000036c                __vector_27
                0x0000036c                __vector_5
                0x0000036c                __vector_4
                0x0000036c                __vector_9
                0x0000036c                __vector_2
                0x0000036c                __vector_21
                0x0000036c                __vector_15
                0x0000036c                __vector_8
                0x0000036c                __vector_26
                0x0000036c                __vector_14
                0x0000036c                __vector_10
                0x0000036c                __vector_16
                0x0000036c                __vector_18
                0x0000036c                __vector_20
                0x0000036e                . = ALIGN (0x2)
 *(.text.*)
 .text.LRingBuffer_Remove.constprop.2
                0x0000036e       0x46 Hoodloader.o
 .text.LRingBuffer_Append.constprop.4
                0x000003b4       0x52 Hoodloader.o
 .text.SetupHardware
                0x00000406       0x48 Hoodloader.o
                0x00000406                SetupHardware
 .text.startup.main
                0x0000044e      0x29e Hoodloader.o
                0x0000044e                main
 .text.EVENT_USB_Device_Connect
                0x000006ec        0x2 Hoodloader.o
                0x000006ec                EVENT_USB_Device_Connect
 .text.EVENT_USB_Device_Disconnect
                0x000006ee        0x2 Hoodloader.o
                0x000006ee                EVENT_USB_Device_Disconnect
 .text.EVENT_USB_Device_ConfigurationChanged
                0x000006f0       0x1c Hoodloader.o
                0x000006f0                EVENT_USB_Device_ConfigurationChanged
 .text.__vector_23
                0x0000070c       0x82 Hoodloader.o
                0x0000070c                __vector_23
 .text.EVENT_USB_Device_ControlRequest
                0x0000078e       0x10 Hoodloader.o
                0x0000078e                EVENT_USB_Device_ControlRequest
 .text.EVENT_USB_Device_StartOfFrame
                0x0000079e       0x18 Hoodloader.o
                0x0000079e                EVENT_USB_Device_StartOfFrame
 .text.CALLBACK_USB_GetDescriptor
                0x000007b6       0xa2 Descriptors.o
                0x000007b6                CALLBACK_USB_GetDescriptor
 .text.LRingBuffer_Append_Buffer.constprop.0
                0x00000858       0x84 Lib/HID.o
 .text.CALLBACK_HID_Device_ProcessHIDReport
                0x000008dc        0x2 Lib/HID.o
                0x000008dc                CALLBACK_HID_Device_ProcessHIDReport
 .text.flushHID
                0x000008de       0x14 Lib/HID.o
                0x000008de                flushHID
 .text.getHIDReportLength
                0x000008f2       0x16 Lib/HID.o
                0x000008f2                getHIDReportLength
 .text.clearHIDReport
                0x00000908       0xb2 Lib/HID.o
                0x00000908                clearHIDReport
 .text.clearHIDReports
                0x000009ba       0x22 Lib/HID.o
                0x000009ba                clearHIDReports
 .text.CALLBACK_HID_Device_CreateHIDReport
                0x000009dc       0xca Lib/HID.o
                0x000009dc                CALLBACK_HID_Device_CreateHIDReport
 .text.checkNHPControlAddressError
                0x00000aa6       0x66 Lib/HID.o
                0x00000aa6                checkNHPControlAddressError
 .text.checkNHPProtocol
                0x00000b0c      0x126 Lib/HID.o
                0x00000b0c                checkNHPProtocol
 .text.sendCDCbyte
                0x00000c32       0x46 Lib/ISP.o
                0x00000c32                sendCDCbyte
 .text.getch    0x00000c78        0xe Lib/ISP.o
                0x00000c78                getch
 .text.fill     0x00000c86       0x36 Lib/ISP.o
                0x00000c86                fill
 .text.end_pmode
                0x00000cbc       0x4a Lib/ISP.o
                0x00000cbc                end_pmode
 .text.breply   0x00000d06       0x32 Lib/ISP.o
                0x00000d06                breply
 .text.replyOK  0x00000d38       0x26 Lib/ISP.o
                0x00000d38                replyOK
 .text.get_parameters
                0x00000d5e       0x2a Lib/ISP.o
                0x00000d5e                get_parameters
 .text.set_parameters
                0x00000d88       0x34 Lib/ISP.o
                0x00000d88                set_parameters
 .text.spi_init
                0x00000dbc        0xa Lib/ISP.o
                0x00000dbc                spi_init
 .text.spi_wait
                0x00000dc6        0x8 Lib/ISP.o
                0x00000dc6                spi_wait
 .text.spi_send
                0x00000dce        0x8 Lib/ISP.o
                0x00000dce                spi_send
 .text.spi_transaction
                0x00000dd6       0x30 Lib/ISP.o
                0x00000dd6                spi_transaction
 .text.read_signature
                0x00000e06       0x48 Lib/ISP.o
                0x00000e06                read_signature
 .text.universal
                0x00000e4e       0x1a Lib/ISP.o
                0x00000e4e                universal
 .text.start_pmode
                0x00000e68       0x6e Lib/ISP.o
                0x00000e68                start_pmode
 .text.accessData
                0x00000ed6        0xa Lib/ISP.o
                0x00000ed6                accessData
 .text.read_page
                0x00000ee0       0xca Lib/ISP.o
                0x00000ee0                read_page
 .text.current_page
                0x00000faa       0x3a Lib/ISP.o
                0x00000faa                current_page
 .text.commit   0x00000fe4       0x20 Lib/ISP.o
                0x00000fe4                commit
 .text.write_flash_chunk
                0x00001004       0x8c Lib/ISP.o
                0x00001004                write_flash_chunk
 .text.write_flash
                0x00001090       0x40 Lib/ISP.o
                0x00001090                write_flash
 .text.write_eeprom_chunk
                0x000010d0       0x68 Lib/ISP.o
                0x000010d0                write_eeprom_chunk
 .text.write_eeprom
                0x00001138       0x64 Lib/ISP.o
                0x00001138                write_eeprom
 .text.program_page
                0x0000119c       0x54 Lib/ISP.o
                0x0000119c                program_page
 .text.avrisp   0x000011f0      0x180 Lib/ISP.o
                0x000011f0                avrisp
 .text.NHPreset
                0x00001370        0xc Lib/NHP.o
                0x00001370                NHPreset
 .text.NHPread  0x0000137c      0x15a Lib/NHP.o
                0x0000137c                NHPread
 .text.NHPreadChecksum
                0x000014d6       0x46 Lib/NHP.o
                0x000014d6                NHPreadChecksum
 .text.NHPwriteChecksum
                0x0000151c       0x84 Lib/NHP.o
                0x0000151c                NHPwriteChecksum
 .text.EVENT_CDC_Device_LineEncodingChanged
                0x000015a0       0xec Lib/CDC.o
                0x000015a0                EVENT_CDC_Device_LineEncodingChanged
 .text.EVENT_CDC_Device_ControLineStateChanged
                0x0000168c       0x28 Lib/CDC.o
                0x0000168c                EVENT_CDC_Device_ControLineStateChanged
 .text.Endpoint_Write_Stream_LE
                0x000016b4       0x9a ../../lufa-LUFA-140302/LUFA/Drivers/USB/Core/AVR8/EndpointStream_AVR8.o
                0x000016b4                Endpoint_Write_Stream_LE
 .text.Endpoint_Write_Control_Stream_LE
                0x0000174e       0xc0 ../../lufa-LUFA-140302/LUFA/Drivers/USB/Core/AVR8/EndpointStream_AVR8.o
                0x0000174e                Endpoint_Write_Control_Stream_LE
 .text.Endpoint_Read_Control_Stream_LE
                0x0000180e       0x80 ../../lufa-LUFA-140302/LUFA/Drivers/USB/Core/AVR8/EndpointStream_AVR8.o
                0x0000180e                Endpoint_Read_Control_Stream_LE
 .text.Endpoint_Write_Control_PStream_LE
                0x0000188e       0xc2 ../../lufa-LUFA-140302/LUFA/Drivers/USB/Core/AVR8/EndpointStream_AVR8.o
                0x0000188e                Endpoint_Write_Control_PStream_LE
 .text.Endpoint_ConfigureEndpoint_Prv
                0x00001950       0x6e ../../lufa-LUFA-140302/LUFA/Drivers/USB/Core/AVR8/Endpoint_AVR8.o
                0x00001950                Endpoint_ConfigureEndpoint_Prv
 .text.Endpoint_ConfigureEndpointTable
                0x000019be       0x7c ../../lufa-LUFA-140302/LUFA/Drivers/USB/Core/AVR8/Endpoint_AVR8.o
                0x000019be                Endpoint_ConfigureEndpointTable
 .text.Endpoint_ClearStatusStage
                0x00001a3a       0x42 ../../lufa-LUFA-140302/LUFA/Drivers/USB/Core/AVR8/Endpoint_AVR8.o
                0x00001a3a                Endpoint_ClearStatusStage
 .text.Endpoint_WaitUntilReady
                0x00001a7c       0x64 ../../lufa-LUFA-140302/LUFA/Drivers/USB/Core/AVR8/Endpoint_AVR8.o
                0x00001a7c                Endpoint_WaitUntilReady
 .text.USB_ResetInterface
                0x00001ae0       0x72 ../../lufa-LUFA-140302/LUFA/Drivers/USB/Core/AVR8/USBController_AVR8.o
                0x00001ae0                USB_ResetInterface
 .text.USB_Init
                0x00001b52       0x12 ../../lufa-LUFA-140302/LUFA/Drivers/USB/Core/AVR8/USBController_AVR8.o
                0x00001b52                USB_Init
 .text.USB_INT_DisableAllInterrupts
                0x00001b64        0x6 ../../lufa-LUFA-140302/LUFA/Drivers/USB/Core/AVR8/USBInterrupt_AVR8.o
                0x00001b64                USB_INT_DisableAllInterrupts
 .text.USB_INT_ClearAllInterrupts
                0x00001b6a        0x6 ../../lufa-LUFA-140302/LUFA/Drivers/USB/Core/AVR8/USBInterrupt_AVR8.o
                0x00001b6a                USB_INT_ClearAllInterrupts
 .text.__vector_11
                0x00001b70      0x158 ../../lufa-LUFA-140302/LUFA/Drivers/USB/Core/AVR8/USBInterrupt_AVR8.o
                0x00001b70                __vector_11
 .text.__vector_12
                0x00001cc8       0x86 ../../lufa-LUFA-140302/LUFA/Drivers/USB/Core/AVR8/USBInterrupt_AVR8.o
                0x00001cc8                __vector_12
 .text.USB_Device_ProcessControlRequest
                0x00001d4e      0x2c8 ../../lufa-LUFA-140302/LUFA/Drivers/USB/Core/DeviceStandardReq.o
                0x00001d4e                USB_Device_ProcessControlRequest
 .text.USB_Event_Stub
                0x00002016        0x2 ../../lufa-LUFA-140302/LUFA/Drivers/USB/Core/Events.o
                0x00002016                EVENT_USB_Device_WakeUp
                0x00002016                USB_Event_Stub
                0x00002016                EVENT_USB_Device_Suspend
                0x00002016                EVENT_USB_Device_Reset
 .text.USB_USBTask
                0x00002018       0x38 ../../lufa-LUFA-140302/LUFA/Drivers/USB/Core/USBTask.o
                0x00002018                USB_USBTask
 .text.CDC_Device_ConfigureEndpoints
                0x00002050       0x4a ../../lufa-LUFA-140302/LUFA/Drivers/USB/Class/Device/CDCClassDevice.o
                0x00002050                CDC_Device_ConfigureEndpoints
 .text.CDC_Device_SendByte
                0x0000209a       0x4e ../../lufa-LUFA-140302/LUFA/Drivers/USB/Class/Device/CDCClassDevice.o
                0x0000209a                CDC_Device_SendByte
 .text.CDC_Device_Flush
                0x000020e8       0x56 ../../lufa-LUFA-140302/LUFA/Drivers/USB/Class/Device/CDCClassDevice.o
                0x000020e8                CDC_Device_Flush
 .text.CDC_Device_USBTask
                0x0000213e       0x2c ../../lufa-LUFA-140302/LUFA/Drivers/USB/Class/Device/CDCClassDevice.o
                0x0000213e                CDC_Device_USBTask
 .text.CDC_Device_ReceiveByte
                0x0000216a       0x5a ../../lufa-LUFA-140302/LUFA/Drivers/USB/Class/Device/CDCClassDevice.o
                0x0000216a                CDC_Device_ReceiveByte
 .text.CDC_Device_Event_Stub
                0x000021c4        0x2 ../../lufa-LUFA-140302/LUFA/Drivers/USB/Class/Device/CDCClassDevice.o
                0x000021c4                EVENT_CDC_Device_BreakSent
                0x000021c4                CDC_Device_Event_Stub
 .text.CDC_Device_ProcessControlRequest
                0x000021c6      0x162 ../../lufa-LUFA-140302/LUFA/Drivers/USB/Class/Device/CDCClassDevice.o
                0x000021c6                CDC_Device_ProcessControlRequest
 .text.HID_Device_ProcessControlRequest
                0x00002328      0x26e ../../lufa-LUFA-140302/LUFA/Drivers/USB/Class/Device/HIDClassDevice.o
                0x00002328                HID_Device_ProcessControlRequest
 .text.HID_Device_ConfigureEndpoints
                0x00002596       0x2a ../../lufa-LUFA-140302/LUFA/Drivers/USB/Class/Device/HIDClassDevice.o
                0x00002596                HID_Device_ConfigureEndpoints
 .text.HID_Device_USBTask
                0x000025c0      0x188 ../../lufa-LUFA-140302/LUFA/Drivers/USB/Class/Device/HIDClassDevice.o
                0x000025c0                HID_Device_USBTask
 .text.libgcc.div
                0x00002748       0x44 /usr/lib/gcc/avr/4.7.2/avr35/libgcc.a(_udivmodsi4.o)
                0x00002748                __udivmodsi4
 .text.avr-libc
                0x0000278c       0x1a /usr/lib/gcc/avr/4.7.2/../../../avr/lib/avr35/libc.a(memcmp.o)
                0x0000278c                memcmp
 .text.avr-libc
                0x000027a6       0x12 /usr/lib/gcc/avr/4.7.2/../../../avr/lib/avr35/libc.a(memcpy.o)
                0x000027a6                memcpy
 .text.avr-libc
                0x000027b8        0xe /usr/lib/gcc/avr/4.7.2/../../../avr/lib/avr35/libc.a(memset.o)
                0x000027b8                memset
                0x000027c6                . = ALIGN (0x2)
 *(.fini9)
 .fini9         0x000027c6        0x0 /usr/lib/gcc/avr/4.7.2/avr35/libgcc.a(_exit.o)
                0x000027c6                exit
                0x000027c6                _exit
 *(.fini9)
 *(.fini8)
 *(.fini8)
 *(.fini7)
 *(.fini7)
 *(.fini6)
 *(.fini6)
 *(.fini5)
 *(.fini5)
 *(.fini4)
 *(.fini4)
 *(.fini3)
 *(.fini3)
 *(.fini2)
 *(.fini2)
 *(.fini1)
 *(.fini1)
 *(.fini0)
 .fini0         0x000027c6        0x4 /usr/lib/gcc/avr/4.7.2/avr35/libgcc.a(_exit.o)
 *(.fini0)
                0x000027ca                _etext = .

.data           0x00800100       0x3e load address 0x000027ca
                0x00800100                PROVIDE (__data_start, .)
 *(.data)
 .data          0x00800100       0x10 Lib/HID.o
                0x00800100                Device_HID_Interface
 .data          0x00800110       0x1b Lib/CDC.o
                0x00800110                VirtualSerial_CDC_Interface
 *(.data*)
 *(.rodata)
 .rodata        0x0080012b       0x11 Lib/HID.o
 .rodata        0x0080013c        0x2 Lib/CDC.o
 *(.rodata*)
 *(.gnu.linkonce.d*)
                0x0080013e                . = ALIGN (0x2)
                0x0080013e                _edata = .
                0x0080013e                PROVIDE (__data_end, .)

.bss            0x0080013e       0xb8
                0x0080013e                PROVIDE (__bss_start, .)
 *(.bss)
 *(.bss*)
 *(COMMON)
 COMMON         0x0080013e       0xab Lib/Ram.o
                0x0080013e                ram
 COMMON         0x008001e9        0x3 ../../lufa-LUFA-140302/LUFA/Drivers/USB/Core/DeviceStandardReq.o
                0x008001e9                USB_Device_ConfigurationNumber
                0x008001ea                USB_Device_CurrentlySelfPowered
                0x008001eb                USB_Device_RemoteWakeupEnabled
 COMMON         0x008001ec        0xa ../../lufa-LUFA-140302/LUFA/Drivers/USB/Core/USBTask.o
                0x008001ec                USB_IsInitialized
                0x008001ed                USB_DeviceState
                0x008001ee                USB_ControlRequest
                0x008001f6                PROVIDE (__bss_end, .)
                0x000027ca                __data_load_start = LOADADDR (.data)
                0x00002808                __data_load_end = (__data_load_start + SIZEOF (.data))

.noinit         0x008001f6        0x0
                0x008001f6                PROVIDE (__noinit_start, .)
 *(.noinit*)
                0x008001f6                PROVIDE (__noinit_end, .)
                0x008001f6                _end = .
                0x008001f6                PROVIDE (__heap_start, .)

.eeprom         0x00810000        0x0
 *(.eeprom*)
                0x00810000                __eeprom_end = .

.fuse
 *(.fuse)
 *(.lfuse)
 *(.hfuse)
 *(.efuse)

.lock
 *(.lock*)

.signature
 *(.signature*)

.stab           0x00000000      0xd98
 *(.stab)
 .stab          0x00000000      0x6cc /usr/lib/gcc/avr/4.7.2/../../../avr/lib/avr35/crtm16u2.o
 .stab          0x000006cc       0x84 /usr/lib/gcc/avr/4.7.2/../../../avr/lib/avr35/libc.a(memcpy_P.o)
                                 0x90 (size before relaxing)
 .stab          0x00000750       0xb4 /usr/lib/gcc/avr/4.7.2/../../../avr/lib/avr35/libc.a(memcmp.o)
                                 0xc0 (size before relaxing)
 .stab          0x00000804       0x84 /usr/lib/gcc/avr/4.7.2/../../../avr/lib/avr35/libc.a(memcpy.o)
                                 0x90 (size before relaxing)
 .stab          0x00000888       0x6c /usr/lib/gcc/avr/4.7.2/../../../avr/lib/avr35/libc.a(memset.o)
                                 0x78 (size before relaxing)
 .stab          0x000008f4      0x300 /usr/lib/gcc/avr/4.7.2/../../../avr/lib/avr35/libc.a(iob.o)
                                0x30c (size before relaxing)
 .stab          0x00000bf4       0x90 /usr/lib/gcc/avr/4.7.2/../../../avr/lib/avr35/libc.a(eerd_byte_atmega16u2.o)
                                 0x9c (size before relaxing)
 .stab          0x00000c84      0x114 /usr/lib/gcc/avr/4.7.2/../../../avr/lib/avr35/libc.a(eeupd_byte_atmega16u2.o)
                                0x120 (size before relaxing)

.stabstr        0x00000000      0x91f
 *(.stabstr)
 .stabstr       0x00000000      0x91f /usr/lib/gcc/avr/4.7.2/../../../avr/lib/avr35/crtm16u2.o

.stab.excl
 *(.stab.excl)

.stab.exclstr
 *(.stab.exclstr)

.stab.index
 *(.stab.index)

.stab.indexstr
 *(.stab.indexstr)

.comment        0x00000000       0x22
 *(.comment)
 .comment       0x00000000       0x11 Hoodloader.o
                                 0x12 (size before relaxing)
 .comment       0x00000000       0x12 Descriptors.o
 .comment       0x00000000       0x12 Lib/HID.o
 .comment       0x00000000       0x12 Lib/Ram.o
 .comment       0x00000000       0x12 Lib/ISP.o
 .comment       0x00000000       0x12 Lib/NHP.o
 .comment       0x00000000       0x12 Lib/CDC.o
 .comment       0x00000000       0x12 ../../lufa-LUFA-140302/LUFA/Drivers/Peripheral/AVR8/Serial_AVR8.o
 .comment       0x00000000       0x12 ../../lufa-LUFA-140302/LUFA/Drivers/USB/Class/Common/HIDParser.o
 .comment       0x00000000       0x12 ../../lufa-LUFA-140302/LUFA/Drivers/USB/Core/AVR8/Device_AVR8.o
 .comment       0x00000000       0x12 ../../lufa-LUFA-140302/LUFA/Drivers/USB/Core/AVR8/EndpointStream_AVR8.o
 .comment       0x00000000       0x12 ../../lufa-LUFA-140302/LUFA/Drivers/USB/Core/AVR8/Endpoint_AVR8.o
 .comment       0x00000000       0x12 ../../lufa-LUFA-140302/LUFA/Drivers/USB/Core/AVR8/Host_AVR8.o
 .comment       0x00000000       0x12 ../../lufa-LUFA-140302/LUFA/Drivers/USB/Core/AVR8/PipeStream_AVR8.o
 .comment       0x00000000       0x12 ../../lufa-LUFA-140302/LUFA/Drivers/USB/Core/AVR8/Pipe_AVR8.o
 .comment       0x00000000       0x12 ../../lufa-LUFA-140302/LUFA/Drivers/USB/Core/AVR8/USBController_AVR8.o
 .comment       0x00000000       0x12 ../../lufa-LUFA-140302/LUFA/Drivers/USB/Core/AVR8/USBInterrupt_AVR8.o
 .comment       0x00000000       0x12 ../../lufa-LUFA-140302/LUFA/Drivers/USB/Core/ConfigDescriptors.o
 .comment       0x00000000       0x12 ../../lufa-LUFA-140302/LUFA/Drivers/USB/Core/DeviceStandardReq.o
 .comment       0x00000000       0x12 ../../lufa-LUFA-140302/LUFA/Drivers/USB/Core/Events.o
 .comment       0x00000000       0x12 ../../lufa-LUFA-140302/LUFA/Drivers/USB/Core/HostStandardReq.o
 .comment       0x00000000       0x12 ../../lufa-LUFA-140302/LUFA/Drivers/USB/Core/USBTask.o
 .comment       0x00000000       0x12 ../../lufa-LUFA-140302/LUFA/Drivers/USB/Class/Device/AudioClassDevice.o
 .comment       0x00000000       0x12 ../../lufa-LUFA-140302/LUFA/Drivers/USB/Class/Device/CDCClassDevice.o
 .comment       0x00000000       0x12 ../../lufa-LUFA-140302/LUFA/Drivers/USB/Class/Device/HIDClassDevice.o
 .comment       0x00000000       0x12 ../../lufa-LUFA-140302/LUFA/Drivers/USB/Class/Device/MassStorageClassDevice.o
 .comment       0x00000000       0x12 ../../lufa-LUFA-140302/LUFA/Drivers/USB/Class/Device/MIDIClassDevice.o
 .comment       0x00000000       0x12 ../../lufa-LUFA-140302/LUFA/Drivers/USB/Class/Device/PrinterClassDevice.o
 .comment       0x00000000       0x12 ../../lufa-LUFA-140302/LUFA/Drivers/USB/Class/Device/RNDISClassDevice.o
 .comment       0x00000000       0x12 ../../lufa-LUFA-140302/LUFA/Drivers/USB/Class/Host/AndroidAccessoryClassHost.o
 .comment       0x00000000       0x12 ../../lufa-LUFA-140302/LUFA/Drivers/USB/Class/Host/AudioClassHost.o
 .comment       0x00000000       0x12 ../../lufa-LUFA-140302/LUFA/Drivers/USB/Class/Host/CDCClassHost.o
 .comment       0x00000000       0x12 ../../lufa-LUFA-140302/LUFA/Drivers/USB/Class/Host/HIDClassHost.o
 .comment       0x00000000       0x12 ../../lufa-LUFA-140302/LUFA/Drivers/USB/Class/Host/MassStorageClassHost.o
 .comment       0x00000000       0x12 ../../lufa-LUFA-140302/LUFA/Drivers/USB/Class/Host/MIDIClassHost.o
 .comment       0x00000000       0x12 ../../lufa-LUFA-140302/LUFA/Drivers/USB/Class/Host/PrinterClassHost.o
 .comment       0x00000000       0x12 ../../lufa-LUFA-140302/LUFA/Drivers/USB/Class/Host/RNDISClassHost.o
 .comment       0x00000000       0x12 ../../lufa-LUFA-140302/LUFA/Drivers/USB/Class/Host/StillImageClassHost.o
 .comment       0x00000011       0x11 /usr/lib/gcc/avr/4.7.2/../../../avr/lib/avr35/libc.a(iob.o)
                                 0x12 (size before relaxing)

.debug
 *(.debug)

.line
 *(.line)

.debug_srcinfo
 *(.debug_srcinfo)

.debug_sfnames
 *(.debug_sfnames)

.debug_aranges  0x00000000      0x888
 *(.debug_aranges)
 .debug_aranges
                0x00000000       0x68 Hoodloader.o
 .debug_aranges
                0x00000068       0x20 Descriptors.o
 .debug_aranges
                0x00000088       0x60 Lib/HID.o
 .debug_aranges
                0x000000e8       0x18 Lib/Ram.o
 .debug_aranges
                0x00000100       0xe8 Lib/ISP.o
 .debug_aranges
                0x000001e8       0x40 Lib/NHP.o
 .debug_aranges
                0x00000228       0x28 Lib/CDC.o
 .debug_aranges
                0x00000250       0x58 ../../lufa-LUFA-140302/LUFA/Drivers/Peripheral/AVR8/Serial_AVR8.o
 .debug_aranges
                0x000002a8       0x38 ../../lufa-LUFA-140302/LUFA/Drivers/USB/Class/Common/HIDParser.o
 .debug_aranges
                0x000002e0       0x20 ../../lufa-LUFA-140302/LUFA/Drivers/USB/Core/AVR8/Device_AVR8.o
 .debug_aranges
                0x00000300       0xc8 ../../lufa-LUFA-140302/LUFA/Drivers/USB/Core/AVR8/EndpointStream_AVR8.o
 .debug_aranges
                0x000003c8       0x40 ../../lufa-LUFA-140302/LUFA/Drivers/USB/Core/AVR8/Endpoint_AVR8.o
 .debug_aranges
                0x00000408       0x18 ../../lufa-LUFA-140302/LUFA/Drivers/USB/Core/AVR8/Host_AVR8.o
 .debug_aranges
                0x00000420       0x18 ../../lufa-LUFA-140302/LUFA/Drivers/USB/Core/AVR8/PipeStream_AVR8.o
 .debug_aranges
                0x00000438       0x18 ../../lufa-LUFA-140302/LUFA/Drivers/USB/Core/AVR8/Pipe_AVR8.o
 .debug_aranges
                0x00000450       0x30 ../../lufa-LUFA-140302/LUFA/Drivers/USB/Core/AVR8/USBController_AVR8.o
 .debug_aranges
                0x00000480       0x38 ../../lufa-LUFA-140302/LUFA/Drivers/USB/Core/AVR8/USBInterrupt_AVR8.o
 .debug_aranges
                0x000004b8       0x40 ../../lufa-LUFA-140302/LUFA/Drivers/USB/Core/ConfigDescriptors.o
 .debug_aranges
                0x000004f8       0x20 ../../lufa-LUFA-140302/LUFA/Drivers/USB/Core/DeviceStandardReq.o
 .debug_aranges
                0x00000518       0x20 ../../lufa-LUFA-140302/LUFA/Drivers/USB/Core/Events.o
 .debug_aranges
                0x00000538       0x18 ../../lufa-LUFA-140302/LUFA/Drivers/USB/Core/HostStandardReq.o
 .debug_aranges
                0x00000550       0x20 ../../lufa-LUFA-140302/LUFA/Drivers/USB/Core/USBTask.o
 .debug_aranges
                0x00000570       0x30 ../../lufa-LUFA-140302/LUFA/Drivers/USB/Class/Device/AudioClassDevice.o
 .debug_aranges
                0x000005a0       0x98 ../../lufa-LUFA-140302/LUFA/Drivers/USB/Class/Device/CDCClassDevice.o
 .debug_aranges
                0x00000638       0x30 ../../lufa-LUFA-140302/LUFA/Drivers/USB/Class/Device/HIDClassDevice.o
 .debug_aranges
                0x00000668       0x30 ../../lufa-LUFA-140302/LUFA/Drivers/USB/Class/Device/MassStorageClassDevice.o
 .debug_aranges
                0x00000698       0x40 ../../lufa-LUFA-140302/LUFA/Drivers/USB/Class/Device/MIDIClassDevice.o
 .debug_aranges
                0x000006d8       0x90 ../../lufa-LUFA-140302/LUFA/Drivers/USB/Class/Device/PrinterClassDevice.o
 .debug_aranges
                0x00000768       0x48 ../../lufa-LUFA-140302/LUFA/Drivers/USB/Class/Device/RNDISClassDevice.o
 .debug_aranges
                0x000007b0       0x18 ../../lufa-LUFA-140302/LUFA/Drivers/USB/Class/Host/AndroidAccessoryClassHost.o
 .debug_aranges
                0x000007c8       0x18 ../../lufa-LUFA-140302/LUFA/Drivers/USB/Class/Host/AudioClassHost.o
 .debug_aranges
                0x000007e0       0x18 ../../lufa-LUFA-140302/LUFA/Drivers/USB/Class/Host/CDCClassHost.o
 .debug_aranges
                0x000007f8       0x18 ../../lufa-LUFA-140302/LUFA/Drivers/USB/Class/Host/HIDClassHost.o
 .debug_aranges
                0x00000810       0x18 ../../lufa-LUFA-140302/LUFA/Drivers/USB/Class/Host/MassStorageClassHost.o
 .debug_aranges
                0x00000828       0x18 ../../lufa-LUFA-140302/LUFA/Drivers/USB/Class/Host/MIDIClassHost.o
 .debug_aranges
                0x00000840       0x18 ../../lufa-LUFA-140302/LUFA/Drivers/USB/Class/Host/PrinterClassHost.o
 .debug_aranges
                0x00000858       0x18 ../../lufa-LUFA-140302/LUFA/Drivers/USB/Class/Host/RNDISClassHost.o
 .debug_aranges
                0x00000870       0x18 ../../lufa-LUFA-140302/LUFA/Drivers/USB/Class/Host/StillImageClassHost.o

.debug_pubnames
 *(.debug_pubnames)

.debug_info     0x00000000     0xe2de
 *(.debug_info)
 .debug_info    0x00000000     0x105b Hoodloader.o
 .debug_info    0x0000105b      0x9ec Descriptors.o
 .debug_info    0x00001a47      0xaef Lib/HID.o
 .debug_info    0x00002536      0x34d Lib/Ram.o
 .debug_info    0x00002883     0x16bd Lib/ISP.o
 .debug_info    0x00003f40      0x370 Lib/NHP.o
 .debug_info    0x000042b0      0x655 Lib/CDC.o
 .debug_info    0x00004905      0x441 ../../lufa-LUFA-140302/LUFA/Drivers/Peripheral/AVR8/Serial_AVR8.o
 .debug_info    0x00004d46      0x73a ../../lufa-LUFA-140302/LUFA/Drivers/USB/Class/Common/HIDParser.o
 .debug_info    0x00005480       0xd2 ../../lufa-LUFA-140302/LUFA/Drivers/USB/Core/AVR8/Device_AVR8.o
 .debug_info    0x00005552     0x1746 ../../lufa-LUFA-140302/LUFA/Drivers/USB/Core/AVR8/EndpointStream_AVR8.o
 .debug_info    0x00006c98      0x61b ../../lufa-LUFA-140302/LUFA/Drivers/USB/Core/AVR8/Endpoint_AVR8.o
 .debug_info    0x000072b3       0x56 ../../lufa-LUFA-140302/LUFA/Drivers/USB/Core/AVR8/Host_AVR8.o
 .debug_info    0x00007309       0x56 ../../lufa-LUFA-140302/LUFA/Drivers/USB/Core/AVR8/PipeStream_AVR8.o
 .debug_info    0x0000735f       0x56 ../../lufa-LUFA-140302/LUFA/Drivers/USB/Core/AVR8/Pipe_AVR8.o
 .debug_info    0x000073b5      0x46a ../../lufa-LUFA-140302/LUFA/Drivers/USB/Core/AVR8/USBController_AVR8.o
 .debug_info    0x0000781f      0x70e ../../lufa-LUFA-140302/LUFA/Drivers/USB/Core/AVR8/USBInterrupt_AVR8.o
 .debug_info    0x00007f2d      0x3cd ../../lufa-LUFA-140302/LUFA/Drivers/USB/Core/ConfigDescriptors.o
 .debug_info    0x000082fa      0xa54 ../../lufa-LUFA-140302/LUFA/Drivers/USB/Core/DeviceStandardReq.o
 .debug_info    0x00008d4e       0x78 ../../lufa-LUFA-140302/LUFA/Drivers/USB/Core/Events.o
 .debug_info    0x00008dc6       0x56 ../../lufa-LUFA-140302/LUFA/Drivers/USB/Core/HostStandardReq.o
 .debug_info    0x00008e1c      0x26d ../../lufa-LUFA-140302/LUFA/Drivers/USB/Core/USBTask.o
 .debug_info    0x00009089      0x8f0 ../../lufa-LUFA-140302/LUFA/Drivers/USB/Class/Device/AudioClassDevice.o
 .debug_info    0x00009979      0xe82 ../../lufa-LUFA-140302/LUFA/Drivers/USB/Class/Device/CDCClassDevice.o
 .debug_info    0x0000a7fb      0x9e1 ../../lufa-LUFA-140302/LUFA/Drivers/USB/Class/Device/HIDClassDevice.o
 .debug_info    0x0000b1dc      0x957 ../../lufa-LUFA-140302/LUFA/Drivers/USB/Class/Device/MassStorageClassDevice.o
 .debug_info    0x0000bb33      0x631 ../../lufa-LUFA-140302/LUFA/Drivers/USB/Class/Device/MIDIClassDevice.o
 .debug_info    0x0000c164      0xce5 ../../lufa-LUFA-140302/LUFA/Drivers/USB/Class/Device/PrinterClassDevice.o
 .debug_info    0x0000ce49     0x118f ../../lufa-LUFA-140302/LUFA/Drivers/USB/Class/Device/RNDISClassDevice.o
 .debug_info    0x0000dfd8       0x56 ../../lufa-LUFA-140302/LUFA/Drivers/USB/Class/Host/AndroidAccessoryClassHost.o
 .debug_info    0x0000e02e       0x56 ../../lufa-LUFA-140302/LUFA/Drivers/USB/Class/Host/AudioClassHost.o
 .debug_info    0x0000e084       0x56 ../../lufa-LUFA-140302/LUFA/Drivers/USB/Class/Host/CDCClassHost.o
 .debug_info    0x0000e0da       0x56 ../../lufa-LUFA-140302/LUFA/Drivers/USB/Class/Host/HIDClassHost.o
 .debug_info    0x0000e130       0x56 ../../lufa-LUFA-140302/LUFA/Drivers/USB/Class/Host/MassStorageClassHost.o
 .debug_info    0x0000e186       0x56 ../../lufa-LUFA-140302/LUFA/Drivers/USB/Class/Host/MIDIClassHost.o
 .debug_info    0x0000e1dc       0x56 ../../lufa-LUFA-140302/LUFA/Drivers/USB/Class/Host/PrinterClassHost.o
 .debug_info    0x0000e232       0x56 ../../lufa-LUFA-140302/LUFA/Drivers/USB/Class/Host/RNDISClassHost.o
 .debug_info    0x0000e288       0x56 ../../lufa-LUFA-140302/LUFA/Drivers/USB/Class/Host/StillImageClassHost.o
 *(.gnu.linkonce.wi.*)

.debug_abbrev   0x00000000     0x3aa0
 *(.debug_abbrev)
 .debug_abbrev  0x00000000      0x3dd Hoodloader.o
 .debug_abbrev  0x000003dd      0x184 Descriptors.o
 .debug_abbrev  0x00000561      0x3b0 Lib/HID.o
 .debug_abbrev  0x00000911       0xed Lib/Ram.o
 .debug_abbrev  0x000009fe      0x4a5 Lib/ISP.o
 .debug_abbrev  0x00000ea3      0x16d Lib/NHP.o
 .debug_abbrev  0x00001010      0x1e1 Lib/CDC.o
 .debug_abbrev  0x000011f1      0x1da ../../lufa-LUFA-140302/LUFA/Drivers/Peripheral/AVR8/Serial_AVR8.o
 .debug_abbrev  0x000013cb      0x22b ../../lufa-LUFA-140302/LUFA/Drivers/USB/Class/Common/HIDParser.o
 .debug_abbrev  0x000015f6       0x80 ../../lufa-LUFA-140302/LUFA/Drivers/USB/Core/AVR8/Device_AVR8.o
 .debug_abbrev  0x00001676      0x21a ../../lufa-LUFA-140302/LUFA/Drivers/USB/Core/AVR8/EndpointStream_AVR8.o
 .debug_abbrev  0x00001890      0x222 ../../lufa-LUFA-140302/LUFA/Drivers/USB/Core/AVR8/Endpoint_AVR8.o
 .debug_abbrev  0x00001ab2       0x26 ../../lufa-LUFA-140302/LUFA/Drivers/USB/Core/AVR8/Host_AVR8.o
 .debug_abbrev  0x00001ad8       0x26 ../../lufa-LUFA-140302/LUFA/Drivers/USB/Core/AVR8/PipeStream_AVR8.o
 .debug_abbrev  0x00001afe       0x26 ../../lufa-LUFA-140302/LUFA/Drivers/USB/Core/AVR8/Pipe_AVR8.o
 .debug_abbrev  0x00001b24      0x18d ../../lufa-LUFA-140302/LUFA/Drivers/USB/Core/AVR8/USBController_AVR8.o
 .debug_abbrev  0x00001cb1      0x22f ../../lufa-LUFA-140302/LUFA/Drivers/USB/Core/AVR8/USBInterrupt_AVR8.o
 .debug_abbrev  0x00001ee0      0x183 ../../lufa-LUFA-140302/LUFA/Drivers/USB/Core/ConfigDescriptors.o
 .debug_abbrev  0x00002063      0x2c7 ../../lufa-LUFA-140302/LUFA/Drivers/USB/Core/DeviceStandardReq.o
 .debug_abbrev  0x0000232a       0x44 ../../lufa-LUFA-140302/LUFA/Drivers/USB/Core/Events.o
 .debug_abbrev  0x0000236e       0x26 ../../lufa-LUFA-140302/LUFA/Drivers/USB/Core/HostStandardReq.o
 .debug_abbrev  0x00002394      0x16a ../../lufa-LUFA-140302/LUFA/Drivers/USB/Core/USBTask.o
 .debug_abbrev  0x000024fe      0x20a ../../lufa-LUFA-140302/LUFA/Drivers/USB/Class/Device/AudioClassDevice.o
 .debug_abbrev  0x00002708      0x41d ../../lufa-LUFA-140302/LUFA/Drivers/USB/Class/Device/CDCClassDevice.o
 .debug_abbrev  0x00002b25      0x27f ../../lufa-LUFA-140302/LUFA/Drivers/USB/Class/Device/HIDClassDevice.o
 .debug_abbrev  0x00002da4      0x2af ../../lufa-LUFA-140302/LUFA/Drivers/USB/Class/Device/MassStorageClassDevice.o
 .debug_abbrev  0x00003053      0x245 ../../lufa-LUFA-140302/LUFA/Drivers/USB/Class/Device/MIDIClassDevice.o
 .debug_abbrev  0x00003298      0x343 ../../lufa-LUFA-140302/LUFA/Drivers/USB/Class/Device/PrinterClassDevice.o
 .debug_abbrev  0x000035db      0x36f ../../lufa-LUFA-140302/LUFA/Drivers/USB/Class/Device/RNDISClassDevice.o
 .debug_abbrev  0x0000394a       0x26 ../../lufa-LUFA-140302/LUFA/Drivers/USB/Class/Host/AndroidAccessoryClassHost.o
 .debug_abbrev  0x00003970       0x26 ../../lufa-LUFA-140302/LUFA/Drivers/USB/Class/Host/AudioClassHost.o
 .debug_abbrev  0x00003996       0x26 ../../lufa-LUFA-140302/LUFA/Drivers/USB/Class/Host/CDCClassHost.o
 .debug_abbrev  0x000039bc       0x26 ../../lufa-LUFA-140302/LUFA/Drivers/USB/Class/Host/HIDClassHost.o
 .debug_abbrev  0x000039e2       0x26 ../../lufa-LUFA-140302/LUFA/Drivers/USB/Class/Host/MassStorageClassHost.o
 .debug_abbrev  0x00003a08       0x26 ../../lufa-LUFA-140302/LUFA/Drivers/USB/Class/Host/MIDIClassHost.o
 .debug_abbrev  0x00003a2e       0x26 ../../lufa-LUFA-140302/LUFA/Drivers/USB/Class/Host/PrinterClassHost.o
 .debug_abbrev  0x00003a54       0x26 ../../lufa-LUFA-140302/LUFA/Drivers/USB/Class/Host/RNDISClassHost.o
 .debug_abbrev  0x00003a7a       0x26 ../../lufa-LUFA-140302/LUFA/Drivers/USB/Class/Host/StillImageClassHost.o

.debug_line     0x00000000     0x5929
 *(.debug_line)
 .debug_line    0x00000000      0x600 Hoodloader.o
 .debug_line    0x00000600      0x1f0 Descriptors.o
 .debug_line    0x000007f0      0x32b Lib/HID.o
 .debug_line    0x00000b1b       0xd2 Lib/Ram.o
 .debug_line    0x00000bed      0x707 Lib/ISP.o
 .debug_line    0x000012f4      0x127 Lib/NHP.o
 .debug_line    0x0000141b      0x282 Lib/CDC.o
 .debug_line    0x0000169d      0x20c ../../lufa-LUFA-140302/LUFA/Drivers/Peripheral/AVR8/Serial_AVR8.o
 .debug_line    0x000018a9      0x282 ../../lufa-LUFA-140302/LUFA/Drivers/USB/Class/Common/HIDParser.o
 .debug_line    0x00001b2b      0x121 ../../lufa-LUFA-140302/LUFA/Drivers/USB/Core/AVR8/Device_AVR8.o
 .debug_line    0x00001c4c      0xcc3 ../../lufa-LUFA-140302/LUFA/Drivers/USB/Core/AVR8/EndpointStream_AVR8.o
 .debug_line    0x0000290f      0x3a8 ../../lufa-LUFA-140302/LUFA/Drivers/USB/Core/AVR8/Endpoint_AVR8.o
 .debug_line    0x00002cb7       0x1a ../../lufa-LUFA-140302/LUFA/Drivers/USB/Core/AVR8/Host_AVR8.o
 .debug_line    0x00002cd1       0x1a ../../lufa-LUFA-140302/LUFA/Drivers/USB/Core/AVR8/PipeStream_AVR8.o
 .debug_line    0x00002ceb       0x1a ../../lufa-LUFA-140302/LUFA/Drivers/USB/Core/AVR8/Pipe_AVR8.o
 .debug_line    0x00002d05      0x298 ../../lufa-LUFA-140302/LUFA/Drivers/USB/Core/AVR8/USBController_AVR8.o
 .debug_line    0x00002f9d      0x430 ../../lufa-LUFA-140302/LUFA/Drivers/USB/Core/AVR8/USBInterrupt_AVR8.o
 .debug_line    0x000033cd      0x187 ../../lufa-LUFA-140302/LUFA/Drivers/USB/Core/ConfigDescriptors.o
 .debug_line    0x00003554      0x355 ../../lufa-LUFA-140302/LUFA/Drivers/USB/Core/DeviceStandardReq.o
 .debug_line    0x000038a9       0x62 ../../lufa-LUFA-140302/LUFA/Drivers/USB/Core/Events.o
 .debug_line    0x0000390b       0x1a ../../lufa-LUFA-140302/LUFA/Drivers/USB/Core/HostStandardReq.o
 .debug_line    0x00003925      0x17d ../../lufa-LUFA-140302/LUFA/Drivers/USB/Core/USBTask.o
 .debug_line    0x00003aa2      0x335 ../../lufa-LUFA-140302/LUFA/Drivers/USB/Class/Device/AudioClassDevice.o
 .debug_line    0x00003dd7      0x5d7 ../../lufa-LUFA-140302/LUFA/Drivers/USB/Class/Device/CDCClassDevice.o
 .debug_line    0x000043ae      0x3ef ../../lufa-LUFA-140302/LUFA/Drivers/USB/Class/Device/HIDClassDevice.o
 .debug_line    0x0000479d      0x3c0 ../../lufa-LUFA-140302/LUFA/Drivers/USB/Class/Device/MassStorageClassDevice.o
 .debug_line    0x00004b5d      0x32c ../../lufa-LUFA-140302/LUFA/Drivers/USB/Class/Device/MIDIClassDevice.o
 .debug_line    0x00004e89      0x523 ../../lufa-LUFA-140302/LUFA/Drivers/USB/Class/Device/PrinterClassDevice.o
 .debug_line    0x000053ac      0x493 ../../lufa-LUFA-140302/LUFA/Drivers/USB/Class/Device/RNDISClassDevice.o
 .debug_line    0x0000583f       0x1a ../../lufa-LUFA-140302/LUFA/Drivers/USB/Class/Host/AndroidAccessoryClassHost.o
 .debug_line    0x00005859       0x1a ../../lufa-LUFA-140302/LUFA/Drivers/USB/Class/Host/AudioClassHost.o
 .debug_line    0x00005873       0x1a ../../lufa-LUFA-140302/LUFA/Drivers/USB/Class/Host/CDCClassHost.o
 .debug_line    0x0000588d       0x1a ../../lufa-LUFA-140302/LUFA/Drivers/USB/Class/Host/HIDClassHost.o
 .debug_line    0x000058a7       0x1a ../../lufa-LUFA-140302/LUFA/Drivers/USB/Class/Host/MassStorageClassHost.o
 .debug_line    0x000058c1       0x1a ../../lufa-LUFA-140302/LUFA/Drivers/USB/Class/Host/MIDIClassHost.o
 .debug_line    0x000058db       0x1a ../../lufa-LUFA-140302/LUFA/Drivers/USB/Class/Host/PrinterClassHost.o
 .debug_line    0x000058f5       0x1a ../../lufa-LUFA-140302/LUFA/Drivers/USB/Class/Host/RNDISClassHost.o
 .debug_line    0x0000590f       0x1a ../../lufa-LUFA-140302/LUFA/Drivers/USB/Class/Host/StillImageClassHost.o

.debug_frame    0x00000000     0x1538
 *(.debug_frame)
 .debug_frame   0x00000000       0xf0 Hoodloader.o
 .debug_frame   0x000000f0       0x24 Descriptors.o
 .debug_frame   0x00000114      0x138 Lib/HID.o
 .debug_frame   0x0000024c      0x29c Lib/ISP.o
 .debug_frame   0x000004e8       0xa4 Lib/NHP.o
 .debug_frame   0x0000058c       0x60 Lib/CDC.o
 .debug_frame   0x000005ec       0x94 ../../lufa-LUFA-140302/LUFA/Drivers/Peripheral/AVR8/Serial_AVR8.o
 .debug_frame   0x00000680      0x114 ../../lufa-LUFA-140302/LUFA/Drivers/USB/Class/Common/HIDParser.o
 .debug_frame   0x00000794       0x24 ../../lufa-LUFA-140302/LUFA/Drivers/USB/Core/AVR8/Device_AVR8.o
 .debug_frame   0x000007b8      0x40c ../../lufa-LUFA-140302/LUFA/Drivers/USB/Core/AVR8/EndpointStream_AVR8.o
 .debug_frame   0x00000bc4       0x78 ../../lufa-LUFA-140302/LUFA/Drivers/USB/Core/AVR8/Endpoint_AVR8.o
 .debug_frame   0x00000c3c       0x44 ../../lufa-LUFA-140302/LUFA/Drivers/USB/Core/AVR8/USBController_AVR8.o
 .debug_frame   0x00000c80       0xe8 ../../lufa-LUFA-140302/LUFA/Drivers/USB/Core/AVR8/USBInterrupt_AVR8.o
 .debug_frame   0x00000d68      0x108 ../../lufa-LUFA-140302/LUFA/Drivers/USB/Core/ConfigDescriptors.o
 .debug_frame   0x00000e70       0x3c ../../lufa-LUFA-140302/LUFA/Drivers/USB/Core/DeviceStandardReq.o
 .debug_frame   0x00000eac       0x24 ../../lufa-LUFA-140302/LUFA/Drivers/USB/Core/Events.o
 .debug_frame   0x00000ed0       0x2c ../../lufa-LUFA-140302/LUFA/Drivers/USB/Core/USBTask.o
 .debug_frame   0x00000efc       0xb0 ../../lufa-LUFA-140302/LUFA/Drivers/USB/Class/Device/AudioClassDevice.o
 .debug_frame   0x00000fac      0x168 ../../lufa-LUFA-140302/LUFA/Drivers/USB/Class/Device/CDCClassDevice.o
 .debug_frame   0x00001114       0xe8 ../../lufa-LUFA-140302/LUFA/Drivers/USB/Class/Device/HIDClassDevice.o
 .debug_frame   0x000011fc       0x80 ../../lufa-LUFA-140302/LUFA/Drivers/USB/Class/Device/MassStorageClassDevice.o
 .debug_frame   0x0000127c       0x70 ../../lufa-LUFA-140302/LUFA/Drivers/USB/Class/Device/MIDIClassDevice.o
 .debug_frame   0x000012ec      0x144 ../../lufa-LUFA-140302/LUFA/Drivers/USB/Class/Device/PrinterClassDevice.o
 .debug_frame   0x00001430      0x108 ../../lufa-LUFA-140302/LUFA/Drivers/USB/Class/Device/RNDISClassDevice.o

.debug_str      0x00000000     0x4a0f
 *(.debug_str)
 .debug_str     0x00000000      0x971 Hoodloader.o
                                0xa38 (size before relaxing)
 .debug_str     0x00000971      0xdb3 Descriptors.o
                                0xf40 (size before relaxing)
 .debug_str     0x00001724      0x13d Lib/HID.o
                                0x72f (size before relaxing)
 .debug_str     0x00001861        0xa Lib/Ram.o
                                0x234 (size before relaxing)
 .debug_str     0x0000186b      0x1cd Lib/ISP.o
                                0x742 (size before relaxing)
 .debug_str     0x00001a38       0x52 Lib/NHP.o
                                0x21e (size before relaxing)
 .debug_str     0x00001a8a      0x12f Lib/CDC.o
                                0x540 (size before relaxing)
 .debug_str     0x00001bb9      0x150 ../../lufa-LUFA-140302/LUFA/Drivers/Peripheral/AVR8/Serial_AVR8.o
                                0x287 (size before relaxing)
 .debug_str     0x00001d09      0x487 ../../lufa-LUFA-140302/LUFA/Drivers/USB/Class/Common/HIDParser.o
                                0x627 (size before relaxing)
 .debug_str     0x00002190       0x88 ../../lufa-LUFA-140302/LUFA/Drivers/USB/Core/AVR8/Device_AVR8.o
                                0x163 (size before relaxing)
 .debug_str     0x00002218      0x5e0 ../../lufa-LUFA-140302/LUFA/Drivers/USB/Core/AVR8/EndpointStream_AVR8.o
                                0x7c6 (size before relaxing)
 .debug_str     0x000027f8      0x20b ../../lufa-LUFA-140302/LUFA/Drivers/USB/Core/AVR8/Endpoint_AVR8.o
                                0x585 (size before relaxing)
 .debug_str     0x00002a03       0x3e ../../lufa-LUFA-140302/LUFA/Drivers/USB/Core/AVR8/Host_AVR8.o
                                0x102 (size before relaxing)
 .debug_str     0x00002a41       0x44 ../../lufa-LUFA-140302/LUFA/Drivers/USB/Core/AVR8/PipeStream_AVR8.o
                                0x108 (size before relaxing)
 .debug_str     0x00002a85       0x3e ../../lufa-LUFA-140302/LUFA/Drivers/USB/Core/AVR8/Pipe_AVR8.o
                                0x102 (size before relaxing)
 .debug_str     0x00002ac3      0x1d6 ../../lufa-LUFA-140302/LUFA/Drivers/USB/Core/AVR8/USBController_AVR8.o
                                0x49b (size before relaxing)
 .debug_str     0x00002c99      0x124 ../../lufa-LUFA-140302/LUFA/Drivers/USB/Core/AVR8/USBInterrupt_AVR8.o
                                0x4f0 (size before relaxing)
 .debug_str     0x00002dbd      0x238 ../../lufa-LUFA-140302/LUFA/Drivers/USB/Core/ConfigDescriptors.o
                                0x34b (size before relaxing)
 .debug_str     0x00002ff5      0x3a2 ../../lufa-LUFA-140302/LUFA/Drivers/USB/Core/DeviceStandardReq.o
                                0x937 (size before relaxing)
 .debug_str     0x00003397       0x45 ../../lufa-LUFA-140302/LUFA/Drivers/USB/Core/Events.o
                                0x109 (size before relaxing)
 .debug_str     0x000033dc       0x3f ../../lufa-LUFA-140302/LUFA/Drivers/USB/Core/HostStandardReq.o
                                0x103 (size before relaxing)
 .debug_str     0x0000341b       0x53 ../../lufa-LUFA-140302/LUFA/Drivers/USB/Core/USBTask.o
                                0x2ea (size before relaxing)
 .debug_str     0x0000346e      0x285 ../../lufa-LUFA-140302/LUFA/Drivers/USB/Class/Device/AudioClassDevice.o
                                0x61f (size before relaxing)
 .debug_str     0x000036f3      0x270 ../../lufa-LUFA-140302/LUFA/Drivers/USB/Class/Device/CDCClassDevice.o
                                0x974 (size before relaxing)
 .debug_str     0x00003963      0x118 ../../lufa-LUFA-140302/LUFA/Drivers/USB/Class/Device/HIDClassDevice.o
                                0x671 (size before relaxing)
 .debug_str     0x00003a7b      0x275 ../../lufa-LUFA-140302/LUFA/Drivers/USB/Class/Device/MassStorageClassDevice.o
                                0x76b (size before relaxing)
 .debug_str     0x00003cf0      0x129 ../../lufa-LUFA-140302/LUFA/Drivers/USB/Class/Device/MIDIClassDevice.o
                                0x5e0 (size before relaxing)
 .debug_str     0x00003e19      0x27d ../../lufa-LUFA-140302/LUFA/Drivers/USB/Class/Device/PrinterClassDevice.o
                                0x8a9 (size before relaxing)
 .debug_str     0x00004096      0x702 ../../lufa-LUFA-140302/LUFA/Drivers/USB/Class/Device/RNDISClassDevice.o
                                0xcd2 (size before relaxing)
 .debug_str     0x00004798       0x4f ../../lufa-LUFA-140302/LUFA/Drivers/USB/Class/Host/AndroidAccessoryClassHost.o
                                0x113 (size before relaxing)
 .debug_str     0x000047e7       0x44 ../../lufa-LUFA-140302/LUFA/Drivers/USB/Class/Host/AudioClassHost.o
                                0x108 (size before relaxing)
 .debug_str     0x0000482b       0x42 ../../lufa-LUFA-140302/LUFA/Drivers/USB/Class/Host/CDCClassHost.o
                                0x106 (size before relaxing)
 .debug_str     0x0000486d       0x42 ../../lufa-LUFA-140302/LUFA/Drivers/USB/Class/Host/HIDClassHost.o
                                0x106 (size before relaxing)
 .debug_str     0x000048af       0x4a ../../lufa-LUFA-140302/LUFA/Drivers/USB/Class/Host/MassStorageClassHost.o
                                0x10e (size before relaxing)
 .debug_str     0x000048f9       0x43 ../../lufa-LUFA-140302/LUFA/Drivers/USB/Class/Host/MIDIClassHost.o
                                0x107 (size before relaxing)
 .debug_str     0x0000493c       0x46 ../../lufa-LUFA-140302/LUFA/Drivers/USB/Class/Host/PrinterClassHost.o
                                0x10a (size before relaxing)
 .debug_str     0x00004982       0x44 ../../lufa-LUFA-140302/LUFA/Drivers/USB/Class/Host/RNDISClassHost.o
                                0x108 (size before relaxing)
 .debug_str     0x000049c6       0x49 ../../lufa-LUFA-140302/LUFA/Drivers/USB/Class/Host/StillImageClassHost.o
                                0x10d (size before relaxing)

.debug_loc      0x00000000     0x87c9
 *(.debug_loc)
 .debug_loc     0x00000000      0x3cd Hoodloader.o
 .debug_loc     0x000003cd      0x29e Descriptors.o
 .debug_loc     0x0000066b      0x4be Lib/HID.o
 .debug_loc     0x00000b29      0xe23 Lib/ISP.o
 .debug_loc     0x0000194c      0x4f5 Lib/NHP.o
 .debug_loc     0x00001e41      0x217 Lib/CDC.o
 .debug_loc     0x00002058      0x172 ../../lufa-LUFA-140302/LUFA/Drivers/Peripheral/AVR8/Serial_AVR8.o
 .debug_loc     0x000021ca      0x9c5 ../../lufa-LUFA-140302/LUFA/Drivers/USB/Class/Common/HIDParser.o
 .debug_loc     0x00002b8f     0x20c1 ../../lufa-LUFA-140302/LUFA/Drivers/USB/Core/AVR8/EndpointStream_AVR8.o
 .debug_loc     0x00004c50      0x403 ../../lufa-LUFA-140302/LUFA/Drivers/USB/Core/AVR8/Endpoint_AVR8.o
 .debug_loc     0x00005053      0x31e ../../lufa-LUFA-140302/LUFA/Drivers/USB/Core/AVR8/USBInterrupt_AVR8.o
 .debug_loc     0x00005371      0x5bd ../../lufa-LUFA-140302/LUFA/Drivers/USB/Core/ConfigDescriptors.o
 .debug_loc     0x0000592e      0x284 ../../lufa-LUFA-140302/LUFA/Drivers/USB/Core/DeviceStandardReq.o
 .debug_loc     0x00005bb2       0x49 ../../lufa-LUFA-140302/LUFA/Drivers/USB/Core/USBTask.o
 .debug_loc     0x00005bfb      0x3c6 ../../lufa-LUFA-140302/LUFA/Drivers/USB/Class/Device/AudioClassDevice.o
 .debug_loc     0x00005fc1      0x8c7 ../../lufa-LUFA-140302/LUFA/Drivers/USB/Class/Device/CDCClassDevice.o
 .debug_loc     0x00006888      0x491 ../../lufa-LUFA-140302/LUFA/Drivers/USB/Class/Device/HIDClassDevice.o
 .debug_loc     0x00006d19      0x29f ../../lufa-LUFA-140302/LUFA/Drivers/USB/Class/Device/MassStorageClassDevice.o
 .debug_loc     0x00006fb8      0x2c4 ../../lufa-LUFA-140302/LUFA/Drivers/USB/Class/Device/MIDIClassDevice.o
 .debug_loc     0x0000727c      0x88a ../../lufa-LUFA-140302/LUFA/Drivers/USB/Class/Device/PrinterClassDevice.o
 .debug_loc     0x00007b06      0xcc3 ../../lufa-LUFA-140302/LUFA/Drivers/USB/Class/Device/RNDISClassDevice.o

.debug_macinfo
 *(.debug_macinfo)
OUTPUT(Hoodloader.elf elf32-avr)
LOAD linker stubs

.debug_ranges   0x00000000      0xa40
 .debug_ranges  0x00000000       0x58 Hoodloader.o
 .debug_ranges  0x00000058       0x10 Descriptors.o
 .debug_ranges  0x00000068       0x98 Lib/HID.o
 .debug_ranges  0x00000100       0xf0 Lib/ISP.o
 .debug_ranges  0x000001f0       0x30 Lib/NHP.o
 .debug_ranges  0x00000220       0x18 Lib/CDC.o
 .debug_ranges  0x00000238       0x60 ../../lufa-LUFA-140302/LUFA/Drivers/Peripheral/AVR8/Serial_AVR8.o
 .debug_ranges  0x00000298       0xc8 ../../lufa-LUFA-140302/LUFA/Drivers/USB/Class/Common/HIDParser.o
 .debug_ranges  0x00000360       0x10 ../../lufa-LUFA-140302/LUFA/Drivers/USB/Core/AVR8/Device_AVR8.o
 .debug_ranges  0x00000370      0x328 ../../lufa-LUFA-140302/LUFA/Drivers/USB/Core/AVR8/EndpointStream_AVR8.o
 .debug_ranges  0x00000698       0x98 ../../lufa-LUFA-140302/LUFA/Drivers/USB/Core/AVR8/Endpoint_AVR8.o
 .debug_ranges  0x00000730       0x20 ../../lufa-LUFA-140302/LUFA/Drivers/USB/Core/AVR8/USBController_AVR8.o
 .debug_ranges  0x00000750       0x28 ../../lufa-LUFA-140302/LUFA/Drivers/USB/Core/AVR8/USBInterrupt_AVR8.o
 .debug_ranges  0x00000778       0x30 ../../lufa-LUFA-140302/LUFA/Drivers/USB/Core/ConfigDescriptors.o
 .debug_ranges  0x000007a8       0x28 ../../lufa-LUFA-140302/LUFA/Drivers/USB/Core/DeviceStandardReq.o
 .debug_ranges  0x000007d0       0x10 ../../lufa-LUFA-140302/LUFA/Drivers/USB/Core/Events.o
 .debug_ranges  0x000007e0       0x10 ../../lufa-LUFA-140302/LUFA/Drivers/USB/Core/USBTask.o
 .debug_ranges  0x000007f0       0x20 ../../lufa-LUFA-140302/LUFA/Drivers/USB/Class/Device/AudioClassDevice.o
 .debug_ranges  0x00000810       0x88 ../../lufa-LUFA-140302/LUFA/Drivers/USB/Class/Device/CDCClassDevice.o
 .debug_ranges  0x00000898       0x20 ../../lufa-LUFA-140302/LUFA/Drivers/USB/Class/Device/HIDClassDevice.o
 .debug_ranges  0x000008b8       0x38 ../../lufa-LUFA-140302/LUFA/Drivers/USB/Class/Device/MassStorageClassDevice.o
 .debug_ranges  0x000008f0       0x30 ../../lufa-LUFA-140302/LUFA/Drivers/USB/Class/Device/MIDIClassDevice.o
 .debug_ranges  0x00000920       0x80 ../../lufa-LUFA-140302/LUFA/Drivers/USB/Class/Device/PrinterClassDevice.o
 .debug_ranges  0x000009a0       0xa0 ../../lufa-LUFA-140302/LUFA/Drivers/USB/Class/Device/RNDISClassDevice.o

Cross Reference Table

Symbol                                            File
Audio_Device_ConfigureEndpoints                   ../../lufa-LUFA-140302/LUFA/Drivers/USB/Class/Device/AudioClassDevice.o
Audio_Device_Event_Stub                           ../../lufa-LUFA-140302/LUFA/Drivers/USB/Class/Device/AudioClassDevice.o
Audio_Device_ProcessControlRequest                ../../lufa-LUFA-140302/LUFA/Drivers/USB/Class/Device/AudioClassDevice.o
CALLBACK_Audio_Device_GetSetEndpointProperty      ../../lufa-LUFA-140302/LUFA/Drivers/USB/Class/Device/AudioClassDevice.o
CALLBACK_Audio_Device_GetSetInterfaceProperty     ../../lufa-LUFA-140302/LUFA/Drivers/USB/Class/Device/AudioClassDevice.o
CALLBACK_HIDParser_FilterHIDReportItem            ../../lufa-LUFA-140302/LUFA/Drivers/USB/Class/Common/HIDParser.o
CALLBACK_HID_Device_CreateHIDReport               Lib/HID.o
                                                  ../../lufa-LUFA-140302/LUFA/Drivers/USB/Class/Device/HIDClassDevice.o
CALLBACK_HID_Device_ProcessHIDReport              Lib/HID.o
                                                  ../../lufa-LUFA-140302/LUFA/Drivers/USB/Class/Device/HIDClassDevice.o
CALLBACK_MS_Device_SCSICommandReceived            ../../lufa-LUFA-140302/LUFA/Drivers/USB/Class/Device/MassStorageClassDevice.o
CALLBACK_USB_GetDescriptor                        Descriptors.o
                                                  ../../lufa-LUFA-140302/LUFA/Drivers/USB/Core/DeviceStandardReq.o
CDC_Device_BytesReceived                          ../../lufa-LUFA-140302/LUFA/Drivers/USB/Class/Device/CDCClassDevice.o
CDC_Device_ConfigureEndpoints                     ../../lufa-LUFA-140302/LUFA/Drivers/USB/Class/Device/CDCClassDevice.o
                                                  Hoodloader.o
CDC_Device_CreateBlockingStream                   ../../lufa-LUFA-140302/LUFA/Drivers/USB/Class/Device/CDCClassDevice.o
CDC_Device_CreateStream                           ../../lufa-LUFA-140302/LUFA/Drivers/USB/Class/Device/CDCClassDevice.o
CDC_Device_Event_Stub                             ../../lufa-LUFA-140302/LUFA/Drivers/USB/Class/Device/CDCClassDevice.o
CDC_Device_Flush                                  ../../lufa-LUFA-140302/LUFA/Drivers/USB/Class/Device/CDCClassDevice.o
CDC_Device_ProcessControlRequest                  ../../lufa-LUFA-140302/LUFA/Drivers/USB/Class/Device/CDCClassDevice.o
                                                  Hoodloader.o
CDC_Device_ReceiveByte                            ../../lufa-LUFA-140302/LUFA/Drivers/USB/Class/Device/CDCClassDevice.o
                                                  Lib/ISP.o
                                                  Hoodloader.o
CDC_Device_SendByte                               ../../lufa-LUFA-140302/LUFA/Drivers/USB/Class/Device/CDCClassDevice.o
                                                  Lib/ISP.o
                                                  Hoodloader.o
CDC_Device_SendControlLineStateChange             ../../lufa-LUFA-140302/LUFA/Drivers/USB/Class/Device/CDCClassDevice.o
CDC_Device_SendData                               ../../lufa-LUFA-140302/LUFA/Drivers/USB/Class/Device/CDCClassDevice.o
CDC_Device_SendString                             ../../lufa-LUFA-140302/LUFA/Drivers/USB/Class/Device/CDCClassDevice.o
CDC_Device_USBTask                                ../../lufa-LUFA-140302/LUFA/Drivers/USB/Class/Device/CDCClassDevice.o
                                                  Lib/ISP.o
                                                  Hoodloader.o
ConfigurationDescriptor                           Descriptors.o
DeviceDescriptor                                  Descriptors.o
Device_HID_Interface                              Lib/HID.o
                                                  Hoodloader.o
EVENT_Audio_Device_StreamStartStop                ../../lufa-LUFA-140302/LUFA/Drivers/USB/Class/Device/AudioClassDevice.o
EVENT_CDC_Device_BreakSent                        ../../lufa-LUFA-140302/LUFA/Drivers/USB/Class/Device/CDCClassDevice.o
EVENT_CDC_Device_ControLineStateChanged           Lib/CDC.o
EVENT_CDC_Device_LineEncodingChanged              Lib/CDC.o
                                                  Hoodloader.o
EVENT_PRNT_Device_SoftReset                       ../../lufa-LUFA-140302/LUFA/Drivers/USB/Class/Device/PrinterClassDevice.o
EVENT_USB_Device_ConfigurationChanged             Hoodloader.o
                                                  ../../lufa-LUFA-140302/LUFA/Drivers/USB/Core/DeviceStandardReq.o
EVENT_USB_Device_Connect                          Hoodloader.o
                                                  ../../lufa-LUFA-140302/LUFA/Drivers/USB/Core/AVR8/USBInterrupt_AVR8.o
EVENT_USB_Device_ControlRequest                   Hoodloader.o
                                                  ../../lufa-LUFA-140302/LUFA/Drivers/USB/Core/DeviceStandardReq.o
EVENT_USB_Device_Disconnect                       Hoodloader.o
                                                  ../../lufa-LUFA-140302/LUFA/Drivers/USB/Core/AVR8/USBInterrupt_AVR8.o
EVENT_USB_Device_Reset                            ../../lufa-LUFA-140302/LUFA/Drivers/USB/Core/Events.o
                                                  ../../lufa-LUFA-140302/LUFA/Drivers/USB/Core/AVR8/USBInterrupt_AVR8.o
EVENT_USB_Device_StartOfFrame                     Hoodloader.o
                                                  ../../lufa-LUFA-140302/LUFA/Drivers/USB/Core/AVR8/USBInterrupt_AVR8.o
EVENT_USB_Device_Suspend                          ../../lufa-LUFA-140302/LUFA/Drivers/USB/Core/Events.o
EVENT_USB_Device_WakeUp                           ../../lufa-LUFA-140302/LUFA/Drivers/USB/Core/Events.o
Endpoint_ClearEndpoints                           ../../lufa-LUFA-140302/LUFA/Drivers/USB/Core/AVR8/Endpoint_AVR8.o
Endpoint_ClearStatusStage                         ../../lufa-LUFA-140302/LUFA/Drivers/USB/Core/AVR8/Endpoint_AVR8.o
                                                  ../../lufa-LUFA-140302/LUFA/Drivers/USB/Class/Device/PrinterClassDevice.o
                                                  ../../lufa-LUFA-140302/LUFA/Drivers/USB/Class/Device/MassStorageClassDevice.o
                                                  ../../lufa-LUFA-140302/LUFA/Drivers/USB/Class/Device/HIDClassDevice.o
                                                  ../../lufa-LUFA-140302/LUFA/Drivers/USB/Class/Device/CDCClassDevice.o
                                                  ../../lufa-LUFA-140302/LUFA/Drivers/USB/Class/Device/AudioClassDevice.o
                                                  ../../lufa-LUFA-140302/LUFA/Drivers/USB/Core/DeviceStandardReq.o
Endpoint_ConfigureEndpointTable                   ../../lufa-LUFA-140302/LUFA/Drivers/USB/Core/AVR8/Endpoint_AVR8.o
                                                  ../../lufa-LUFA-140302/LUFA/Drivers/USB/Class/Device/RNDISClassDevice.o
                                                  ../../lufa-LUFA-140302/LUFA/Drivers/USB/Class/Device/PrinterClassDevice.o
                                                  ../../lufa-LUFA-140302/LUFA/Drivers/USB/Class/Device/MIDIClassDevice.o
                                                  ../../lufa-LUFA-140302/LUFA/Drivers/USB/Class/Device/MassStorageClassDevice.o
                                                  ../../lufa-LUFA-140302/LUFA/Drivers/USB/Class/Device/HIDClassDevice.o
                                                  ../../lufa-LUFA-140302/LUFA/Drivers/USB/Class/Device/CDCClassDevice.o
                                                  ../../lufa-LUFA-140302/LUFA/Drivers/USB/Class/Device/AudioClassDevice.o
Endpoint_ConfigureEndpoint_Prv                    ../../lufa-LUFA-140302/LUFA/Drivers/USB/Core/AVR8/Endpoint_AVR8.o
                                                  ../../lufa-LUFA-140302/LUFA/Drivers/USB/Core/AVR8/USBInterrupt_AVR8.o
                                                  ../../lufa-LUFA-140302/LUFA/Drivers/USB/Core/AVR8/USBController_AVR8.o
Endpoint_Discard_Stream                           ../../lufa-LUFA-140302/LUFA/Drivers/USB/Core/AVR8/EndpointStream_AVR8.o
Endpoint_Null_Stream                              ../../lufa-LUFA-140302/LUFA/Drivers/USB/Core/AVR8/EndpointStream_AVR8.o
Endpoint_Read_Control_EStream_BE                  ../../lufa-LUFA-140302/LUFA/Drivers/USB/Core/AVR8/EndpointStream_AVR8.o
Endpoint_Read_Control_EStream_LE                  ../../lufa-LUFA-140302/LUFA/Drivers/USB/Core/AVR8/EndpointStream_AVR8.o
Endpoint_Read_Control_Stream_BE                   ../../lufa-LUFA-140302/LUFA/Drivers/USB/Core/AVR8/EndpointStream_AVR8.o
Endpoint_Read_Control_Stream_LE                   ../../lufa-LUFA-140302/LUFA/Drivers/USB/Core/AVR8/EndpointStream_AVR8.o
                                                  ../../lufa-LUFA-140302/LUFA/Drivers/USB/Class/Device/RNDISClassDevice.o
                                                  ../../lufa-LUFA-140302/LUFA/Drivers/USB/Class/Device/HIDClassDevice.o
                                                  ../../lufa-LUFA-140302/LUFA/Drivers/USB/Class/Device/AudioClassDevice.o
Endpoint_Read_EStream_BE                          ../../lufa-LUFA-140302/LUFA/Drivers/USB/Core/AVR8/EndpointStream_AVR8.o
Endpoint_Read_EStream_LE                          ../../lufa-LUFA-140302/LUFA/Drivers/USB/Core/AVR8/EndpointStream_AVR8.o
Endpoint_Read_Stream_BE                           ../../lufa-LUFA-140302/LUFA/Drivers/USB/Core/AVR8/EndpointStream_AVR8.o
Endpoint_Read_Stream_LE                           ../../lufa-LUFA-140302/LUFA/Drivers/USB/Core/AVR8/EndpointStream_AVR8.o
                                                  ../../lufa-LUFA-140302/LUFA/Drivers/USB/Class/Device/RNDISClassDevice.o
                                                  ../../lufa-LUFA-140302/LUFA/Drivers/USB/Class/Device/MIDIClassDevice.o
                                                  ../../lufa-LUFA-140302/LUFA/Drivers/USB/Class/Device/MassStorageClassDevice.o
Endpoint_WaitUntilReady                           ../../lufa-LUFA-140302/LUFA/Drivers/USB/Core/AVR8/Endpoint_AVR8.o
                                                  ../../lufa-LUFA-140302/LUFA/Drivers/USB/Class/Device/RNDISClassDevice.o
                                                  ../../lufa-LUFA-140302/LUFA/Drivers/USB/Class/Device/PrinterClassDevice.o
                                                  ../../lufa-LUFA-140302/LUFA/Drivers/USB/Class/Device/MIDIClassDevice.o
                                                  ../../lufa-LUFA-140302/LUFA/Drivers/USB/Class/Device/CDCClassDevice.o
                                                  ../../lufa-LUFA-140302/LUFA/Drivers/USB/Core/AVR8/EndpointStream_AVR8.o
Endpoint_Write_Control_EStream_BE                 ../../lufa-LUFA-140302/LUFA/Drivers/USB/Core/AVR8/EndpointStream_AVR8.o
Endpoint_Write_Control_EStream_LE                 ../../lufa-LUFA-140302/LUFA/Drivers/USB/Core/AVR8/EndpointStream_AVR8.o
Endpoint_Write_Control_PStream_BE                 ../../lufa-LUFA-140302/LUFA/Drivers/USB/Core/AVR8/EndpointStream_AVR8.o
Endpoint_Write_Control_PStream_LE                 ../../lufa-LUFA-140302/LUFA/Drivers/USB/Core/AVR8/EndpointStream_AVR8.o
                                                  ../../lufa-LUFA-140302/LUFA/Drivers/USB/Core/DeviceStandardReq.o
Endpoint_Write_Control_Stream_BE                  ../../lufa-LUFA-140302/LUFA/Drivers/USB/Core/AVR8/EndpointStream_AVR8.o
Endpoint_Write_Control_Stream_LE                  ../../lufa-LUFA-140302/LUFA/Drivers/USB/Core/AVR8/EndpointStream_AVR8.o
                                                  ../../lufa-LUFA-140302/LUFA/Drivers/USB/Class/Device/RNDISClassDevice.o
                                                  ../../lufa-LUFA-140302/LUFA/Drivers/USB/Class/Device/PrinterClassDevice.o
                                                  ../../lufa-LUFA-140302/LUFA/Drivers/USB/Class/Device/HIDClassDevice.o
                                                  ../../lufa-LUFA-140302/LUFA/Drivers/USB/Class/Device/AudioClassDevice.o
                                                  ../../lufa-LUFA-140302/LUFA/Drivers/USB/Core/DeviceStandardReq.o
Endpoint_Write_EStream_BE                         ../../lufa-LUFA-140302/LUFA/Drivers/USB/Core/AVR8/EndpointStream_AVR8.o
Endpoint_Write_EStream_LE                         ../../lufa-LUFA-140302/LUFA/Drivers/USB/Core/AVR8/EndpointStream_AVR8.o
Endpoint_Write_PStream_BE                         ../../lufa-LUFA-140302/LUFA/Drivers/USB/Core/AVR8/EndpointStream_AVR8.o
Endpoint_Write_PStream_LE                         ../../lufa-LUFA-140302/LUFA/Drivers/USB/Core/AVR8/EndpointStream_AVR8.o
Endpoint_Write_Stream_BE                          ../../lufa-LUFA-140302/LUFA/Drivers/USB/Core/AVR8/EndpointStream_AVR8.o
Endpoint_Write_Stream_LE                          ../../lufa-LUFA-140302/LUFA/Drivers/USB/Core/AVR8/EndpointStream_AVR8.o
                                                  ../../lufa-LUFA-140302/LUFA/Drivers/USB/Class/Device/RNDISClassDevice.o
                                                  ../../lufa-LUFA-140302/LUFA/Drivers/USB/Class/Device/PrinterClassDevice.o
                                                  ../../lufa-LUFA-140302/LUFA/Drivers/USB/Class/Device/MIDIClassDevice.o
                                                  ../../lufa-LUFA-140302/LUFA/Drivers/USB/Class/Device/MassStorageClassDevice.o
                                                  ../../lufa-LUFA-140302/LUFA/Drivers/USB/Class/Device/HIDClassDevice.o
                                                  ../../lufa-LUFA-140302/LUFA/Drivers/USB/Class/Device/CDCClassDevice.o
HIDReport                                         Descriptors.o
HID_Device_ConfigureEndpoints                     ../../lufa-LUFA-140302/LUFA/Drivers/USB/Class/Device/HIDClassDevice.o
                                                  Hoodloader.o
HID_Device_ProcessControlRequest                  ../../lufa-LUFA-140302/LUFA/Drivers/USB/Class/Device/HIDClassDevice.o
                                                  Hoodloader.o
HID_Device_USBTask                                ../../lufa-LUFA-140302/LUFA/Drivers/USB/Class/Device/HIDClassDevice.o
                                                  Lib/HID.o
                                                  Hoodloader.o
LanguageString                                    Descriptors.o
MIDI_Device_ConfigureEndpoints                    ../../lufa-LUFA-140302/LUFA/Drivers/USB/Class/Device/MIDIClassDevice.o
MIDI_Device_Flush                                 ../../lufa-LUFA-140302/LUFA/Drivers/USB/Class/Device/MIDIClassDevice.o
MIDI_Device_ReceiveEventPacket                    ../../lufa-LUFA-140302/LUFA/Drivers/USB/Class/Device/MIDIClassDevice.o
MIDI_Device_SendEventPacket                       ../../lufa-LUFA-140302/LUFA/Drivers/USB/Class/Device/MIDIClassDevice.o
MIDI_Device_USBTask                               ../../lufa-LUFA-140302/LUFA/Drivers/USB/Class/Device/MIDIClassDevice.o
MS_Device_ConfigureEndpoints                      ../../lufa-LUFA-140302/LUFA/Drivers/USB/Class/Device/MassStorageClassDevice.o
MS_Device_ProcessControlRequest                   ../../lufa-LUFA-140302/LUFA/Drivers/USB/Class/Device/MassStorageClassDevice.o
MS_Device_USBTask                                 ../../lufa-LUFA-140302/LUFA/Drivers/USB/Class/Device/MassStorageClassDevice.o
ManufacturerString                                Descriptors.o
NHPread                                           Lib/NHP.o
NHPreadChecksum                                   Lib/NHP.o
                                                  Lib/HID.o
NHPreset                                          Lib/NHP.o
                                                  Lib/ISP.o
                                                  Hoodloader.o
NHPwrite                                          Lib/NHP.o
NHPwriteChecksum                                  Lib/NHP.o
                                                  Lib/HID.o
PRNT_Device_BytesReceived                         ../../lufa-LUFA-140302/LUFA/Drivers/USB/Class/Device/PrinterClassDevice.o
PRNT_Device_ConfigureEndpoints                    ../../lufa-LUFA-140302/LUFA/Drivers/USB/Class/Device/PrinterClassDevice.o
PRNT_Device_CreateBlockingStream                  ../../lufa-LUFA-140302/LUFA/Drivers/USB/Class/Device/PrinterClassDevice.o
PRNT_Device_CreateStream                          ../../lufa-LUFA-140302/LUFA/Drivers/USB/Class/Device/PrinterClassDevice.o
PRNT_Device_Event_Stub                            ../../lufa-LUFA-140302/LUFA/Drivers/USB/Class/Device/PrinterClassDevice.o
PRNT_Device_Flush                                 ../../lufa-LUFA-140302/LUFA/Drivers/USB/Class/Device/PrinterClassDevice.o
PRNT_Device_ProcessControlRequest                 ../../lufa-LUFA-140302/LUFA/Drivers/USB/Class/Device/PrinterClassDevice.o
PRNT_Device_ReceiveByte                           ../../lufa-LUFA-140302/LUFA/Drivers/USB/Class/Device/PrinterClassDevice.o
PRNT_Device_SendByte                              ../../lufa-LUFA-140302/LUFA/Drivers/USB/Class/Device/PrinterClassDevice.o
PRNT_Device_SendData                              ../../lufa-LUFA-140302/LUFA/Drivers/USB/Class/Device/PrinterClassDevice.o
PRNT_Device_SendString                            ../../lufa-LUFA-140302/LUFA/Drivers/USB/Class/Device/PrinterClassDevice.o
PRNT_Device_USBTask                               ../../lufa-LUFA-140302/LUFA/Drivers/USB/Class/Device/PrinterClassDevice.o
ProductString                                     Descriptors.o
RNDIS_Device_ConfigureEndpoints                   ../../lufa-LUFA-140302/LUFA/Drivers/USB/Class/Device/RNDISClassDevice.o
RNDIS_Device_IsPacketReceived                     ../../lufa-LUFA-140302/LUFA/Drivers/USB/Class/Device/RNDISClassDevice.o
RNDIS_Device_ProcessControlRequest                ../../lufa-LUFA-140302/LUFA/Drivers/USB/Class/Device/RNDISClassDevice.o
RNDIS_Device_ReadPacket                           ../../lufa-LUFA-140302/LUFA/Drivers/USB/Class/Device/RNDISClassDevice.o
RNDIS_Device_SendPacket                           ../../lufa-LUFA-140302/LUFA/Drivers/USB/Class/Device/RNDISClassDevice.o
RNDIS_Device_USBTask                              ../../lufa-LUFA-140302/LUFA/Drivers/USB/Class/Device/RNDISClassDevice.o
Serial_CreateBlockingStream                       ../../lufa-LUFA-140302/LUFA/Drivers/Peripheral/AVR8/Serial_AVR8.o
Serial_CreateStream                               ../../lufa-LUFA-140302/LUFA/Drivers/Peripheral/AVR8/Serial_AVR8.o
Serial_SendData                                   ../../lufa-LUFA-140302/LUFA/Drivers/Peripheral/AVR8/Serial_AVR8.o
Serial_SendString                                 ../../lufa-LUFA-140302/LUFA/Drivers/Peripheral/AVR8/Serial_AVR8.o
Serial_SendString_P                               ../../lufa-LUFA-140302/LUFA/Drivers/Peripheral/AVR8/Serial_AVR8.o
Serial_getchar                                    ../../lufa-LUFA-140302/LUFA/Drivers/Peripheral/AVR8/Serial_AVR8.o
Serial_getchar_Blocking                           ../../lufa-LUFA-140302/LUFA/Drivers/Peripheral/AVR8/Serial_AVR8.o
Serial_putchar                                    ../../lufa-LUFA-140302/LUFA/Drivers/Peripheral/AVR8/Serial_AVR8.o
SetupHardware                                     Hoodloader.o
USARTSerialStream                                 ../../lufa-LUFA-140302/LUFA/Drivers/Peripheral/AVR8/Serial_AVR8.o
USB_ControlRequest                                ../../lufa-LUFA-140302/LUFA/Drivers/USB/Class/Device/RNDISClassDevice.o
                                                  ../../lufa-LUFA-140302/LUFA/Drivers/USB/Class/Device/PrinterClassDevice.o
                                                  ../../lufa-LUFA-140302/LUFA/Drivers/USB/Class/Device/MassStorageClassDevice.o
                                                  ../../lufa-LUFA-140302/LUFA/Drivers/USB/Class/Device/HIDClassDevice.o
                                                  ../../lufa-LUFA-140302/LUFA/Drivers/USB/Class/Device/CDCClassDevice.o
                                                  ../../lufa-LUFA-140302/LUFA/Drivers/USB/Class/Device/AudioClassDevice.o
                                                  ../../lufa-LUFA-140302/LUFA/Drivers/USB/Core/USBTask.o
                                                  ../../lufa-LUFA-140302/LUFA/Drivers/USB/Core/DeviceStandardReq.o
                                                  ../../lufa-LUFA-140302/LUFA/Drivers/USB/Core/AVR8/Endpoint_AVR8.o
                                                  ../../lufa-LUFA-140302/LUFA/Drivers/USB/Core/AVR8/EndpointStream_AVR8.o
USB_DeviceState                                   ../../lufa-LUFA-140302/LUFA/Drivers/USB/Class/Device/RNDISClassDevice.o
                                                  ../../lufa-LUFA-140302/LUFA/Drivers/USB/Class/Device/PrinterClassDevice.o
                                                  ../../lufa-LUFA-140302/LUFA/Drivers/USB/Class/Device/MIDIClassDevice.o
                                                  ../../lufa-LUFA-140302/LUFA/Drivers/USB/Class/Device/MassStorageClassDevice.o
                                                  ../../lufa-LUFA-140302/LUFA/Drivers/USB/Class/Device/HIDClassDevice.o
                                                  ../../lufa-LUFA-140302/LUFA/Drivers/USB/Class/Device/CDCClassDevice.o
                                                  ../../lufa-LUFA-140302/LUFA/Drivers/USB/Core/USBTask.o
                                                  ../../lufa-LUFA-140302/LUFA/Drivers/USB/Core/DeviceStandardReq.o
                                                  ../../lufa-LUFA-140302/LUFA/Drivers/USB/Core/AVR8/USBInterrupt_AVR8.o
                                                  ../../lufa-LUFA-140302/LUFA/Drivers/USB/Core/AVR8/USBController_AVR8.o
                                                  ../../lufa-LUFA-140302/LUFA/Drivers/USB/Core/AVR8/Endpoint_AVR8.o
                                                  ../../lufa-LUFA-140302/LUFA/Drivers/USB/Core/AVR8/EndpointStream_AVR8.o
                                                  Hoodloader.o
USB_Device_ConfigurationNumber                    ../../lufa-LUFA-140302/LUFA/Drivers/USB/Core/DeviceStandardReq.o
                                                  ../../lufa-LUFA-140302/LUFA/Drivers/USB/Core/AVR8/USBInterrupt_AVR8.o
                                                  ../../lufa-LUFA-140302/LUFA/Drivers/USB/Core/AVR8/USBController_AVR8.o
USB_Device_CurrentlySelfPowered                   ../../lufa-LUFA-140302/LUFA/Drivers/USB/Core/DeviceStandardReq.o
                                                  ../../lufa-LUFA-140302/LUFA/Drivers/USB/Core/AVR8/USBController_AVR8.o
USB_Device_ProcessControlRequest                  ../../lufa-LUFA-140302/LUFA/Drivers/USB/Core/DeviceStandardReq.o
                                                  ../../lufa-LUFA-140302/LUFA/Drivers/USB/Core/USBTask.o
                                                  ../../lufa-LUFA-140302/LUFA/Drivers/USB/Core/AVR8/USBInterrupt_AVR8.o
USB_Device_RemoteWakeupEnabled                    ../../lufa-LUFA-140302/LUFA/Drivers/USB/Core/DeviceStandardReq.o
                                                  ../../lufa-LUFA-140302/LUFA/Drivers/USB/Core/AVR8/USBController_AVR8.o
USB_Device_SendRemoteWakeup                       ../../lufa-LUFA-140302/LUFA/Drivers/USB/Core/AVR8/Device_AVR8.o
USB_Disable                                       ../../lufa-LUFA-140302/LUFA/Drivers/USB/Core/AVR8/USBController_AVR8.o
USB_Event_Stub                                    ../../lufa-LUFA-140302/LUFA/Drivers/USB/Core/Events.o
USB_GetHIDReportItemInfo                          ../../lufa-LUFA-140302/LUFA/Drivers/USB/Class/Common/HIDParser.o
USB_GetHIDReportSize                              ../../lufa-LUFA-140302/LUFA/Drivers/USB/Class/Common/HIDParser.o
USB_GetNextDescriptorComp                         ../../lufa-LUFA-140302/LUFA/Drivers/USB/Core/ConfigDescriptors.o
USB_GetNextDescriptorOfType                       ../../lufa-LUFA-140302/LUFA/Drivers/USB/Core/ConfigDescriptors.o
USB_GetNextDescriptorOfTypeAfter                  ../../lufa-LUFA-140302/LUFA/Drivers/USB/Core/ConfigDescriptors.o
USB_GetNextDescriptorOfTypeBefore                 ../../lufa-LUFA-140302/LUFA/Drivers/USB/Core/ConfigDescriptors.o
USB_INT_ClearAllInterrupts                        ../../lufa-LUFA-140302/LUFA/Drivers/USB/Core/AVR8/USBInterrupt_AVR8.o
                                                  ../../lufa-LUFA-140302/LUFA/Drivers/USB/Core/AVR8/USBController_AVR8.o
USB_INT_DisableAllInterrupts                      ../../lufa-LUFA-140302/LUFA/Drivers/USB/Core/AVR8/USBInterrupt_AVR8.o
                                                  ../../lufa-LUFA-140302/LUFA/Drivers/USB/Core/AVR8/USBController_AVR8.o
USB_Init                                          ../../lufa-LUFA-140302/LUFA/Drivers/USB/Core/AVR8/USBController_AVR8.o
                                                  Hoodloader.o
USB_IsInitialized                                 ../../lufa-LUFA-140302/LUFA/Drivers/USB/Core/USBTask.o
                                                  ../../lufa-LUFA-140302/LUFA/Drivers/USB/Core/AVR8/USBController_AVR8.o
USB_ProcessHIDReport                              ../../lufa-LUFA-140302/LUFA/Drivers/USB/Class/Common/HIDParser.o
USB_ResetInterface                                ../../lufa-LUFA-140302/LUFA/Drivers/USB/Core/AVR8/USBController_AVR8.o
USB_SetHIDReportItemInfo                          ../../lufa-LUFA-140302/LUFA/Drivers/USB/Class/Common/HIDParser.o
USB_USBTask                                       ../../lufa-LUFA-140302/LUFA/Drivers/USB/Core/USBTask.o
                                                  ../../lufa-LUFA-140302/LUFA/Drivers/USB/Class/Device/PrinterClassDevice.o
                                                  ../../lufa-LUFA-140302/LUFA/Drivers/USB/Class/Device/CDCClassDevice.o
                                                  Lib/ISP.o
                                                  Hoodloader.o
VirtualSerial_CDC_Interface                       Lib/CDC.o
                                                  Lib/ISP.o
                                                  Hoodloader.o
__bad_interrupt                                   /usr/lib/gcc/avr/4.7.2/../../../avr/lib/avr35/crtm16u2.o
__bss_end                                         /usr/lib/gcc/avr/4.7.2/avr35/libgcc.a(_clear_bss.o)
__bss_start                                       /usr/lib/gcc/avr/4.7.2/avr35/libgcc.a(_clear_bss.o)
__data_end                                        /usr/lib/gcc/avr/4.7.2/avr35/libgcc.a(_copy_data.o)
__data_load_start                                 /usr/lib/gcc/avr/4.7.2/avr35/libgcc.a(_copy_data.o)
__data_start                                      /usr/lib/gcc/avr/4.7.2/avr35/libgcc.a(_copy_data.o)
__do_clear_bss                                    /usr/lib/gcc/avr/4.7.2/avr35/libgcc.a(_clear_bss.o)
                                                  /usr/lib/gcc/avr/4.7.2/../../../avr/lib/avr35/libc.a(iob.o)
                                                  ../../lufa-LUFA-140302/LUFA/Drivers/USB/Core/USBTask.o
                                                  ../../lufa-LUFA-140302/LUFA/Drivers/USB/Core/DeviceStandardReq.o
                                                  ../../lufa-LUFA-140302/LUFA/Drivers/Peripheral/AVR8/Serial_AVR8.o
                                                  Lib/Ram.o
__do_copy_data                                    /usr/lib/gcc/avr/4.7.2/avr35/libgcc.a(_copy_data.o)
                                                  ../../lufa-LUFA-140302/LUFA/Drivers/USB/Class/Device/RNDISClassDevice.o
                                                  ../../lufa-LUFA-140302/LUFA/Drivers/USB/Class/Device/CDCClassDevice.o
                                                  Lib/CDC.o
                                                  Lib/HID.o
__eerd_byte_m16u2                                 /usr/lib/gcc/avr/4.7.2/../../../avr/lib/avr35/libc.a(eerd_byte_atmega16u2.o)
                                                  ../../lufa-LUFA-140302/LUFA/Drivers/USB/Core/AVR8/EndpointStream_AVR8.o
__eeupd_byte_m16u2                                /usr/lib/gcc/avr/4.7.2/../../../avr/lib/avr35/libc.a(eeupd_byte_atmega16u2.o)
                                                  ../../lufa-LUFA-140302/LUFA/Drivers/USB/Core/AVR8/EndpointStream_AVR8.o
__eeupd_r18_m16u2                                 /usr/lib/gcc/avr/4.7.2/../../../avr/lib/avr35/libc.a(eeupd_byte_atmega16u2.o)
__heap_end                                        /usr/lib/gcc/avr/4.7.2/../../../avr/lib/avr35/crtm16u2.o
__init                                            /usr/lib/gcc/avr/4.7.2/../../../avr/lib/avr35/crtm16u2.o
__iob                                             /usr/lib/gcc/avr/4.7.2/../../../avr/lib/avr35/libc.a(iob.o)
                                                  ../../lufa-LUFA-140302/LUFA/Drivers/Peripheral/AVR8/Serial_AVR8.o
__mulhi3                                          /usr/lib/gcc/avr/4.7.2/avr35/libgcc.a(_mulhi3.o)
                                                  ../../lufa-LUFA-140302/LUFA/Drivers/USB/Class/Common/HIDParser.o
__stack                                           /usr/lib/gcc/avr/4.7.2/../../../avr/lib/avr35/crtm16u2.o
__udivmodsi4                                      /usr/lib/gcc/avr/4.7.2/avr35/libgcc.a(_udivmodsi4.o)
                                                  Lib/CDC.o
__vector_1                                        /usr/lib/gcc/avr/4.7.2/../../../avr/lib/avr35/crtm16u2.o
__vector_10                                       /usr/lib/gcc/avr/4.7.2/../../../avr/lib/avr35/crtm16u2.o
__vector_11                                       ../../lufa-LUFA-140302/LUFA/Drivers/USB/Core/AVR8/USBInterrupt_AVR8.o
                                                  /usr/lib/gcc/avr/4.7.2/../../../avr/lib/avr35/crtm16u2.o
__vector_12                                       ../../lufa-LUFA-140302/LUFA/Drivers/USB/Core/AVR8/USBInterrupt_AVR8.o
                                                  /usr/lib/gcc/avr/4.7.2/../../../avr/lib/avr35/crtm16u2.o
__vector_13                                       /usr/lib/gcc/avr/4.7.2/../../../avr/lib/avr35/crtm16u2.o
__vector_14                                       /usr/lib/gcc/avr/4.7.2/../../../avr/lib/avr35/crtm16u2.o
__vector_15                                       /usr/lib/gcc/avr/4.7.2/../../../avr/lib/avr35/crtm16u2.o
__vector_16                                       /usr/lib/gcc/avr/4.7.2/../../../avr/lib/avr35/crtm16u2.o
__vector_17                                       /usr/lib/gcc/avr/4.7.2/../../../avr/lib/avr35/crtm16u2.o
__vector_18                                       /usr/lib/gcc/avr/4.7.2/../../../avr/lib/avr35/crtm16u2.o
__vector_19                                       /usr/lib/gcc/avr/4.7.2/../../../avr/lib/avr35/crtm16u2.o
__vector_2                                        /usr/lib/gcc/avr/4.7.2/../../../avr/lib/avr35/crtm16u2.o
__vector_20                                       /usr/lib/gcc/avr/4.7.2/../../../avr/lib/avr35/crtm16u2.o
__vector_21                                       /usr/lib/gcc/avr/4.7.2/../../../avr/lib/avr35/crtm16u2.o
__vector_22                                       /usr/lib/gcc/avr/4.7.2/../../../avr/lib/avr35/crtm16u2.o
__vector_23                                       Hoodloader.o
                                                  /usr/lib/gcc/avr/4.7.2/../../../avr/lib/avr35/crtm16u2.o
__vector_24                                       /usr/lib/gcc/avr/4.7.2/../../../avr/lib/avr35/crtm16u2.o
__vector_25                                       /usr/lib/gcc/avr/4.7.2/../../../avr/lib/avr35/crtm16u2.o
__vector_26                                       /usr/lib/gcc/avr/4.7.2/../../../avr/lib/avr35/crtm16u2.o
__vector_27                                       /usr/lib/gcc/avr/4.7.2/../../../avr/lib/avr35/crtm16u2.o
__vector_28                                       /usr/lib/gcc/avr/4.7.2/../../../avr/lib/avr35/crtm16u2.o
__vector_3                                        /usr/lib/gcc/avr/4.7.2/../../../avr/lib/avr35/crtm16u2.o
__vector_4                                        /usr/lib/gcc/avr/4.7.2/../../../avr/lib/avr35/crtm16u2.o
__vector_5                                        /usr/lib/gcc/avr/4.7.2/../../../avr/lib/avr35/crtm16u2.o
__vector_6                                        /usr/lib/gcc/avr/4.7.2/../../../avr/lib/avr35/crtm16u2.o
__vector_7                                        /usr/lib/gcc/avr/4.7.2/../../../avr/lib/avr35/crtm16u2.o
__vector_8                                        /usr/lib/gcc/avr/4.7.2/../../../avr/lib/avr35/crtm16u2.o
__vector_9                                        /usr/lib/gcc/avr/4.7.2/../../../avr/lib/avr35/crtm16u2.o
__vector_default                                  /usr/lib/gcc/avr/4.7.2/../../../avr/lib/avr35/crtm16u2.o
__vectors                                         /usr/lib/gcc/avr/4.7.2/../../../avr/lib/avr35/crtm16u2.o
_exit                                             /usr/lib/gcc/avr/4.7.2/avr35/libgcc.a(_exit.o)
accessData                                        Lib/ISP.o
avrisp                                            Lib/ISP.o
                                                  Hoodloader.o
avrispReset                                       Lib/ISP.o
breply                                            Lib/ISP.o
checkNHPControlAddressError                       Lib/HID.o
                                                  Hoodloader.o
checkNHPProtocol                                  Lib/HID.o
                                                  Hoodloader.o
clearHIDReport                                    Lib/HID.o
clearHIDReports                                   Lib/HID.o
                                                  Lib/CDC.o
                                                  Lib/ISP.o
commit                                            Lib/ISP.o
current_page                                      Lib/ISP.o
end_pmode                                         Lib/ISP.o
                                                  Lib/CDC.o
                                                  Hoodloader.o
exit                                              /usr/lib/gcc/avr/4.7.2/avr35/libgcc.a(_exit.o)
                                                  /usr/lib/gcc/avr/4.7.2/../../../avr/lib/avr35/crtm16u2.o
fill                                              Lib/ISP.o
flushHID                                          Lib/HID.o
getHIDReportLength                                Lib/HID.o
get_parameters                                    Lib/ISP.o
getch                                             Lib/ISP.o
main                                              Hoodloader.o
                                                  /usr/lib/gcc/avr/4.7.2/../../../avr/lib/avr35/crtm16u2.o
memcmp                                            /usr/lib/gcc/avr/4.7.2/../../../avr/lib/avr35/libc.a(memcmp.o)
                                                  ../../lufa-LUFA-140302/LUFA/Drivers/USB/Class/Device/HIDClassDevice.o
memcpy                                            /usr/lib/gcc/avr/4.7.2/../../../avr/lib/avr35/libc.a(memcpy.o)
                                                  ../../lufa-LUFA-140302/LUFA/Drivers/USB/Class/Device/RNDISClassDevice.o
                                                  ../../lufa-LUFA-140302/LUFA/Drivers/USB/Class/Device/HIDClassDevice.o
                                                  Lib/HID.o
memcpy_P                                          /usr/lib/gcc/avr/4.7.2/../../../avr/lib/avr35/libc.a(memcpy_P.o)
                                                  ../../lufa-LUFA-140302/LUFA/Drivers/USB/Class/Device/RNDISClassDevice.o
memset                                            /usr/lib/gcc/avr/4.7.2/../../../avr/lib/avr35/libc.a(memset.o)
                                                  ../../lufa-LUFA-140302/LUFA/Drivers/USB/Class/Device/HIDClassDevice.o
                                                  Lib/HID.o
program_page                                      Lib/ISP.o
ram                                               Lib/CDC.o
                                                  Lib/ISP.o
                                                  Lib/Ram.o
                                                  Lib/HID.o
                                                  Hoodloader.o
read_page                                         Lib/ISP.o
read_signature                                    Lib/ISP.o
replyOK                                           Lib/ISP.o
sendCDCbyte                                       Lib/ISP.o
set_parameters                                    Lib/ISP.o
spi_init                                          Lib/ISP.o
spi_send                                          Lib/ISP.o
spi_transaction                                   Lib/ISP.o
spi_wait                                          Lib/ISP.o
start_pmode                                       Lib/ISP.o
universal                                         Lib/ISP.o
write_eeprom                                      Lib/ISP.o
write_eeprom_chunk                                Lib/ISP.o
write_flash                                       Lib/ISP.o
write_flash_chunk                                 Lib/ISP.o